19:01:00 **** Clean-only build of configuration Debug for project stm32f411e_example ****
make clean 
rm -rf *
 
19:01:01 **** Build of configuration Debug for project stm32f411e_example ****
make all 
Building file: ../startup/startup_stm32f411xe.s
Invoking: MCU GCC Assembler
/home/garnet/Documents/DevelopmentResources/STM32Resources/stm32f411e_example/Debug
arm-none-eabi-as -mcpu=cortex-m4 -mthumb -mfloat-abi=hard -mfpu=fpv4-sp-d16 -g -o "startup/startup_stm32f411xe.o" "../startup/startup_stm32f411xe.s"
Finished building: ../startup/startup_stm32f411xe.s
 
Building file: ../Src/freertos.c
Invoking: MCU GCC Compiler
/home/garnet/Documents/DevelopmentResources/STM32Resources/stm32f411e_example/Debug
arm-none-eabi-gcc -mcpu=cortex-m4 -mthumb -mfloat-abi=hard -mfpu=fpv4-sp-d16 '-D__weak=__attribute__((weak))' '-D__packed="__attribute__((__packed__))"' -DUSE_HAL_DRIVER -DSTM32F411xE -I"/home/garnet/Documents/DevelopmentResources/STM32Resources/stm32f411e_example/Inc" -I"/home/garnet/Documents/DevelopmentResources/STM32Resources/stm32f411e_example/Drivers/STM32F4xx_HAL_Driver/Inc" -I"/home/garnet/Documents/DevelopmentResources/STM32Resources/stm32f411e_example/Drivers/STM32F4xx_HAL_Driver/Inc/Legacy" -I"/home/garnet/Documents/DevelopmentResources/STM32Resources/stm32f411e_example/Middlewares/Third_Party/FreeRTOS/Source/portable/GCC/ARM_CM4F" -I"/home/garnet/Documents/DevelopmentResources/STM32Resources/stm32f411e_example/Drivers/CMSIS/Device/ST/STM32F4xx/Include" -I"/home/garnet/Documents/DevelopmentResources/STM32Resources/stm32f411e_example/Middlewares/Third_Party/FreeRTOS/Source/include" -I"/home/garnet/Documents/DevelopmentResources/STM32Resources/stm32f411e_example/Middlewares/Third_Party/FreeRTOS/Source/CMSIS_RTOS" -I"/home/garnet/Documents/DevelopmentResources/STM32Resources/stm32f411e_example/Drivers/CMSIS/Include" -I"/home/garnet/Documents/DevelopmentResources/STM32Resources/stm32f411e_example/Inc"  -Og -g3 -Wall -fmessage-length=0 -ffunction-sections -c -fmessage-length=0 -MMD -MP -MF"Src/freertos.d" -MT"Src/freertos.o" -o "Src/freertos.o" "../Src/freertos.c"
Finished building: ../Src/freertos.c
 
Building file: ../Src/main.c
Invoking: MCU GCC Compiler
/home/garnet/Documents/DevelopmentResources/STM32Resources/stm32f411e_example/Debug
arm-none-eabi-gcc -mcpu=cortex-m4 -mthumb -mfloat-abi=hard -mfpu=fpv4-sp-d16 '-D__weak=__attribute__((weak))' '-D__packed="__attribute__((__packed__))"' -DUSE_HAL_DRIVER -DSTM32F411xE -I"/home/garnet/Documents/DevelopmentResources/STM32Resources/stm32f411e_example/Inc" -I"/home/garnet/Documents/DevelopmentResources/STM32Resources/stm32f411e_example/Drivers/STM32F4xx_HAL_Driver/Inc" -I"/home/garnet/Documents/DevelopmentResources/STM32Resources/stm32f411e_example/Drivers/STM32F4xx_HAL_Driver/Inc/Legacy" -I"/home/garnet/Documents/DevelopmentResources/STM32Resources/stm32f411e_example/Middlewares/Third_Party/FreeRTOS/Source/portable/GCC/ARM_CM4F" -I"/home/garnet/Documents/DevelopmentResources/STM32Resources/stm32f411e_example/Drivers/CMSIS/Device/ST/STM32F4xx/Include" -I"/home/garnet/Documents/DevelopmentResources/STM32Resources/stm32f411e_example/Middlewares/Third_Party/FreeRTOS/Source/include" -I"/home/garnet/Documents/DevelopmentResources/STM32Resources/stm32f411e_example/Middlewares/Third_Party/FreeRTOS/Source/CMSIS_RTOS" -I"/home/garnet/Documents/DevelopmentResources/STM32Resources/stm32f411e_example/Drivers/CMSIS/Include" -I"/home/garnet/Documents/DevelopmentResources/STM32Resources/stm32f411e_example/Inc"  -Og -g3 -Wall -fmessage-length=0 -ffunction-sections -c -fmessage-length=0 -MMD -MP -MF"Src/main.d" -MT"Src/main.o" -o "Src/main.o" "../Src/main.c"
../Src/main.c: In function 'blinkTheLightsTask':
../Src/main.c:374:14: warning: unused variable 'prevWakeTime' [-Wunused-variable]
     uint32_t prevWakeTime = osKernelSysTick();
              ^~~~~~~~~~~~
Finished building: ../Src/main.c
 
Building file: ../Src/stm32f4xx_hal_msp.c
Invoking: MCU GCC Compiler
/home/garnet/Documents/DevelopmentResources/STM32Resources/stm32f411e_example/Debug
arm-none-eabi-gcc -mcpu=cortex-m4 -mthumb -mfloat-abi=hard -mfpu=fpv4-sp-d16 '-D__weak=__attribute__((weak))' '-D__packed="__attribute__((__packed__))"' -DUSE_HAL_DRIVER -DSTM32F411xE -I"/home/garnet/Documents/DevelopmentResources/STM32Resources/stm32f411e_example/Inc" -I"/home/garnet/Documents/DevelopmentResources/STM32Resources/stm32f411e_example/Drivers/STM32F4xx_HAL_Driver/Inc" -I"/home/garnet/Documents/DevelopmentResources/STM32Resources/stm32f411e_example/Drivers/STM32F4xx_HAL_Driver/Inc/Legacy" -I"/home/garnet/Documents/DevelopmentResources/STM32Resources/stm32f411e_example/Middlewares/Third_Party/FreeRTOS/Source/portable/GCC/ARM_CM4F" -I"/home/garnet/Documents/DevelopmentResources/STM32Resources/stm32f411e_example/Drivers/CMSIS/Device/ST/STM32F4xx/Include" -I"/home/garnet/Documents/DevelopmentResources/STM32Resources/stm32f411e_example/Middlewares/Third_Party/FreeRTOS/Source/include" -I"/home/garnet/Documents/DevelopmentResources/STM32Resources/stm32f411e_example/Middlewares/Third_Party/FreeRTOS/Source/CMSIS_RTOS" -I"/home/garnet/Documents/DevelopmentResources/STM32Resources/stm32f411e_example/Drivers/CMSIS/Include" -I"/home/garnet/Documents/DevelopmentResources/STM32Resources/stm32f411e_example/Inc"  -Og -g3 -Wall -fmessage-length=0 -ffunction-sections -c -fmessage-length=0 -MMD -MP -MF"Src/stm32f4xx_hal_msp.d" -MT"Src/stm32f4xx_hal_msp.o" -o "Src/stm32f4xx_hal_msp.o" "../Src/stm32f4xx_hal_msp.c"
Finished building: ../Src/stm32f4xx_hal_msp.c
 
Building file: ../Src/stm32f4xx_hal_timebase_TIM.c
Invoking: MCU GCC Compiler
/home/garnet/Documents/DevelopmentResources/STM32Resources/stm32f411e_example/Debug
arm-none-eabi-gcc -mcpu=cortex-m4 -mthumb -mfloat-abi=hard -mfpu=fpv4-sp-d16 '-D__weak=__attribute__((weak))' '-D__packed="__attribute__((__packed__))"' -DUSE_HAL_DRIVER -DSTM32F411xE -I"/home/garnet/Documents/DevelopmentResources/STM32Resources/stm32f411e_example/Inc" -I"/home/garnet/Documents/DevelopmentResources/STM32Resources/stm32f411e_example/Drivers/STM32F4xx_HAL_Driver/Inc" -I"/home/garnet/Documents/DevelopmentResources/STM32Resources/stm32f411e_example/Drivers/STM32F4xx_HAL_Driver/Inc/Legacy" -I"/home/garnet/Documents/DevelopmentResources/STM32Resources/stm32f411e_example/Middlewares/Third_Party/FreeRTOS/Source/portable/GCC/ARM_CM4F" -I"/home/garnet/Documents/DevelopmentResources/STM32Resources/stm32f411e_example/Drivers/CMSIS/Device/ST/STM32F4xx/Include" -I"/home/garnet/Documents/DevelopmentResources/STM32Resources/stm32f411e_example/Middlewares/Third_Party/FreeRTOS/Source/include" -I"/home/garnet/Documents/DevelopmentResources/STM32Resources/stm32f411e_example/Middlewares/Third_Party/FreeRTOS/Source/CMSIS_RTOS" -I"/home/garnet/Documents/DevelopmentResources/STM32Resources/stm32f411e_example/Drivers/CMSIS/Include" -I"/home/garnet/Documents/DevelopmentResources/STM32Resources/stm32f411e_example/Inc"  -Og -g3 -Wall -fmessage-length=0 -ffunction-sections -c -fmessage-length=0 -MMD -MP -MF"Src/stm32f4xx_hal_timebase_TIM.d" -MT"Src/stm32f4xx_hal_timebase_TIM.o" -o "Src/stm32f4xx_hal_timebase_TIM.o" "../Src/stm32f4xx_hal_timebase_TIM.c"
Finished building: ../Src/stm32f4xx_hal_timebase_TIM.c
 
Building file: ../Src/stm32f4xx_it.c
Invoking: MCU GCC Compiler
/home/garnet/Documents/DevelopmentResources/STM32Resources/stm32f411e_example/Debug
arm-none-eabi-gcc -mcpu=cortex-m4 -mthumb -mfloat-abi=hard -mfpu=fpv4-sp-d16 '-D__weak=__attribute__((weak))' '-D__packed="__attribute__((__packed__))"' -DUSE_HAL_DRIVER -DSTM32F411xE -I"/home/garnet/Documents/DevelopmentResources/STM32Resources/stm32f411e_example/Inc" -I"/home/garnet/Documents/DevelopmentResources/STM32Resources/stm32f411e_example/Drivers/STM32F4xx_HAL_Driver/Inc" -I"/home/garnet/Documents/DevelopmentResources/STM32Resources/stm32f411e_example/Drivers/STM32F4xx_HAL_Driver/Inc/Legacy" -I"/home/garnet/Documents/DevelopmentResources/STM32Resources/stm32f411e_example/Middlewares/Third_Party/FreeRTOS/Source/portable/GCC/ARM_CM4F" -I"/home/garnet/Documents/DevelopmentResources/STM32Resources/stm32f411e_example/Drivers/CMSIS/Device/ST/STM32F4xx/Include" -I"/home/garnet/Documents/DevelopmentResources/STM32Resources/stm32f411e_example/Middlewares/Third_Party/FreeRTOS/Source/include" -I"/home/garnet/Documents/DevelopmentResources/STM32Resources/stm32f411e_example/Middlewares/Third_Party/FreeRTOS/Source/CMSIS_RTOS" -I"/home/garnet/Documents/DevelopmentResources/STM32Resources/stm32f411e_example/Drivers/CMSIS/Include" -I"/home/garnet/Documents/DevelopmentResources/STM32Resources/stm32f411e_example/Inc"  -Og -g3 -Wall -fmessage-length=0 -ffunction-sections -c -fmessage-length=0 -MMD -MP -MF"Src/stm32f4xx_it.d" -MT"Src/stm32f4xx_it.o" -o "Src/stm32f4xx_it.o" "../Src/stm32f4xx_it.c"
Finished building: ../Src/stm32f4xx_it.c
 
Building file: ../Src/system_stm32f4xx.c
Invoking: MCU GCC Compiler
/home/garnet/Documents/DevelopmentResources/STM32Resources/stm32f411e_example/Debug
arm-none-eabi-gcc -mcpu=cortex-m4 -mthumb -mfloat-abi=hard -mfpu=fpv4-sp-d16 '-D__weak=__attribute__((weak))' '-D__packed="__attribute__((__packed__))"' -DUSE_HAL_DRIVER -DSTM32F411xE -I"/home/garnet/Documents/DevelopmentResources/STM32Resources/stm32f411e_example/Inc" -I"/home/garnet/Documents/DevelopmentResources/STM32Resources/stm32f411e_example/Drivers/STM32F4xx_HAL_Driver/Inc" -I"/home/garnet/Documents/DevelopmentResources/STM32Resources/stm32f411e_example/Drivers/STM32F4xx_HAL_Driver/Inc/Legacy" -I"/home/garnet/Documents/DevelopmentResources/STM32Resources/stm32f411e_example/Middlewares/Third_Party/FreeRTOS/Source/portable/GCC/ARM_CM4F" -I"/home/garnet/Documents/DevelopmentResources/STM32Resources/stm32f411e_example/Drivers/CMSIS/Device/ST/STM32F4xx/Include" -I"/home/garnet/Documents/DevelopmentResources/STM32Resources/stm32f411e_example/Middlewares/Third_Party/FreeRTOS/Source/include" -I"/home/garnet/Documents/DevelopmentResources/STM32Resources/stm32f411e_example/Middlewares/Third_Party/FreeRTOS/Source/CMSIS_RTOS" -I"/home/garnet/Documents/DevelopmentResources/STM32Resources/stm32f411e_example/Drivers/CMSIS/Include" -I"/home/garnet/Documents/DevelopmentResources/STM32Resources/stm32f411e_example/Inc"  -Og -g3 -Wall -fmessage-length=0 -ffunction-sections -c -fmessage-length=0 -MMD -MP -MF"Src/system_stm32f4xx.d" -MT"Src/system_stm32f4xx.o" -o "Src/system_stm32f4xx.o" "../Src/system_stm32f4xx.c"
Finished building: ../Src/system_stm32f4xx.c
 
Building file: ../Middlewares/Third_Party/FreeRTOS/Source/portable/MemMang/heap_4.c
Invoking: MCU GCC Compiler
/home/garnet/Documents/DevelopmentResources/STM32Resources/stm32f411e_example/Debug
arm-none-eabi-gcc -mcpu=cortex-m4 -mthumb -mfloat-abi=hard -mfpu=fpv4-sp-d16 '-D__weak=__attribute__((weak))' '-D__packed="__attribute__((__packed__))"' -DUSE_HAL_DRIVER -DSTM32F411xE -I"/home/garnet/Documents/DevelopmentResources/STM32Resources/stm32f411e_example/Inc" -I"/home/garnet/Documents/DevelopmentResources/STM32Resources/stm32f411e_example/Drivers/STM32F4xx_HAL_Driver/Inc" -I"/home/garnet/Documents/DevelopmentResources/STM32Resources/stm32f411e_example/Drivers/STM32F4xx_HAL_Driver/Inc/Legacy" -I"/home/garnet/Documents/DevelopmentResources/STM32Resources/stm32f411e_example/Middlewares/Third_Party/FreeRTOS/Source/portable/GCC/ARM_CM4F" -I"/home/garnet/Documents/DevelopmentResources/STM32Resources/stm32f411e_example/Drivers/CMSIS/Device/ST/STM32F4xx/Include" -I"/home/garnet/Documents/DevelopmentResources/STM32Resources/stm32f411e_example/Middlewares/Third_Party/FreeRTOS/Source/include" -I"/home/garnet/Documents/DevelopmentResources/STM32Resources/stm32f411e_example/Middlewares/Third_Party/FreeRTOS/Source/CMSIS_RTOS" -I"/home/garnet/Documents/DevelopmentResources/STM32Resources/stm32f411e_example/Drivers/CMSIS/Include" -I"/home/garnet/Documents/DevelopmentResources/STM32Resources/stm32f411e_example/Inc"  -Og -g3 -Wall -fmessage-length=0 -ffunction-sections -c -fmessage-length=0 -MMD -MP -MF"Middlewares/Third_Party/FreeRTOS/Source/portable/MemMang/heap_4.d" -MT"Middlewares/Third_Party/FreeRTOS/Source/portable/MemMang/heap_4.o" -o "Middlewares/Third_Party/FreeRTOS/Source/portable/MemMang/heap_4.o" "../Middlewares/Third_Party/FreeRTOS/Source/portable/MemMang/heap_4.c"
Finished building: ../Middlewares/Third_Party/FreeRTOS/Source/portable/MemMang/heap_4.c
 
Building file: ../Middlewares/Third_Party/FreeRTOS/Source/portable/GCC/ARM_CM4F/port.c
Invoking: MCU GCC Compiler
/home/garnet/Documents/DevelopmentResources/STM32Resources/stm32f411e_example/Debug
arm-none-eabi-gcc -mcpu=cortex-m4 -mthumb -mfloat-abi=hard -mfpu=fpv4-sp-d16 '-D__weak=__attribute__((weak))' '-D__packed="__attribute__((__packed__))"' -DUSE_HAL_DRIVER -DSTM32F411xE -I"/home/garnet/Documents/DevelopmentResources/STM32Resources/stm32f411e_example/Inc" -I"/home/garnet/Documents/DevelopmentResources/STM32Resources/stm32f411e_example/Drivers/STM32F4xx_HAL_Driver/Inc" -I"/home/garnet/Documents/DevelopmentResources/STM32Resources/stm32f411e_example/Drivers/STM32F4xx_HAL_Driver/Inc/Legacy" -I"/home/garnet/Documents/DevelopmentResources/STM32Resources/stm32f411e_example/Middlewares/Third_Party/FreeRTOS/Source/portable/GCC/ARM_CM4F" -I"/home/garnet/Documents/DevelopmentResources/STM32Resources/stm32f411e_example/Drivers/CMSIS/Device/ST/STM32F4xx/Include" -I"/home/garnet/Documents/DevelopmentResources/STM32Resources/stm32f411e_example/Middlewares/Third_Party/FreeRTOS/Source/include" -I"/home/garnet/Documents/DevelopmentResources/STM32Resources/stm32f411e_example/Middlewares/Third_Party/FreeRTOS/Source/CMSIS_RTOS" -I"/home/garnet/Documents/DevelopmentResources/STM32Resources/stm32f411e_example/Drivers/CMSIS/Include" -I"/home/garnet/Documents/DevelopmentResources/STM32Resources/stm32f411e_example/Inc"  -Og -g3 -Wall -fmessage-length=0 -ffunction-sections -c -fmessage-length=0 -MMD -MP -MF"Middlewares/Third_Party/FreeRTOS/Source/portable/GCC/ARM_CM4F/port.d" -MT"Middlewares/Third_Party/FreeRTOS/Source/portable/GCC/ARM_CM4F/port.o" -o "Middlewares/Third_Party/FreeRTOS/Source/portable/GCC/ARM_CM4F/port.o" "../Middlewares/Third_Party/FreeRTOS/Source/portable/GCC/ARM_CM4F/port.c"
Finished building: ../Middlewares/Third_Party/FreeRTOS/Source/portable/GCC/ARM_CM4F/port.c
 
Building file: ../Middlewares/Third_Party/FreeRTOS/Source/CMSIS_RTOS/cmsis_os.c
Invoking: MCU GCC Compiler
/home/garnet/Documents/DevelopmentResources/STM32Resources/stm32f411e_example/Debug
arm-none-eabi-gcc -mcpu=cortex-m4 -mthumb -mfloat-abi=hard -mfpu=fpv4-sp-d16 '-D__weak=__attribute__((weak))' '-D__packed="__attribute__((__packed__))"' -DUSE_HAL_DRIVER -DSTM32F411xE -I"/home/garnet/Documents/DevelopmentResources/STM32Resources/stm32f411e_example/Inc" -I"/home/garnet/Documents/DevelopmentResources/STM32Resources/stm32f411e_example/Drivers/STM32F4xx_HAL_Driver/Inc" -I"/home/garnet/Documents/DevelopmentResources/STM32Resources/stm32f411e_example/Drivers/STM32F4xx_HAL_Driver/Inc/Legacy" -I"/home/garnet/Documents/DevelopmentResources/STM32Resources/stm32f411e_example/Middlewares/Third_Party/FreeRTOS/Source/portable/GCC/ARM_CM4F" -I"/home/garnet/Documents/DevelopmentResources/STM32Resources/stm32f411e_example/Drivers/CMSIS/Device/ST/STM32F4xx/Include" -I"/home/garnet/Documents/DevelopmentResources/STM32Resources/stm32f411e_example/Middlewares/Third_Party/FreeRTOS/Source/include" -I"/home/garnet/Documents/DevelopmentResources/STM32Resources/stm32f411e_example/Middlewares/Third_Party/FreeRTOS/Source/CMSIS_RTOS" -I"/home/garnet/Documents/DevelopmentResources/STM32Resources/stm32f411e_example/Drivers/CMSIS/Include" -I"/home/garnet/Documents/DevelopmentResources/STM32Resources/stm32f411e_example/Inc"  -Og -g3 -Wall -fmessage-length=0 -ffunction-sections -c -fmessage-length=0 -MMD -MP -MF"Middlewares/Third_Party/FreeRTOS/Source/CMSIS_RTOS/cmsis_os.d" -MT"Middlewares/Third_Party/FreeRTOS/Source/CMSIS_RTOS/cmsis_os.o" -o "Middlewares/Third_Party/FreeRTOS/Source/CMSIS_RTOS/cmsis_os.o" "../Middlewares/Third_Party/FreeRTOS/Source/CMSIS_RTOS/cmsis_os.c"
Finished building: ../Middlewares/Third_Party/FreeRTOS/Source/CMSIS_RTOS/cmsis_os.c
 
Building file: ../Middlewares/Third_Party/FreeRTOS/Source/croutine.c
Invoking: MCU GCC Compiler
/home/garnet/Documents/DevelopmentResources/STM32Resources/stm32f411e_example/Debug
arm-none-eabi-gcc -mcpu=cortex-m4 -mthumb -mfloat-abi=hard -mfpu=fpv4-sp-d16 '-D__weak=__attribute__((weak))' '-D__packed="__attribute__((__packed__))"' -DUSE_HAL_DRIVER -DSTM32F411xE -I"/home/garnet/Documents/DevelopmentResources/STM32Resources/stm32f411e_example/Inc" -I"/home/garnet/Documents/DevelopmentResources/STM32Resources/stm32f411e_example/Drivers/STM32F4xx_HAL_Driver/Inc" -I"/home/garnet/Documents/DevelopmentResources/STM32Resources/stm32f411e_example/Drivers/STM32F4xx_HAL_Driver/Inc/Legacy" -I"/home/garnet/Documents/DevelopmentResources/STM32Resources/stm32f411e_example/Middlewares/Third_Party/FreeRTOS/Source/portable/GCC/ARM_CM4F" -I"/home/garnet/Documents/DevelopmentResources/STM32Resources/stm32f411e_example/Drivers/CMSIS/Device/ST/STM32F4xx/Include" -I"/home/garnet/Documents/DevelopmentResources/STM32Resources/stm32f411e_example/Middlewares/Third_Party/FreeRTOS/Source/include" -I"/home/garnet/Documents/DevelopmentResources/STM32Resources/stm32f411e_example/Middlewares/Third_Party/FreeRTOS/Source/CMSIS_RTOS" -I"/home/garnet/Documents/DevelopmentResources/STM32Resources/stm32f411e_example/Drivers/CMSIS/Include" -I"/home/garnet/Documents/DevelopmentResources/STM32Resources/stm32f411e_example/Inc"  -Og -g3 -Wall -fmessage-length=0 -ffunction-sections -c -fmessage-length=0 -MMD -MP -MF"Middlewares/Third_Party/FreeRTOS/Source/croutine.d" -MT"Middlewares/Third_Party/FreeRTOS/Source/croutine.o" -o "Middlewares/Third_Party/FreeRTOS/Source/croutine.o" "../Middlewares/Third_Party/FreeRTOS/Source/croutine.c"
Finished building: ../Middlewares/Third_Party/FreeRTOS/Source/croutine.c
 
Building file: ../Middlewares/Third_Party/FreeRTOS/Source/event_groups.c
Invoking: MCU GCC Compiler
/home/garnet/Documents/DevelopmentResources/STM32Resources/stm32f411e_example/Debug
arm-none-eabi-gcc -mcpu=cortex-m4 -mthumb -mfloat-abi=hard -mfpu=fpv4-sp-d16 '-D__weak=__attribute__((weak))' '-D__packed="__attribute__((__packed__))"' -DUSE_HAL_DRIVER -DSTM32F411xE -I"/home/garnet/Documents/DevelopmentResources/STM32Resources/stm32f411e_example/Inc" -I"/home/garnet/Documents/DevelopmentResources/STM32Resources/stm32f411e_example/Drivers/STM32F4xx_HAL_Driver/Inc" -I"/home/garnet/Documents/DevelopmentResources/STM32Resources/stm32f411e_example/Drivers/STM32F4xx_HAL_Driver/Inc/Legacy" -I"/home/garnet/Documents/DevelopmentResources/STM32Resources/stm32f411e_example/Middlewares/Third_Party/FreeRTOS/Source/portable/GCC/ARM_CM4F" -I"/home/garnet/Documents/DevelopmentResources/STM32Resources/stm32f411e_example/Drivers/CMSIS/Device/ST/STM32F4xx/Include" -I"/home/garnet/Documents/DevelopmentResources/STM32Resources/stm32f411e_example/Middlewares/Third_Party/FreeRTOS/Source/include" -I"/home/garnet/Documents/DevelopmentResources/STM32Resources/stm32f411e_example/Middlewares/Third_Party/FreeRTOS/Source/CMSIS_RTOS" -I"/home/garnet/Documents/DevelopmentResources/STM32Resources/stm32f411e_example/Drivers/CMSIS/Include" -I"/home/garnet/Documents/DevelopmentResources/STM32Resources/stm32f411e_example/Inc"  -Og -g3 -Wall -fmessage-length=0 -ffunction-sections -c -fmessage-length=0 -MMD -MP -MF"Middlewares/Third_Party/FreeRTOS/Source/event_groups.d" -MT"Middlewares/Third_Party/FreeRTOS/Source/event_groups.o" -o "Middlewares/Third_Party/FreeRTOS/Source/event_groups.o" "../Middlewares/Third_Party/FreeRTOS/Source/event_groups.c"
Finished building: ../Middlewares/Third_Party/FreeRTOS/Source/event_groups.c
 
Building file: ../Middlewares/Third_Party/FreeRTOS/Source/list.c
Invoking: MCU GCC Compiler
/home/garnet/Documents/DevelopmentResources/STM32Resources/stm32f411e_example/Debug
arm-none-eabi-gcc -mcpu=cortex-m4 -mthumb -mfloat-abi=hard -mfpu=fpv4-sp-d16 '-D__weak=__attribute__((weak))' '-D__packed="__attribute__((__packed__))"' -DUSE_HAL_DRIVER -DSTM32F411xE -I"/home/garnet/Documents/DevelopmentResources/STM32Resources/stm32f411e_example/Inc" -I"/home/garnet/Documents/DevelopmentResources/STM32Resources/stm32f411e_example/Drivers/STM32F4xx_HAL_Driver/Inc" -I"/home/garnet/Documents/DevelopmentResources/STM32Resources/stm32f411e_example/Drivers/STM32F4xx_HAL_Driver/Inc/Legacy" -I"/home/garnet/Documents/DevelopmentResources/STM32Resources/stm32f411e_example/Middlewares/Third_Party/FreeRTOS/Source/portable/GCC/ARM_CM4F" -I"/home/garnet/Documents/DevelopmentResources/STM32Resources/stm32f411e_example/Drivers/CMSIS/Device/ST/STM32F4xx/Include" -I"/home/garnet/Documents/DevelopmentResources/STM32Resources/stm32f411e_example/Middlewares/Third_Party/FreeRTOS/Source/include" -I"/home/garnet/Documents/DevelopmentResources/STM32Resources/stm32f411e_example/Middlewares/Third_Party/FreeRTOS/Source/CMSIS_RTOS" -I"/home/garnet/Documents/DevelopmentResources/STM32Resources/stm32f411e_example/Drivers/CMSIS/Include" -I"/home/garnet/Documents/DevelopmentResources/STM32Resources/stm32f411e_example/Inc"  -Og -g3 -Wall -fmessage-length=0 -ffunction-sections -c -fmessage-length=0 -MMD -MP -MF"Middlewares/Third_Party/FreeRTOS/Source/list.d" -MT"Middlewares/Third_Party/FreeRTOS/Source/list.o" -o "Middlewares/Third_Party/FreeRTOS/Source/list.o" "../Middlewares/Third_Party/FreeRTOS/Source/list.c"
Finished building: ../Middlewares/Third_Party/FreeRTOS/Source/list.c
 
Building file: ../Middlewares/Third_Party/FreeRTOS/Source/queue.c
Invoking: MCU GCC Compiler
/home/garnet/Documents/DevelopmentResources/STM32Resources/stm32f411e_example/Debug
arm-none-eabi-gcc -mcpu=cortex-m4 -mthumb -mfloat-abi=hard -mfpu=fpv4-sp-d16 '-D__weak=__attribute__((weak))' '-D__packed="__attribute__((__packed__))"' -DUSE_HAL_DRIVER -DSTM32F411xE -I"/home/garnet/Documents/DevelopmentResources/STM32Resources/stm32f411e_example/Inc" -I"/home/garnet/Documents/DevelopmentResources/STM32Resources/stm32f411e_example/Drivers/STM32F4xx_HAL_Driver/Inc" -I"/home/garnet/Documents/DevelopmentResources/STM32Resources/stm32f411e_example/Drivers/STM32F4xx_HAL_Driver/Inc/Legacy" -I"/home/garnet/Documents/DevelopmentResources/STM32Resources/stm32f411e_example/Middlewares/Third_Party/FreeRTOS/Source/portable/GCC/ARM_CM4F" -I"/home/garnet/Documents/DevelopmentResources/STM32Resources/stm32f411e_example/Drivers/CMSIS/Device/ST/STM32F4xx/Include" -I"/home/garnet/Documents/DevelopmentResources/STM32Resources/stm32f411e_example/Middlewares/Third_Party/FreeRTOS/Source/include" -I"/home/garnet/Documents/DevelopmentResources/STM32Resources/stm32f411e_example/Middlewares/Third_Party/FreeRTOS/Source/CMSIS_RTOS" -I"/home/garnet/Documents/DevelopmentResources/STM32Resources/stm32f411e_example/Drivers/CMSIS/Include" -I"/home/garnet/Documents/DevelopmentResources/STM32Resources/stm32f411e_example/Inc"  -Og -g3 -Wall -fmessage-length=0 -ffunction-sections -c -fmessage-length=0 -MMD -MP -MF"Middlewares/Third_Party/FreeRTOS/Source/queue.d" -MT"Middlewares/Third_Party/FreeRTOS/Source/queue.o" -o "Middlewares/Third_Party/FreeRTOS/Source/queue.o" "../Middlewares/Third_Party/FreeRTOS/Source/queue.c"
Finished building: ../Middlewares/Third_Party/FreeRTOS/Source/queue.c
 
Building file: ../Middlewares/Third_Party/FreeRTOS/Source/tasks.c
Invoking: MCU GCC Compiler
/home/garnet/Documents/DevelopmentResources/STM32Resources/stm32f411e_example/Debug
arm-none-eabi-gcc -mcpu=cortex-m4 -mthumb -mfloat-abi=hard -mfpu=fpv4-sp-d16 '-D__weak=__attribute__((weak))' '-D__packed="__attribute__((__packed__))"' -DUSE_HAL_DRIVER -DSTM32F411xE -I"/home/garnet/Documents/DevelopmentResources/STM32Resources/stm32f411e_example/Inc" -I"/home/garnet/Documents/DevelopmentResources/STM32Resources/stm32f411e_example/Drivers/STM32F4xx_HAL_Driver/Inc" -I"/home/garnet/Documents/DevelopmentResources/STM32Resources/stm32f411e_example/Drivers/STM32F4xx_HAL_Driver/Inc/Legacy" -I"/home/garnet/Documents/DevelopmentResources/STM32Resources/stm32f411e_example/Middlewares/Third_Party/FreeRTOS/Source/portable/GCC/ARM_CM4F" -I"/home/garnet/Documents/DevelopmentResources/STM32Resources/stm32f411e_example/Drivers/CMSIS/Device/ST/STM32F4xx/Include" -I"/home/garnet/Documents/DevelopmentResources/STM32Resources/stm32f411e_example/Middlewares/Third_Party/FreeRTOS/Source/include" -I"/home/garnet/Documents/DevelopmentResources/STM32Resources/stm32f411e_example/Middlewares/Third_Party/FreeRTOS/Source/CMSIS_RTOS" -I"/home/garnet/Documents/DevelopmentResources/STM32Resources/stm32f411e_example/Drivers/CMSIS/Include" -I"/home/garnet/Documents/DevelopmentResources/STM32Resources/stm32f411e_example/Inc"  -Og -g3 -Wall -fmessage-length=0 -ffunction-sections -c -fmessage-length=0 -MMD -MP -MF"Middlewares/Third_Party/FreeRTOS/Source/tasks.d" -MT"Middlewares/Third_Party/FreeRTOS/Source/tasks.o" -o "Middlewares/Third_Party/FreeRTOS/Source/tasks.o" "../Middlewares/Third_Party/FreeRTOS/Source/tasks.c"
Finished building: ../Middlewares/Third_Party/FreeRTOS/Source/tasks.c
 
Building file: ../Middlewares/Third_Party/FreeRTOS/Source/timers.c
Invoking: MCU GCC Compiler
/home/garnet/Documents/DevelopmentResources/STM32Resources/stm32f411e_example/Debug
arm-none-eabi-gcc -mcpu=cortex-m4 -mthumb -mfloat-abi=hard -mfpu=fpv4-sp-d16 '-D__weak=__attribute__((weak))' '-D__packed="__attribute__((__packed__))"' -DUSE_HAL_DRIVER -DSTM32F411xE -I"/home/garnet/Documents/DevelopmentResources/STM32Resources/stm32f411e_example/Inc" -I"/home/garnet/Documents/DevelopmentResources/STM32Resources/stm32f411e_example/Drivers/STM32F4xx_HAL_Driver/Inc" -I"/home/garnet/Documents/DevelopmentResources/STM32Resources/stm32f411e_example/Drivers/STM32F4xx_HAL_Driver/Inc/Legacy" -I"/home/garnet/Documents/DevelopmentResources/STM32Resources/stm32f411e_example/Middlewares/Third_Party/FreeRTOS/Source/portable/GCC/ARM_CM4F" -I"/home/garnet/Documents/DevelopmentResources/STM32Resources/stm32f411e_example/Drivers/CMSIS/Device/ST/STM32F4xx/Include" -I"/home/garnet/Documents/DevelopmentResources/STM32Resources/stm32f411e_example/Middlewares/Third_Party/FreeRTOS/Source/include" -I"/home/garnet/Documents/DevelopmentResources/STM32Resources/stm32f411e_example/Middlewares/Third_Party/FreeRTOS/Source/CMSIS_RTOS" -I"/home/garnet/Documents/DevelopmentResources/STM32Resources/stm32f411e_example/Drivers/CMSIS/Include" -I"/home/garnet/Documents/DevelopmentResources/STM32Resources/stm32f411e_example/Inc"  -Og -g3 -Wall -fmessage-length=0 -ffunction-sections -c -fmessage-length=0 -MMD -MP -MF"Middlewares/Third_Party/FreeRTOS/Source/timers.d" -MT"Middlewares/Third_Party/FreeRTOS/Source/timers.o" -o "Middlewares/Third_Party/FreeRTOS/Source/timers.o" "../Middlewares/Third_Party/FreeRTOS/Source/timers.c"
Finished building: ../Middlewares/Third_Party/FreeRTOS/Source/timers.c
 
Building file: ../Drivers/STM32F4xx_HAL_Driver/Src/stm32f4xx_hal.c
Invoking: MCU GCC Compiler
/home/garnet/Documents/DevelopmentResources/STM32Resources/stm32f411e_example/Debug
arm-none-eabi-gcc -mcpu=cortex-m4 -mthumb -mfloat-abi=hard -mfpu=fpv4-sp-d16 '-D__weak=__attribute__((weak))' '-D__packed="__attribute__((__packed__))"' -DUSE_HAL_DRIVER -DSTM32F411xE -I"/home/garnet/Documents/DevelopmentResources/STM32Resources/stm32f411e_example/Inc" -I"/home/garnet/Documents/DevelopmentResources/STM32Resources/stm32f411e_example/Drivers/STM32F4xx_HAL_Driver/Inc" -I"/home/garnet/Documents/DevelopmentResources/STM32Resources/stm32f411e_example/Drivers/STM32F4xx_HAL_Driver/Inc/Legacy" -I"/home/garnet/Documents/DevelopmentResources/STM32Resources/stm32f411e_example/Middlewares/Third_Party/FreeRTOS/Source/portable/GCC/ARM_CM4F" -I"/home/garnet/Documents/DevelopmentResources/STM32Resources/stm32f411e_example/Drivers/CMSIS/Device/ST/STM32F4xx/Include" -I"/home/garnet/Documents/DevelopmentResources/STM32Resources/stm32f411e_example/Middlewares/Third_Party/FreeRTOS/Source/include" -I"/home/garnet/Documents/DevelopmentResources/STM32Resources/stm32f411e_example/Middlewares/Third_Party/FreeRTOS/Source/CMSIS_RTOS" -I"/home/garnet/Documents/DevelopmentResources/STM32Resources/stm32f411e_example/Drivers/CMSIS/Include" -I"/home/garnet/Documents/DevelopmentResources/STM32Resources/stm32f411e_example/Inc"  -Og -g3 -Wall -fmessage-length=0 -ffunction-sections -c -fmessage-length=0 -MMD -MP -MF"Drivers/STM32F4xx_HAL_Driver/Src/stm32f4xx_hal.d" -MT"Drivers/STM32F4xx_HAL_Driver/Src/stm32f4xx_hal.o" -o "Drivers/STM32F4xx_HAL_Driver/Src/stm32f4xx_hal.o" "../Drivers/STM32F4xx_HAL_Driver/Src/stm32f4xx_hal.c"
Finished building: ../Drivers/STM32F4xx_HAL_Driver/Src/stm32f4xx_hal.c
 
Building file: ../Drivers/STM32F4xx_HAL_Driver/Src/stm32f4xx_hal_cortex.c
Invoking: MCU GCC Compiler
/home/garnet/Documents/DevelopmentResources/STM32Resources/stm32f411e_example/Debug
arm-none-eabi-gcc -mcpu=cortex-m4 -mthumb -mfloat-abi=hard -mfpu=fpv4-sp-d16 '-D__weak=__attribute__((weak))' '-D__packed="__attribute__((__packed__))"' -DUSE_HAL_DRIVER -DSTM32F411xE -I"/home/garnet/Documents/DevelopmentResources/STM32Resources/stm32f411e_example/Inc" -I"/home/garnet/Documents/DevelopmentResources/STM32Resources/stm32f411e_example/Drivers/STM32F4xx_HAL_Driver/Inc" -I"/home/garnet/Documents/DevelopmentResources/STM32Resources/stm32f411e_example/Drivers/STM32F4xx_HAL_Driver/Inc/Legacy" -I"/home/garnet/Documents/DevelopmentResources/STM32Resources/stm32f411e_example/Middlewares/Third_Party/FreeRTOS/Source/portable/GCC/ARM_CM4F" -I"/home/garnet/Documents/DevelopmentResources/STM32Resources/stm32f411e_example/Drivers/CMSIS/Device/ST/STM32F4xx/Include" -I"/home/garnet/Documents/DevelopmentResources/STM32Resources/stm32f411e_example/Middlewares/Third_Party/FreeRTOS/Source/include" -I"/home/garnet/Documents/DevelopmentResources/STM32Resources/stm32f411e_example/Middlewares/Third_Party/FreeRTOS/Source/CMSIS_RTOS" -I"/home/garnet/Documents/DevelopmentResources/STM32Resources/stm32f411e_example/Drivers/CMSIS/Include" -I"/home/garnet/Documents/DevelopmentResources/STM32Resources/stm32f411e_example/Inc"  -Og -g3 -Wall -fmessage-length=0 -ffunction-sections -c -fmessage-length=0 -MMD -MP -MF"Drivers/STM32F4xx_HAL_Driver/Src/stm32f4xx_hal_cortex.d" -MT"Drivers/STM32F4xx_HAL_Driver/Src/stm32f4xx_hal_cortex.o" -o "Drivers/STM32F4xx_HAL_Driver/Src/stm32f4xx_hal_cortex.o" "../Drivers/STM32F4xx_HAL_Driver/Src/stm32f4xx_hal_cortex.c"
Finished building: ../Drivers/STM32F4xx_HAL_Driver/Src/stm32f4xx_hal_cortex.c
 
Building file: ../Drivers/STM32F4xx_HAL_Driver/Src/stm32f4xx_hal_dma.c
Invoking: MCU GCC Compiler
/home/garnet/Documents/DevelopmentResources/STM32Resources/stm32f411e_example/Debug
arm-none-eabi-gcc -mcpu=cortex-m4 -mthumb -mfloat-abi=hard -mfpu=fpv4-sp-d16 '-D__weak=__attribute__((weak))' '-D__packed="__attribute__((__packed__))"' -DUSE_HAL_DRIVER -DSTM32F411xE -I"/home/garnet/Documents/DevelopmentResources/STM32Resources/stm32f411e_example/Inc" -I"/home/garnet/Documents/DevelopmentResources/STM32Resources/stm32f411e_example/Drivers/STM32F4xx_HAL_Driver/Inc" -I"/home/garnet/Documents/DevelopmentResources/STM32Resources/stm32f411e_example/Drivers/STM32F4xx_HAL_Driver/Inc/Legacy" -I"/home/garnet/Documents/DevelopmentResources/STM32Resources/stm32f411e_example/Middlewares/Third_Party/FreeRTOS/Source/portable/GCC/ARM_CM4F" -I"/home/garnet/Documents/DevelopmentResources/STM32Resources/stm32f411e_example/Drivers/CMSIS/Device/ST/STM32F4xx/Include" -I"/home/garnet/Documents/DevelopmentResources/STM32Resources/stm32f411e_example/Middlewares/Third_Party/FreeRTOS/Source/include" -I"/home/garnet/Documents/DevelopmentResources/STM32Resources/stm32f411e_example/Middlewares/Third_Party/FreeRTOS/Source/CMSIS_RTOS" -I"/home/garnet/Documents/DevelopmentResources/STM32Resources/stm32f411e_example/Drivers/CMSIS/Include" -I"/home/garnet/Documents/DevelopmentResources/STM32Resources/stm32f411e_example/Inc"  -Og -g3 -Wall -fmessage-length=0 -ffunction-sections -c -fmessage-length=0 -MMD -MP -MF"Drivers/STM32F4xx_HAL_Driver/Src/stm32f4xx_hal_dma.d" -MT"Drivers/STM32F4xx_HAL_Driver/Src/stm32f4xx_hal_dma.o" -o "Drivers/STM32F4xx_HAL_Driver/Src/stm32f4xx_hal_dma.o" "../Drivers/STM32F4xx_HAL_Driver/Src/stm32f4xx_hal_dma.c"
Finished building: ../Drivers/STM32F4xx_HAL_Driver/Src/stm32f4xx_hal_dma.c
 
Building file: ../Drivers/STM32F4xx_HAL_Driver/Src/stm32f4xx_hal_dma_ex.c
Invoking: MCU GCC Compiler
/home/garnet/Documents/DevelopmentResources/STM32Resources/stm32f411e_example/Debug
arm-none-eabi-gcc -mcpu=cortex-m4 -mthumb -mfloat-abi=hard -mfpu=fpv4-sp-d16 '-D__weak=__attribute__((weak))' '-D__packed="__attribute__((__packed__))"' -DUSE_HAL_DRIVER -DSTM32F411xE -I"/home/garnet/Documents/DevelopmentResources/STM32Resources/stm32f411e_example/Inc" -I"/home/garnet/Documents/DevelopmentResources/STM32Resources/stm32f411e_example/Drivers/STM32F4xx_HAL_Driver/Inc" -I"/home/garnet/Documents/DevelopmentResources/STM32Resources/stm32f411e_example/Drivers/STM32F4xx_HAL_Driver/Inc/Legacy" -I"/home/garnet/Documents/DevelopmentResources/STM32Resources/stm32f411e_example/Middlewares/Third_Party/FreeRTOS/Source/portable/GCC/ARM_CM4F" -I"/home/garnet/Documents/DevelopmentResources/STM32Resources/stm32f411e_example/Drivers/CMSIS/Device/ST/STM32F4xx/Include" -I"/home/garnet/Documents/DevelopmentResources/STM32Resources/stm32f411e_example/Middlewares/Third_Party/FreeRTOS/Source/include" -I"/home/garnet/Documents/DevelopmentResources/STM32Resources/stm32f411e_example/Middlewares/Third_Party/FreeRTOS/Source/CMSIS_RTOS" -I"/home/garnet/Documents/DevelopmentResources/STM32Resources/stm32f411e_example/Drivers/CMSIS/Include" -I"/home/garnet/Documents/DevelopmentResources/STM32Resources/stm32f411e_example/Inc"  -Og -g3 -Wall -fmessage-length=0 -ffunction-sections -c -fmessage-length=0 -MMD -MP -MF"Drivers/STM32F4xx_HAL_Driver/Src/stm32f4xx_hal_dma_ex.d" -MT"Drivers/STM32F4xx_HAL_Driver/Src/stm32f4xx_hal_dma_ex.o" -o "Drivers/STM32F4xx_HAL_Driver/Src/stm32f4xx_hal_dma_ex.o" "../Drivers/STM32F4xx_HAL_Driver/Src/stm32f4xx_hal_dma_ex.c"
Finished building: ../Drivers/STM32F4xx_HAL_Driver/Src/stm32f4xx_hal_dma_ex.c
 
Building file: ../Drivers/STM32F4xx_HAL_Driver/Src/stm32f4xx_hal_flash.c
Invoking: MCU GCC Compiler
/home/garnet/Documents/DevelopmentResources/STM32Resources/stm32f411e_example/Debug
arm-none-eabi-gcc -mcpu=cortex-m4 -mthumb -mfloat-abi=hard -mfpu=fpv4-sp-d16 '-D__weak=__attribute__((weak))' '-D__packed="__attribute__((__packed__))"' -DUSE_HAL_DRIVER -DSTM32F411xE -I"/home/garnet/Documents/DevelopmentResources/STM32Resources/stm32f411e_example/Inc" -I"/home/garnet/Documents/DevelopmentResources/STM32Resources/stm32f411e_example/Drivers/STM32F4xx_HAL_Driver/Inc" -I"/home/garnet/Documents/DevelopmentResources/STM32Resources/stm32f411e_example/Drivers/STM32F4xx_HAL_Driver/Inc/Legacy" -I"/home/garnet/Documents/DevelopmentResources/STM32Resources/stm32f411e_example/Middlewares/Third_Party/FreeRTOS/Source/portable/GCC/ARM_CM4F" -I"/home/garnet/Documents/DevelopmentResources/STM32Resources/stm32f411e_example/Drivers/CMSIS/Device/ST/STM32F4xx/Include" -I"/home/garnet/Documents/DevelopmentResources/STM32Resources/stm32f411e_example/Middlewares/Third_Party/FreeRTOS/Source/include" -I"/home/garnet/Documents/DevelopmentResources/STM32Resources/stm32f411e_example/Middlewares/Third_Party/FreeRTOS/Source/CMSIS_RTOS" -I"/home/garnet/Documents/DevelopmentResources/STM32Resources/stm32f411e_example/Drivers/CMSIS/Include" -I"/home/garnet/Documents/DevelopmentResources/STM32Resources/stm32f411e_example/Inc"  -Og -g3 -Wall -fmessage-length=0 -ffunction-sections -c -fmessage-length=0 -MMD -MP -MF"Drivers/STM32F4xx_HAL_Driver/Src/stm32f4xx_hal_flash.d" -MT"Drivers/STM32F4xx_HAL_Driver/Src/stm32f4xx_hal_flash.o" -o "Drivers/STM32F4xx_HAL_Driver/Src/stm32f4xx_hal_flash.o" "../Drivers/STM32F4xx_HAL_Driver/Src/stm32f4xx_hal_flash.c"
Finished building: ../Drivers/STM32F4xx_HAL_Driver/Src/stm32f4xx_hal_flash.c
 
Building file: ../Drivers/STM32F4xx_HAL_Driver/Src/stm32f4xx_hal_flash_ex.c
Invoking: MCU GCC Compiler
/home/garnet/Documents/DevelopmentResources/STM32Resources/stm32f411e_example/Debug
arm-none-eabi-gcc -mcpu=cortex-m4 -mthumb -mfloat-abi=hard -mfpu=fpv4-sp-d16 '-D__weak=__attribute__((weak))' '-D__packed="__attribute__((__packed__))"' -DUSE_HAL_DRIVER -DSTM32F411xE -I"/home/garnet/Documents/DevelopmentResources/STM32Resources/stm32f411e_example/Inc" -I"/home/garnet/Documents/DevelopmentResources/STM32Resources/stm32f411e_example/Drivers/STM32F4xx_HAL_Driver/Inc" -I"/home/garnet/Documents/DevelopmentResources/STM32Resources/stm32f411e_example/Drivers/STM32F4xx_HAL_Driver/Inc/Legacy" -I"/home/garnet/Documents/DevelopmentResources/STM32Resources/stm32f411e_example/Middlewares/Third_Party/FreeRTOS/Source/portable/GCC/ARM_CM4F" -I"/home/garnet/Documents/DevelopmentResources/STM32Resources/stm32f411e_example/Drivers/CMSIS/Device/ST/STM32F4xx/Include" -I"/home/garnet/Documents/DevelopmentResources/STM32Resources/stm32f411e_example/Middlewares/Third_Party/FreeRTOS/Source/include" -I"/home/garnet/Documents/DevelopmentResources/STM32Resources/stm32f411e_example/Middlewares/Third_Party/FreeRTOS/Source/CMSIS_RTOS" -I"/home/garnet/Documents/DevelopmentResources/STM32Resources/stm32f411e_example/Drivers/CMSIS/Include" -I"/home/garnet/Documents/DevelopmentResources/STM32Resources/stm32f411e_example/Inc"  -Og -g3 -Wall -fmessage-length=0 -ffunction-sections -c -fmessage-length=0 -MMD -MP -MF"Drivers/STM32F4xx_HAL_Driver/Src/stm32f4xx_hal_flash_ex.d" -MT"Drivers/STM32F4xx_HAL_Driver/Src/stm32f4xx_hal_flash_ex.o" -o "Drivers/STM32F4xx_HAL_Driver/Src/stm32f4xx_hal_flash_ex.o" "../Drivers/STM32F4xx_HAL_Driver/Src/stm32f4xx_hal_flash_ex.c"
Finished building: ../Drivers/STM32F4xx_HAL_Driver/Src/stm32f4xx_hal_flash_ex.c
 
Building file: ../Drivers/STM32F4xx_HAL_Driver/Src/stm32f4xx_hal_flash_ramfunc.c
Invoking: MCU GCC Compiler
/home/garnet/Documents/DevelopmentResources/STM32Resources/stm32f411e_example/Debug
arm-none-eabi-gcc -mcpu=cortex-m4 -mthumb -mfloat-abi=hard -mfpu=fpv4-sp-d16 '-D__weak=__attribute__((weak))' '-D__packed="__attribute__((__packed__))"' -DUSE_HAL_DRIVER -DSTM32F411xE -I"/home/garnet/Documents/DevelopmentResources/STM32Resources/stm32f411e_example/Inc" -I"/home/garnet/Documents/DevelopmentResources/STM32Resources/stm32f411e_example/Drivers/STM32F4xx_HAL_Driver/Inc" -I"/home/garnet/Documents/DevelopmentResources/STM32Resources/stm32f411e_example/Drivers/STM32F4xx_HAL_Driver/Inc/Legacy" -I"/home/garnet/Documents/DevelopmentResources/STM32Resources/stm32f411e_example/Middlewares/Third_Party/FreeRTOS/Source/portable/GCC/ARM_CM4F" -I"/home/garnet/Documents/DevelopmentResources/STM32Resources/stm32f411e_example/Drivers/CMSIS/Device/ST/STM32F4xx/Include" -I"/home/garnet/Documents/DevelopmentResources/STM32Resources/stm32f411e_example/Middlewares/Third_Party/FreeRTOS/Source/include" -I"/home/garnet/Documents/DevelopmentResources/STM32Resources/stm32f411e_example/Middlewares/Third_Party/FreeRTOS/Source/CMSIS_RTOS" -I"/home/garnet/Documents/DevelopmentResources/STM32Resources/stm32f411e_example/Drivers/CMSIS/Include" -I"/home/garnet/Documents/DevelopmentResources/STM32Resources/stm32f411e_example/Inc"  -Og -g3 -Wall -fmessage-length=0 -ffunction-sections -c -fmessage-length=0 -MMD -MP -MF"Drivers/STM32F4xx_HAL_Driver/Src/stm32f4xx_hal_flash_ramfunc.d" -MT"Drivers/STM32F4xx_HAL_Driver/Src/stm32f4xx_hal_flash_ramfunc.o" -o "Drivers/STM32F4xx_HAL_Driver/Src/stm32f4xx_hal_flash_ramfunc.o" "../Drivers/STM32F4xx_HAL_Driver/Src/stm32f4xx_hal_flash_ramfunc.c"
Finished building: ../Drivers/STM32F4xx_HAL_Driver/Src/stm32f4xx_hal_flash_ramfunc.c
 
Building file: ../Drivers/STM32F4xx_HAL_Driver/Src/stm32f4xx_hal_gpio.c
Invoking: MCU GCC Compiler
/home/garnet/Documents/DevelopmentResources/STM32Resources/stm32f411e_example/Debug
arm-none-eabi-gcc -mcpu=cortex-m4 -mthumb -mfloat-abi=hard -mfpu=fpv4-sp-d16 '-D__weak=__attribute__((weak))' '-D__packed="__attribute__((__packed__))"' -DUSE_HAL_DRIVER -DSTM32F411xE -I"/home/garnet/Documents/DevelopmentResources/STM32Resources/stm32f411e_example/Inc" -I"/home/garnet/Documents/DevelopmentResources/STM32Resources/stm32f411e_example/Drivers/STM32F4xx_HAL_Driver/Inc" -I"/home/garnet/Documents/DevelopmentResources/STM32Resources/stm32f411e_example/Drivers/STM32F4xx_HAL_Driver/Inc/Legacy" -I"/home/garnet/Documents/DevelopmentResources/STM32Resources/stm32f411e_example/Middlewares/Third_Party/FreeRTOS/Source/portable/GCC/ARM_CM4F" -I"/home/garnet/Documents/DevelopmentResources/STM32Resources/stm32f411e_example/Drivers/CMSIS/Device/ST/STM32F4xx/Include" -I"/home/garnet/Documents/DevelopmentResources/STM32Resources/stm32f411e_example/Middlewares/Third_Party/FreeRTOS/Source/include" -I"/home/garnet/Documents/DevelopmentResources/STM32Resources/stm32f411e_example/Middlewares/Third_Party/FreeRTOS/Source/CMSIS_RTOS" -I"/home/garnet/Documents/DevelopmentResources/STM32Resources/stm32f411e_example/Drivers/CMSIS/Include" -I"/home/garnet/Documents/DevelopmentResources/STM32Resources/stm32f411e_example/Inc"  -Og -g3 -Wall -fmessage-length=0 -ffunction-sections -c -fmessage-length=0 -MMD -MP -MF"Drivers/STM32F4xx_HAL_Driver/Src/stm32f4xx_hal_gpio.d" -MT"Drivers/STM32F4xx_HAL_Driver/Src/stm32f4xx_hal_gpio.o" -o "Drivers/STM32F4xx_HAL_Driver/Src/stm32f4xx_hal_gpio.o" "../Drivers/STM32F4xx_HAL_Driver/Src/stm32f4xx_hal_gpio.c"
Finished building: ../Drivers/STM32F4xx_HAL_Driver/Src/stm32f4xx_hal_gpio.c
 
Building file: ../Drivers/STM32F4xx_HAL_Driver/Src/stm32f4xx_hal_pwr.c
Invoking: MCU GCC Compiler
/home/garnet/Documents/DevelopmentResources/STM32Resources/stm32f411e_example/Debug
arm-none-eabi-gcc -mcpu=cortex-m4 -mthumb -mfloat-abi=hard -mfpu=fpv4-sp-d16 '-D__weak=__attribute__((weak))' '-D__packed="__attribute__((__packed__))"' -DUSE_HAL_DRIVER -DSTM32F411xE -I"/home/garnet/Documents/DevelopmentResources/STM32Resources/stm32f411e_example/Inc" -I"/home/garnet/Documents/DevelopmentResources/STM32Resources/stm32f411e_example/Drivers/STM32F4xx_HAL_Driver/Inc" -I"/home/garnet/Documents/DevelopmentResources/STM32Resources/stm32f411e_example/Drivers/STM32F4xx_HAL_Driver/Inc/Legacy" -I"/home/garnet/Documents/DevelopmentResources/STM32Resources/stm32f411e_example/Middlewares/Third_Party/FreeRTOS/Source/portable/GCC/ARM_CM4F" -I"/home/garnet/Documents/DevelopmentResources/STM32Resources/stm32f411e_example/Drivers/CMSIS/Device/ST/STM32F4xx/Include" -I"/home/garnet/Documents/DevelopmentResources/STM32Resources/stm32f411e_example/Middlewares/Third_Party/FreeRTOS/Source/include" -I"/home/garnet/Documents/DevelopmentResources/STM32Resources/stm32f411e_example/Middlewares/Third_Party/FreeRTOS/Source/CMSIS_RTOS" -I"/home/garnet/Documents/DevelopmentResources/STM32Resources/stm32f411e_example/Drivers/CMSIS/Include" -I"/home/garnet/Documents/DevelopmentResources/STM32Resources/stm32f411e_example/Inc"  -Og -g3 -Wall -fmessage-length=0 -ffunction-sections -c -fmessage-length=0 -MMD -MP -MF"Drivers/STM32F4xx_HAL_Driver/Src/stm32f4xx_hal_pwr.d" -MT"Drivers/STM32F4xx_HAL_Driver/Src/stm32f4xx_hal_pwr.o" -o "Drivers/STM32F4xx_HAL_Driver/Src/stm32f4xx_hal_pwr.o" "../Drivers/STM32F4xx_HAL_Driver/Src/stm32f4xx_hal_pwr.c"
Finished building: ../Drivers/STM32F4xx_HAL_Driver/Src/stm32f4xx_hal_pwr.c
 
Building file: ../Drivers/STM32F4xx_HAL_Driver/Src/stm32f4xx_hal_pwr_ex.c
Invoking: MCU GCC Compiler
/home/garnet/Documents/DevelopmentResources/STM32Resources/stm32f411e_example/Debug
arm-none-eabi-gcc -mcpu=cortex-m4 -mthumb -mfloat-abi=hard -mfpu=fpv4-sp-d16 '-D__weak=__attribute__((weak))' '-D__packed="__attribute__((__packed__))"' -DUSE_HAL_DRIVER -DSTM32F411xE -I"/home/garnet/Documents/DevelopmentResources/STM32Resources/stm32f411e_example/Inc" -I"/home/garnet/Documents/DevelopmentResources/STM32Resources/stm32f411e_example/Drivers/STM32F4xx_HAL_Driver/Inc" -I"/home/garnet/Documents/DevelopmentResources/STM32Resources/stm32f411e_example/Drivers/STM32F4xx_HAL_Driver/Inc/Legacy" -I"/home/garnet/Documents/DevelopmentResources/STM32Resources/stm32f411e_example/Middlewares/Third_Party/FreeRTOS/Source/portable/GCC/ARM_CM4F" -I"/home/garnet/Documents/DevelopmentResources/STM32Resources/stm32f411e_example/Drivers/CMSIS/Device/ST/STM32F4xx/Include" -I"/home/garnet/Documents/DevelopmentResources/STM32Resources/stm32f411e_example/Middlewares/Third_Party/FreeRTOS/Source/include" -I"/home/garnet/Documents/DevelopmentResources/STM32Resources/stm32f411e_example/Middlewares/Third_Party/FreeRTOS/Source/CMSIS_RTOS" -I"/home/garnet/Documents/DevelopmentResources/STM32Resources/stm32f411e_example/Drivers/CMSIS/Include" -I"/home/garnet/Documents/DevelopmentResources/STM32Resources/stm32f411e_example/Inc"  -Og -g3 -Wall -fmessage-length=0 -ffunction-sections -c -fmessage-length=0 -MMD -MP -MF"Drivers/STM32F4xx_HAL_Driver/Src/stm32f4xx_hal_pwr_ex.d" -MT"Drivers/STM32F4xx_HAL_Driver/Src/stm32f4xx_hal_pwr_ex.o" -o "Drivers/STM32F4xx_HAL_Driver/Src/stm32f4xx_hal_pwr_ex.o" "../Drivers/STM32F4xx_HAL_Driver/Src/stm32f4xx_hal_pwr_ex.c"
Finished building: ../Drivers/STM32F4xx_HAL_Driver/Src/stm32f4xx_hal_pwr_ex.c
 
Building file: ../Drivers/STM32F4xx_HAL_Driver/Src/stm32f4xx_hal_rcc.c
Invoking: MCU GCC Compiler
/home/garnet/Documents/DevelopmentResources/STM32Resources/stm32f411e_example/Debug
arm-none-eabi-gcc -mcpu=cortex-m4 -mthumb -mfloat-abi=hard -mfpu=fpv4-sp-d16 '-D__weak=__attribute__((weak))' '-D__packed="__attribute__((__packed__))"' -DUSE_HAL_DRIVER -DSTM32F411xE -I"/home/garnet/Documents/DevelopmentResources/STM32Resources/stm32f411e_example/Inc" -I"/home/garnet/Documents/DevelopmentResources/STM32Resources/stm32f411e_example/Drivers/STM32F4xx_HAL_Driver/Inc" -I"/home/garnet/Documents/DevelopmentResources/STM32Resources/stm32f411e_example/Drivers/STM32F4xx_HAL_Driver/Inc/Legacy" -I"/home/garnet/Documents/DevelopmentResources/STM32Resources/stm32f411e_example/Middlewares/Third_Party/FreeRTOS/Source/portable/GCC/ARM_CM4F" -I"/home/garnet/Documents/DevelopmentResources/STM32Resources/stm32f411e_example/Drivers/CMSIS/Device/ST/STM32F4xx/Include" -I"/home/garnet/Documents/DevelopmentResources/STM32Resources/stm32f411e_example/Middlewares/Third_Party/FreeRTOS/Source/include" -I"/home/garnet/Documents/DevelopmentResources/STM32Resources/stm32f411e_example/Middlewares/Third_Party/FreeRTOS/Source/CMSIS_RTOS" -I"/home/garnet/Documents/DevelopmentResources/STM32Resources/stm32f411e_example/Drivers/CMSIS/Include" -I"/home/garnet/Documents/DevelopmentResources/STM32Resources/stm32f411e_example/Inc"  -Og -g3 -Wall -fmessage-length=0 -ffunction-sections -c -fmessage-length=0 -MMD -MP -MF"Drivers/STM32F4xx_HAL_Driver/Src/stm32f4xx_hal_rcc.d" -MT"Drivers/STM32F4xx_HAL_Driver/Src/stm32f4xx_hal_rcc.o" -o "Drivers/STM32F4xx_HAL_Driver/Src/stm32f4xx_hal_rcc.o" "../Drivers/STM32F4xx_HAL_Driver/Src/stm32f4xx_hal_rcc.c"
Finished building: ../Drivers/STM32F4xx_HAL_Driver/Src/stm32f4xx_hal_rcc.c
 
Building file: ../Drivers/STM32F4xx_HAL_Driver/Src/stm32f4xx_hal_rcc_ex.c
Invoking: MCU GCC Compiler
/home/garnet/Documents/DevelopmentResources/STM32Resources/stm32f411e_example/Debug
arm-none-eabi-gcc -mcpu=cortex-m4 -mthumb -mfloat-abi=hard -mfpu=fpv4-sp-d16 '-D__weak=__attribute__((weak))' '-D__packed="__attribute__((__packed__))"' -DUSE_HAL_DRIVER -DSTM32F411xE -I"/home/garnet/Documents/DevelopmentResources/STM32Resources/stm32f411e_example/Inc" -I"/home/garnet/Documents/DevelopmentResources/STM32Resources/stm32f411e_example/Drivers/STM32F4xx_HAL_Driver/Inc" -I"/home/garnet/Documents/DevelopmentResources/STM32Resources/stm32f411e_example/Drivers/STM32F4xx_HAL_Driver/Inc/Legacy" -I"/home/garnet/Documents/DevelopmentResources/STM32Resources/stm32f411e_example/Middlewares/Third_Party/FreeRTOS/Source/portable/GCC/ARM_CM4F" -I"/home/garnet/Documents/DevelopmentResources/STM32Resources/stm32f411e_example/Drivers/CMSIS/Device/ST/STM32F4xx/Include" -I"/home/garnet/Documents/DevelopmentResources/STM32Resources/stm32f411e_example/Middlewares/Third_Party/FreeRTOS/Source/include" -I"/home/garnet/Documents/DevelopmentResources/STM32Resources/stm32f411e_example/Middlewares/Third_Party/FreeRTOS/Source/CMSIS_RTOS" -I"/home/garnet/Documents/DevelopmentResources/STM32Resources/stm32f411e_example/Drivers/CMSIS/Include" -I"/home/garnet/Documents/DevelopmentResources/STM32Resources/stm32f411e_example/Inc"  -Og -g3 -Wall -fmessage-length=0 -ffunction-sections -c -fmessage-length=0 -MMD -MP -MF"Drivers/STM32F4xx_HAL_Driver/Src/stm32f4xx_hal_rcc_ex.d" -MT"Drivers/STM32F4xx_HAL_Driver/Src/stm32f4xx_hal_rcc_ex.o" -o "Drivers/STM32F4xx_HAL_Driver/Src/stm32f4xx_hal_rcc_ex.o" "../Drivers/STM32F4xx_HAL_Driver/Src/stm32f4xx_hal_rcc_ex.c"
Finished building: ../Drivers/STM32F4xx_HAL_Driver/Src/stm32f4xx_hal_rcc_ex.c
 
Building file: ../Drivers/STM32F4xx_HAL_Driver/Src/stm32f4xx_hal_tim.c
Invoking: MCU GCC Compiler
/home/garnet/Documents/DevelopmentResources/STM32Resources/stm32f411e_example/Debug
arm-none-eabi-gcc -mcpu=cortex-m4 -mthumb -mfloat-abi=hard -mfpu=fpv4-sp-d16 '-D__weak=__attribute__((weak))' '-D__packed="__attribute__((__packed__))"' -DUSE_HAL_DRIVER -DSTM32F411xE -I"/home/garnet/Documents/DevelopmentResources/STM32Resources/stm32f411e_example/Inc" -I"/home/garnet/Documents/DevelopmentResources/STM32Resources/stm32f411e_example/Drivers/STM32F4xx_HAL_Driver/Inc" -I"/home/garnet/Documents/DevelopmentResources/STM32Resources/stm32f411e_example/Drivers/STM32F4xx_HAL_Driver/Inc/Legacy" -I"/home/garnet/Documents/DevelopmentResources/STM32Resources/stm32f411e_example/Middlewares/Third_Party/FreeRTOS/Source/portable/GCC/ARM_CM4F" -I"/home/garnet/Documents/DevelopmentResources/STM32Resources/stm32f411e_example/Drivers/CMSIS/Device/ST/STM32F4xx/Include" -I"/home/garnet/Documents/DevelopmentResources/STM32Resources/stm32f411e_example/Middlewares/Third_Party/FreeRTOS/Source/include" -I"/home/garnet/Documents/DevelopmentResources/STM32Resources/stm32f411e_example/Middlewares/Third_Party/FreeRTOS/Source/CMSIS_RTOS" -I"/home/garnet/Documents/DevelopmentResources/STM32Resources/stm32f411e_example/Drivers/CMSIS/Include" -I"/home/garnet/Documents/DevelopmentResources/STM32Resources/stm32f411e_example/Inc"  -Og -g3 -Wall -fmessage-length=0 -ffunction-sections -c -fmessage-length=0 -MMD -MP -MF"Drivers/STM32F4xx_HAL_Driver/Src/stm32f4xx_hal_tim.d" -MT"Drivers/STM32F4xx_HAL_Driver/Src/stm32f4xx_hal_tim.o" -o "Drivers/STM32F4xx_HAL_Driver/Src/stm32f4xx_hal_tim.o" "../Drivers/STM32F4xx_HAL_Driver/Src/stm32f4xx_hal_tim.c"
Finished building: ../Drivers/STM32F4xx_HAL_Driver/Src/stm32f4xx_hal_tim.c
 
Building file: ../Drivers/STM32F4xx_HAL_Driver/Src/stm32f4xx_hal_tim_ex.c
Invoking: MCU GCC Compiler
/home/garnet/Documents/DevelopmentResources/STM32Resources/stm32f411e_example/Debug
arm-none-eabi-gcc -mcpu=cortex-m4 -mthumb -mfloat-abi=hard -mfpu=fpv4-sp-d16 '-D__weak=__attribute__((weak))' '-D__packed="__attribute__((__packed__))"' -DUSE_HAL_DRIVER -DSTM32F411xE -I"/home/garnet/Documents/DevelopmentResources/STM32Resources/stm32f411e_example/Inc" -I"/home/garnet/Documents/DevelopmentResources/STM32Resources/stm32f411e_example/Drivers/STM32F4xx_HAL_Driver/Inc" -I"/home/garnet/Documents/DevelopmentResources/STM32Resources/stm32f411e_example/Drivers/STM32F4xx_HAL_Driver/Inc/Legacy" -I"/home/garnet/Documents/DevelopmentResources/STM32Resources/stm32f411e_example/Middlewares/Third_Party/FreeRTOS/Source/portable/GCC/ARM_CM4F" -I"/home/garnet/Documents/DevelopmentResources/STM32Resources/stm32f411e_example/Drivers/CMSIS/Device/ST/STM32F4xx/Include" -I"/home/garnet/Documents/DevelopmentResources/STM32Resources/stm32f411e_example/Middlewares/Third_Party/FreeRTOS/Source/include" -I"/home/garnet/Documents/DevelopmentResources/STM32Resources/stm32f411e_example/Middlewares/Third_Party/FreeRTOS/Source/CMSIS_RTOS" -I"/home/garnet/Documents/DevelopmentResources/STM32Resources/stm32f411e_example/Drivers/CMSIS/Include" -I"/home/garnet/Documents/DevelopmentResources/STM32Resources/stm32f411e_example/Inc"  -Og -g3 -Wall -fmessage-length=0 -ffunction-sections -c -fmessage-length=0 -MMD -MP -MF"Drivers/STM32F4xx_HAL_Driver/Src/stm32f4xx_hal_tim_ex.d" -MT"Drivers/STM32F4xx_HAL_Driver/Src/stm32f4xx_hal_tim_ex.o" -o "Drivers/STM32F4xx_HAL_Driver/Src/stm32f4xx_hal_tim_ex.o" "../Drivers/STM32F4xx_HAL_Driver/Src/stm32f4xx_hal_tim_ex.c"
Finished building: ../Drivers/STM32F4xx_HAL_Driver/Src/stm32f4xx_hal_tim_ex.c
 
Building target: stm32f411e_example.elf
Invoking: MCU GCC Linker
arm-none-eabi-gcc -mcpu=cortex-m4 -mthumb -mfloat-abi=hard -mfpu=fpv4-sp-d16 -specs=nosys.specs -specs=nano.specs -T"../STM32F411VETx_FLASH.ld" -Wl,-Map=output.map -Wl,--gc-sections -o "stm32f411e_example.elf" @"objects.list"   -lm
Finished building target: stm32f411e_example.elf
 
make --no-print-directory post-build
Generating binary and Printing size information:
arm-none-eabi-objcopy -O binary "stm32f411e_example.elf" "stm32f411e_example.bin"
arm-none-eabi-size "stm32f411e_example.elf"
   text	   data	    bss	    dec	    hex	filename
   9232	     16	  17328	  26576	   67d0	stm32f411e_example.elf
 
19:01:52 **** Incremental Build of configuration Debug for project stm32f411e_example ****
make all 
make: Nothing to be done for 'all'.
19:02:39 **** Incremental Build of configuration Debug for project stm32f411e_example ****
make all 
Building file: ../Src/main.c
Invoking: MCU GCC Compiler
/home/garnet/Documents/DevelopmentResources/STM32Resources/stm32f411e_example/Debug
arm-none-eabi-gcc -mcpu=cortex-m4 -mthumb -mfloat-abi=hard -mfpu=fpv4-sp-d16 '-D__weak=__attribute__((weak))' '-D__packed="__attribute__((__packed__))"' -DUSE_HAL_DRIVER -DSTM32F411xE -I"/home/garnet/Documents/DevelopmentResources/STM32Resources/stm32f411e_example/Inc" -I"/home/garnet/Documents/DevelopmentResources/STM32Resources/stm32f411e_example/Drivers/STM32F4xx_HAL_Driver/Inc" -I"/home/garnet/Documents/DevelopmentResources/STM32Resources/stm32f411e_example/Drivers/STM32F4xx_HAL_Driver/Inc/Legacy" -I"/home/garnet/Documents/DevelopmentResources/STM32Resources/stm32f411e_example/Middlewares/Third_Party/FreeRTOS/Source/portable/GCC/ARM_CM4F" -I"/home/garnet/Documents/DevelopmentResources/STM32Resources/stm32f411e_example/Drivers/CMSIS/Device/ST/STM32F4xx/Include" -I"/home/garnet/Documents/DevelopmentResources/STM32Resources/stm32f411e_example/Middlewares/Third_Party/FreeRTOS/Source/include" -I"/home/garnet/Documents/DevelopmentResources/STM32Resources/stm32f411e_example/Middlewares/Third_Party/FreeRTOS/Source/CMSIS_RTOS" -I"/home/garnet/Documents/DevelopmentResources/STM32Resources/stm32f411e_example/Drivers/CMSIS/Include" -I"/home/garnet/Documents/DevelopmentResources/STM32Resources/stm32f411e_example/Inc"  -Og -g3 -Wall -fmessage-length=0 -ffunction-sections -c -fmessage-length=0 -MMD -MP -MF"Src/main.d" -MT"Src/main.o" -o "Src/main.o" "../Src/main.c"
Finished building: ../Src/main.c
 
Building target: stm32f411e_example.elf
Invoking: MCU GCC Linker
arm-none-eabi-gcc -mcpu=cortex-m4 -mthumb -mfloat-abi=hard -mfpu=fpv4-sp-d16 -specs=nosys.specs -specs=nano.specs -T"../STM32F411VETx_FLASH.ld" -Wl,-Map=output.map -Wl,--gc-sections -o "stm32f411e_example.elf" @"objects.list"   -lm
Finished building target: stm32f411e_example.elf
 
make --no-print-directory post-build
Generating binary and Printing size information:
arm-none-eabi-objcopy -O binary "stm32f411e_example.elf" "stm32f411e_example.bin"
arm-none-eabi-size "stm32f411e_example.elf"
   text	   data	    bss	    dec	    hex	filename
   9228	     16	  17328	  26572	   67cc	stm32f411e_example.elf
 
19:03:02 **** Incremental Build of configuration Debug for project stm32f411e_example ****
make all 
Building file: ../Src/main.c
Invoking: MCU GCC Compiler
/home/garnet/Documents/DevelopmentResources/STM32Resources/stm32f411e_example/Debug
arm-none-eabi-gcc -mcpu=cortex-m4 -mthumb -mfloat-abi=hard -mfpu=fpv4-sp-d16 '-D__weak=__attribute__((weak))' '-D__packed="__attribute__((__packed__))"' -DUSE_HAL_DRIVER -DSTM32F411xE -I"/home/garnet/Documents/DevelopmentResources/STM32Resources/stm32f411e_example/Inc" -I"/home/garnet/Documents/DevelopmentResources/STM32Resources/stm32f411e_example/Drivers/STM32F4xx_HAL_Driver/Inc" -I"/home/garnet/Documents/DevelopmentResources/STM32Resources/stm32f411e_example/Drivers/STM32F4xx_HAL_Driver/Inc/Legacy" -I"/home/garnet/Documents/DevelopmentResources/STM32Resources/stm32f411e_example/Middlewares/Third_Party/FreeRTOS/Source/portable/GCC/ARM_CM4F" -I"/home/garnet/Documents/DevelopmentResources/STM32Resources/stm32f411e_example/Drivers/CMSIS/Device/ST/STM32F4xx/Include" -I"/home/garnet/Documents/DevelopmentResources/STM32Resources/stm32f411e_example/Middlewares/Third_Party/FreeRTOS/Source/include" -I"/home/garnet/Documents/DevelopmentResources/STM32Resources/stm32f411e_example/Middlewares/Third_Party/FreeRTOS/Source/CMSIS_RTOS" -I"/home/garnet/Documents/DevelopmentResources/STM32Resources/stm32f411e_example/Drivers/CMSIS/Include" -I"/home/garnet/Documents/DevelopmentResources/STM32Resources/stm32f411e_example/Inc"  -Og -g3 -Wall -fmessage-length=0 -ffunction-sections -c -fmessage-length=0 -MMD -MP -MF"Src/main.d" -MT"Src/main.o" -o "Src/main.o" "../Src/main.c"
Finished building: ../Src/main.c
 
Building target: stm32f411e_example.elf
Invoking: MCU GCC Linker
arm-none-eabi-gcc -mcpu=cortex-m4 -mthumb -mfloat-abi=hard -mfpu=fpv4-sp-d16 -specs=nosys.specs -specs=nano.specs -T"../STM32F411VETx_FLASH.ld" -Wl,-Map=output.map -Wl,--gc-sections -o "stm32f411e_example.elf" @"objects.list"   -lm
Finished building target: stm32f411e_example.elf
 
make --no-print-directory post-build
Generating binary and Printing size information:
arm-none-eabi-objcopy -O binary "stm32f411e_example.elf" "stm32f411e_example.bin"
arm-none-eabi-size "stm32f411e_example.elf"
   text	   data	    bss	    dec	    hex	filename
   9240	     16	  17328	  26584	   67d8	stm32f411e_example.elf
 
19:03:32 **** Incremental Build of configuration Debug for project stm32f411e_example ****
make all 
Building file: ../Src/main.c
Invoking: MCU GCC Compiler
/home/garnet/Documents/DevelopmentResources/STM32Resources/stm32f411e_example/Debug
arm-none-eabi-gcc -mcpu=cortex-m4 -mthumb -mfloat-abi=hard -mfpu=fpv4-sp-d16 '-D__weak=__attribute__((weak))' '-D__packed="__attribute__((__packed__))"' -DUSE_HAL_DRIVER -DSTM32F411xE -I"/home/garnet/Documents/DevelopmentResources/STM32Resources/stm32f411e_example/Inc" -I"/home/garnet/Documents/DevelopmentResources/STM32Resources/stm32f411e_example/Drivers/STM32F4xx_HAL_Driver/Inc" -I"/home/garnet/Documents/DevelopmentResources/STM32Resources/stm32f411e_example/Drivers/STM32F4xx_HAL_Driver/Inc/Legacy" -I"/home/garnet/Documents/DevelopmentResources/STM32Resources/stm32f411e_example/Middlewares/Third_Party/FreeRTOS/Source/portable/GCC/ARM_CM4F" -I"/home/garnet/Documents/DevelopmentResources/STM32Resources/stm32f411e_example/Drivers/CMSIS/Device/ST/STM32F4xx/Include" -I"/home/garnet/Documents/DevelopmentResources/STM32Resources/stm32f411e_example/Middlewares/Third_Party/FreeRTOS/Source/include" -I"/home/garnet/Documents/DevelopmentResources/STM32Resources/stm32f411e_example/Middlewares/Third_Party/FreeRTOS/Source/CMSIS_RTOS" -I"/home/garnet/Documents/DevelopmentResources/STM32Resources/stm32f411e_example/Drivers/CMSIS/Include" -I"/home/garnet/Documents/DevelopmentResources/STM32Resources/stm32f411e_example/Inc"  -Og -g3 -Wall -fmessage-length=0 -ffunction-sections -c -fmessage-length=0 -MMD -MP -MF"Src/main.d" -MT"Src/main.o" -o "Src/main.o" "../Src/main.c"
../Src/main.c: In function 'blinkTheLightsTask':
../Src/main.c:374:14: warning: unused variable 'prevWakeTime' [-Wunused-variable]
     uint32_t prevWakeTime = osKernelSysTick();
              ^~~~~~~~~~~~
Finished building: ../Src/main.c
 
Building target: stm32f411e_example.elf
Invoking: MCU GCC Linker
arm-none-eabi-gcc -mcpu=cortex-m4 -mthumb -mfloat-abi=hard -mfpu=fpv4-sp-d16 -specs=nosys.specs -specs=nano.specs -T"../STM32F411VETx_FLASH.ld" -Wl,-Map=output.map -Wl,--gc-sections -o "stm32f411e_example.elf" @"objects.list"   -lm
Finished building target: stm32f411e_example.elf
 
make --no-print-directory post-build
Generating binary and Printing size information:
arm-none-eabi-objcopy -O binary "stm32f411e_example.elf" "stm32f411e_example.bin"
arm-none-eabi-size "stm32f411e_example.elf"
   text	   data	    bss	    dec	    hex	filename
   9232	     16	  17328	  26576	   67d0	stm32f411e_example.elf
 
19:04:36 **** Incremental Build of configuration Debug for project stm32f411e_example ****
make all 
Building file: ../Src/main.c
Invoking: MCU GCC Compiler
/home/garnet/Documents/DevelopmentResources/STM32Resources/stm32f411e_example/Debug
arm-none-eabi-gcc -mcpu=cortex-m4 -mthumb -mfloat-abi=hard -mfpu=fpv4-sp-d16 '-D__weak=__attribute__((weak))' '-D__packed="__attribute__((__packed__))"' -DUSE_HAL_DRIVER -DSTM32F411xE -I"/home/garnet/Documents/DevelopmentResources/STM32Resources/stm32f411e_example/Inc" -I"/home/garnet/Documents/DevelopmentResources/STM32Resources/stm32f411e_example/Drivers/STM32F4xx_HAL_Driver/Inc" -I"/home/garnet/Documents/DevelopmentResources/STM32Resources/stm32f411e_example/Drivers/STM32F4xx_HAL_Driver/Inc/Legacy" -I"/home/garnet/Documents/DevelopmentResources/STM32Resources/stm32f411e_example/Middlewares/Third_Party/FreeRTOS/Source/portable/GCC/ARM_CM4F" -I"/home/garnet/Documents/DevelopmentResources/STM32Resources/stm32f411e_example/Drivers/CMSIS/Device/ST/STM32F4xx/Include" -I"/home/garnet/Documents/DevelopmentResources/STM32Resources/stm32f411e_example/Middlewares/Third_Party/FreeRTOS/Source/include" -I"/home/garnet/Documents/DevelopmentResources/STM32Resources/stm32f411e_example/Middlewares/Third_Party/FreeRTOS/Source/CMSIS_RTOS" -I"/home/garnet/Documents/DevelopmentResources/STM32Resources/stm32f411e_example/Drivers/CMSIS/Include" -I"/home/garnet/Documents/DevelopmentResources/STM32Resources/stm32f411e_example/Inc"  -Og -g3 -Wall -fmessage-length=0 -ffunction-sections -c -fmessage-length=0 -MMD -MP -MF"Src/main.d" -MT"Src/main.o" -o "Src/main.o" "../Src/main.c"
../Src/main.c: In function 'blinkTheLightsTask':
../Src/main.c:379:9: warning: implicit declaration of function 'osDelayUngtil' [-Wimplicit-function-declaration]
         osDelayUngtil(prevWakeTime, 1000);
         ^~~~~~~~~~~~~
Src/main.o: In function `blinkTheLightsTask':
/home/garnet/Documents/DevelopmentResources/STM32Resources/stm32f411e_example/Debug/../Src/main.c:379: undefined reference to `osDelayUngtil'
collect2: error: ld returned 1 exit status
make: *** [stm32f411e_example.elf] Error 1
Finished building: ../Src/main.c
 
Building target: stm32f411e_example.elf
Invoking: MCU GCC Linker
arm-none-eabi-gcc -mcpu=cortex-m4 -mthumb -mfloat-abi=hard -mfpu=fpv4-sp-d16 -specs=nosys.specs -specs=nano.specs -T"../STM32F411VETx_FLASH.ld" -Wl,-Map=output.map -Wl,--gc-sections -o "stm32f411e_example.elf" @"objects.list"   -lm
makefile:39: recipe for target 'stm32f411e_example.elf' failed
19:04:52 **** Incremental Build of configuration Debug for project stm32f411e_example ****
make all 
Building file: ../Src/main.c
Invoking: MCU GCC Compiler
/home/garnet/Documents/DevelopmentResources/STM32Resources/stm32f411e_example/Debug
arm-none-eabi-gcc -mcpu=cortex-m4 -mthumb -mfloat-abi=hard -mfpu=fpv4-sp-d16 '-D__weak=__attribute__((weak))' '-D__packed="__attribute__((__packed__))"' -DUSE_HAL_DRIVER -DSTM32F411xE -I"/home/garnet/Documents/DevelopmentResources/STM32Resources/stm32f411e_example/Inc" -I"/home/garnet/Documents/DevelopmentResources/STM32Resources/stm32f411e_example/Drivers/STM32F4xx_HAL_Driver/Inc" -I"/home/garnet/Documents/DevelopmentResources/STM32Resources/stm32f411e_example/Drivers/STM32F4xx_HAL_Driver/Inc/Legacy" -I"/home/garnet/Documents/DevelopmentResources/STM32Resources/stm32f411e_example/Middlewares/Third_Party/FreeRTOS/Source/portable/GCC/ARM_CM4F" -I"/home/garnet/Documents/DevelopmentResources/STM32Resources/stm32f411e_example/Drivers/CMSIS/Device/ST/STM32F4xx/Include" -I"/home/garnet/Documents/DevelopmentResources/STM32Resources/stm32f411e_example/Middlewares/Third_Party/FreeRTOS/Source/include" -I"/home/garnet/Documents/DevelopmentResources/STM32Resources/stm32f411e_example/Middlewares/Third_Party/FreeRTOS/Source/CMSIS_RTOS" -I"/home/garnet/Documents/DevelopmentResources/STM32Resources/stm32f411e_example/Drivers/CMSIS/Include" -I"/home/garnet/Documents/DevelopmentResources/STM32Resources/stm32f411e_example/Inc"  -Og -g3 -Wall -fmessage-length=0 -ffunction-sections -c -fmessage-length=0 -MMD -MP -MF"Src/main.d" -MT"Src/main.o" -o "Src/main.o" "../Src/main.c"
../Src/main.c: In function 'blinkTheLightsTask':
../Src/main.c:379:22: warning: passing argument 1 of 'osDelayUntil' makes pointer from integer without a cast [-Wint-conversion]
         osDelayUntil(prevWakeTime, 1000);
                      ^~~~~~~~~~~~
In file included from ../Src/main.c:52:0:
/home/garnet/Documents/DevelopmentResources/STM32Resources/stm32f411e_example/Middlewares/Third_Party/FreeRTOS/Source/CMSIS_RTOS/cmsis_os.h:1005:10: note: expected 'uint32_t * {aka long unsigned int *}' but argument is of type 'uint32_t {aka long unsigned int}'
 osStatus osDelayUntil (uint32_t* PreviousWakeTime, uint32_t millisec);
          ^~~~~~~~~~~~
Finished building: ../Src/main.c
 
Building target: stm32f411e_example.elf
Invoking: MCU GCC Linker
arm-none-eabi-gcc -mcpu=cortex-m4 -mthumb -mfloat-abi=hard -mfpu=fpv4-sp-d16 -specs=nosys.specs -specs=nano.specs -T"../STM32F411VETx_FLASH.ld" -Wl,-Map=output.map -Wl,--gc-sections -o "stm32f411e_example.elf" @"objects.list"   -lm
Finished building target: stm32f411e_example.elf
 
make --no-print-directory post-build
Generating binary and Printing size information:
arm-none-eabi-objcopy -O binary "stm32f411e_example.elf" "stm32f411e_example.bin"
arm-none-eabi-size "stm32f411e_example.elf"
   text	   data	    bss	    dec	    hex	filename
   8948	     16	  17328	  26292	   66b4	stm32f411e_example.elf
 
19:05:26 **** Incremental Build of configuration Debug for project stm32f411e_example ****
make all 
Building file: ../Src/main.c
Invoking: MCU GCC Compiler
/home/garnet/Documents/DevelopmentResources/STM32Resources/stm32f411e_example/Debug
arm-none-eabi-gcc -mcpu=cortex-m4 -mthumb -mfloat-abi=hard -mfpu=fpv4-sp-d16 '-D__weak=__attribute__((weak))' '-D__packed="__attribute__((__packed__))"' -DUSE_HAL_DRIVER -DSTM32F411xE -I"/home/garnet/Documents/DevelopmentResources/STM32Resources/stm32f411e_example/Inc" -I"/home/garnet/Documents/DevelopmentResources/STM32Resources/stm32f411e_example/Drivers/STM32F4xx_HAL_Driver/Inc" -I"/home/garnet/Documents/DevelopmentResources/STM32Resources/stm32f411e_example/Drivers/STM32F4xx_HAL_Driver/Inc/Legacy" -I"/home/garnet/Documents/DevelopmentResources/STM32Resources/stm32f411e_example/Middlewares/Third_Party/FreeRTOS/Source/portable/GCC/ARM_CM4F" -I"/home/garnet/Documents/DevelopmentResources/STM32Resources/stm32f411e_example/Drivers/CMSIS/Device/ST/STM32F4xx/Include" -I"/home/garnet/Documents/DevelopmentResources/STM32Resources/stm32f411e_example/Middlewares/Third_Party/FreeRTOS/Source/include" -I"/home/garnet/Documents/DevelopmentResources/STM32Resources/stm32f411e_example/Middlewares/Third_Party/FreeRTOS/Source/CMSIS_RTOS" -I"/home/garnet/Documents/DevelopmentResources/STM32Resources/stm32f411e_example/Drivers/CMSIS/Include" -I"/home/garnet/Documents/DevelopmentResources/STM32Resources/stm32f411e_example/Inc"  -Og -g3 -Wall -fmessage-length=0 -ffunction-sections -c -fmessage-length=0 -MMD -MP -MF"Src/main.d" -MT"Src/main.o" -o "Src/main.o" "../Src/main.c"
../Src/main.c: In function 'blinkTheLightsTask':
../Src/main.c:379:22: warning: passing argument 1 of 'osDelayUntil' makes pointer from integer without a cast [-Wint-conversion]
         osDelayUntil(prevWakeTime, 500);
                      ^~~~~~~~~~~~
In file included from ../Src/main.c:52:0:
/home/garnet/Documents/DevelopmentResources/STM32Resources/stm32f411e_example/Middlewares/Third_Party/FreeRTOS/Source/CMSIS_RTOS/cmsis_os.h:1005:10: note: expected 'uint32_t * {aka long unsigned int *}' but argument is of type 'uint32_t {aka long unsigned int}'
 osStatus osDelayUntil (uint32_t* PreviousWakeTime, uint32_t millisec);
          ^~~~~~~~~~~~
Finished building: ../Src/main.c
 
Building target: stm32f411e_example.elf
Invoking: MCU GCC Linker
arm-none-eabi-gcc -mcpu=cortex-m4 -mthumb -mfloat-abi=hard -mfpu=fpv4-sp-d16 -specs=nosys.specs -specs=nano.specs -T"../STM32F411VETx_FLASH.ld" -Wl,-Map=output.map -Wl,--gc-sections -o "stm32f411e_example.elf" @"objects.list"   -lm
Finished building target: stm32f411e_example.elf
 
make --no-print-directory post-build
Generating binary and Printing size information:
arm-none-eabi-objcopy -O binary "stm32f411e_example.elf" "stm32f411e_example.bin"
arm-none-eabi-size "stm32f411e_example.elf"
   text	   data	    bss	    dec	    hex	filename
   8948	     16	  17328	  26292	   66b4	stm32f411e_example.elf
 
19:08:45 **** Incremental Build of configuration Debug for project stm32f411e_example ****
make all 
Building file: ../Src/main.c
Invoking: MCU GCC Compiler
/home/garnet/Documents/DevelopmentResources/STM32Resources/stm32f411e_example/Debug
arm-none-eabi-gcc -mcpu=cortex-m4 -mthumb -mfloat-abi=hard -mfpu=fpv4-sp-d16 '-D__weak=__attribute__((weak))' '-D__packed="__attribute__((__packed__))"' -DUSE_HAL_DRIVER -DSTM32F411xE -I"/home/garnet/Documents/DevelopmentResources/STM32Resources/stm32f411e_example/Inc" -I"/home/garnet/Documents/DevelopmentResources/STM32Resources/stm32f411e_example/Drivers/STM32F4xx_HAL_Driver/Inc" -I"/home/garnet/Documents/DevelopmentResources/STM32Resources/stm32f411e_example/Drivers/STM32F4xx_HAL_Driver/Inc/Legacy" -I"/home/garnet/Documents/DevelopmentResources/STM32Resources/stm32f411e_example/Middlewares/Third_Party/FreeRTOS/Source/portable/GCC/ARM_CM4F" -I"/home/garnet/Documents/DevelopmentResources/STM32Resources/stm32f411e_example/Drivers/CMSIS/Device/ST/STM32F4xx/Include" -I"/home/garnet/Documents/DevelopmentResources/STM32Resources/stm32f411e_example/Middlewares/Third_Party/FreeRTOS/Source/include" -I"/home/garnet/Documents/DevelopmentResources/STM32Resources/stm32f411e_example/Middlewares/Third_Party/FreeRTOS/Source/CMSIS_RTOS" -I"/home/garnet/Documents/DevelopmentResources/STM32Resources/stm32f411e_example/Drivers/CMSIS/Include" -I"/home/garnet/Documents/DevelopmentResources/STM32Resources/stm32f411e_example/Inc"  -Og -g3 -Wall -fmessage-length=0 -ffunction-sections -c -fmessage-length=0 -MMD -MP -MF"Src/main.d" -MT"Src/main.o" -o "Src/main.o" "../Src/main.c"
Finished building: ../Src/main.c
 
Building target: stm32f411e_example.elf
Invoking: MCU GCC Linker
arm-none-eabi-gcc -mcpu=cortex-m4 -mthumb -mfloat-abi=hard -mfpu=fpv4-sp-d16 -specs=nosys.specs -specs=nano.specs -T"../STM32F411VETx_FLASH.ld" -Wl,-Map=output.map -Wl,--gc-sections -o "stm32f411e_example.elf" @"objects.list"   -lm
Finished building target: stm32f411e_example.elf
 
make --no-print-directory post-build
Generating binary and Printing size information:
arm-none-eabi-objcopy -O binary "stm32f411e_example.elf" "stm32f411e_example.bin"
arm-none-eabi-size "stm32f411e_example.elf"
   text	   data	    bss	    dec	    hex	filename
   8948	     16	  17328	  26292	   66b4	stm32f411e_example.elf
 
19:15:10 **** Incremental Build of configuration Debug for project stm32f411e_example ****
make all 
Building file: ../Src/main.c
Invoking: MCU GCC Compiler
/home/garnet/Documents/DevelopmentResources/STM32Resources/stm32f411e_example/Debug
arm-none-eabi-gcc -mcpu=cortex-m4 -mthumb -mfloat-abi=hard -mfpu=fpv4-sp-d16 '-D__weak=__attribute__((weak))' '-D__packed="__attribute__((__packed__))"' -DUSE_HAL_DRIVER -DSTM32F411xE -I"/home/garnet/Documents/DevelopmentResources/STM32Resources/stm32f411e_example/Inc" -I"/home/garnet/Documents/DevelopmentResources/STM32Resources/stm32f411e_example/Drivers/STM32F4xx_HAL_Driver/Inc" -I"/home/garnet/Documents/DevelopmentResources/STM32Resources/stm32f411e_example/Drivers/STM32F4xx_HAL_Driver/Inc/Legacy" -I"/home/garnet/Documents/DevelopmentResources/STM32Resources/stm32f411e_example/Middlewares/Third_Party/FreeRTOS/Source/portable/GCC/ARM_CM4F" -I"/home/garnet/Documents/DevelopmentResources/STM32Resources/stm32f411e_example/Drivers/CMSIS/Device/ST/STM32F4xx/Include" -I"/home/garnet/Documents/DevelopmentResources/STM32Resources/stm32f411e_example/Middlewares/Third_Party/FreeRTOS/Source/include" -I"/home/garnet/Documents/DevelopmentResources/STM32Resources/stm32f411e_example/Middlewares/Third_Party/FreeRTOS/Source/CMSIS_RTOS" -I"/home/garnet/Documents/DevelopmentResources/STM32Resources/stm32f411e_example/Drivers/CMSIS/Include" -I"/home/garnet/Documents/DevelopmentResources/STM32Resources/stm32f411e_example/Inc"  -Og -g3 -Wall -fmessage-length=0 -ffunction-sections -c -fmessage-length=0 -MMD -MP -MF"Src/main.d" -MT"Src/main.o" -o "Src/main.o" "../Src/main.c"
../Src/main.c: In function 'blinkTheLightsTask':
../Src/main.c:382:9: error: expected ';' before 'if'
         if (toggle)
         ^~
../Src/main.c:376:9: warning: unused variable 'toggle' [-Wunused-variable]
     int toggle = 0;
         ^~~~~~
make: *** [Src/main.o] Error 1
Src/subdir.mk:33: recipe for target 'Src/main.o' failed
19:15:23 **** Incremental Build of configuration Debug for project stm32f411e_example ****
make all 
Building file: ../Src/main.c
Invoking: MCU GCC Compiler
/home/garnet/Documents/DevelopmentResources/STM32Resources/stm32f411e_example/Debug
arm-none-eabi-gcc -mcpu=cortex-m4 -mthumb -mfloat-abi=hard -mfpu=fpv4-sp-d16 '-D__weak=__attribute__((weak))' '-D__packed="__attribute__((__packed__))"' -DUSE_HAL_DRIVER -DSTM32F411xE -I"/home/garnet/Documents/DevelopmentResources/STM32Resources/stm32f411e_example/Inc" -I"/home/garnet/Documents/DevelopmentResources/STM32Resources/stm32f411e_example/Drivers/STM32F4xx_HAL_Driver/Inc" -I"/home/garnet/Documents/DevelopmentResources/STM32Resources/stm32f411e_example/Drivers/STM32F4xx_HAL_Driver/Inc/Legacy" -I"/home/garnet/Documents/DevelopmentResources/STM32Resources/stm32f411e_example/Middlewares/Third_Party/FreeRTOS/Source/portable/GCC/ARM_CM4F" -I"/home/garnet/Documents/DevelopmentResources/STM32Resources/stm32f411e_example/Drivers/CMSIS/Device/ST/STM32F4xx/Include" -I"/home/garnet/Documents/DevelopmentResources/STM32Resources/stm32f411e_example/Middlewares/Third_Party/FreeRTOS/Source/include" -I"/home/garnet/Documents/DevelopmentResources/STM32Resources/stm32f411e_example/Middlewares/Third_Party/FreeRTOS/Source/CMSIS_RTOS" -I"/home/garnet/Documents/DevelopmentResources/STM32Resources/stm32f411e_example/Drivers/CMSIS/Include" -I"/home/garnet/Documents/DevelopmentResources/STM32Resources/stm32f411e_example/Inc"  -Og -g3 -Wall -fmessage-length=0 -ffunction-sections -c -fmessage-length=0 -MMD -MP -MF"Src/main.d" -MT"Src/main.o" -o "Src/main.o" "../Src/main.c"
Finished building: ../Src/main.c
 
Building target: stm32f411e_example.elf
Invoking: MCU GCC Linker
arm-none-eabi-gcc -mcpu=cortex-m4 -mthumb -mfloat-abi=hard -mfpu=fpv4-sp-d16 -specs=nosys.specs -specs=nano.specs -T"../STM32F411VETx_FLASH.ld" -Wl,-Map=output.map -Wl,--gc-sections -o "stm32f411e_example.elf" @"objects.list"   -lm
Finished building target: stm32f411e_example.elf
 
make --no-print-directory post-build
Generating binary and Printing size information:
arm-none-eabi-objcopy -O binary "stm32f411e_example.elf" "stm32f411e_example.bin"
arm-none-eabi-size "stm32f411e_example.elf"
   text	   data	    bss	    dec	    hex	filename
   9064	     16	  17328	  26408	   6728	stm32f411e_example.elf
 
19:16:36 **** Incremental Build of configuration Debug for project stm32f411e_example ****
make all 
make: Nothing to be done for 'all'.
19:17:23 **** Incremental Build of configuration Debug for project stm32f411e_example ****
make all 
Building file: ../Src/main.c
Invoking: MCU GCC Compiler
/home/garnet/Documents/DevelopmentResources/STM32Resources/stm32f411e_example/Debug
arm-none-eabi-gcc -mcpu=cortex-m4 -mthumb -mfloat-abi=hard -mfpu=fpv4-sp-d16 '-D__weak=__attribute__((weak))' '-D__packed="__attribute__((__packed__))"' -DUSE_HAL_DRIVER -DSTM32F411xE -I"/home/garnet/Documents/DevelopmentResources/STM32Resources/stm32f411e_example/Inc" -I"/home/garnet/Documents/DevelopmentResources/STM32Resources/stm32f411e_example/Drivers/STM32F4xx_HAL_Driver/Inc" -I"/home/garnet/Documents/DevelopmentResources/STM32Resources/stm32f411e_example/Drivers/STM32F4xx_HAL_Driver/Inc/Legacy" -I"/home/garnet/Documents/DevelopmentResources/STM32Resources/stm32f411e_example/Middlewares/Third_Party/FreeRTOS/Source/portable/GCC/ARM_CM4F" -I"/home/garnet/Documents/DevelopmentResources/STM32Resources/stm32f411e_example/Drivers/CMSIS/Device/ST/STM32F4xx/Include" -I"/home/garnet/Documents/DevelopmentResources/STM32Resources/stm32f411e_example/Middlewares/Third_Party/FreeRTOS/Source/include" -I"/home/garnet/Documents/DevelopmentResources/STM32Resources/stm32f411e_example/Middlewares/Third_Party/FreeRTOS/Source/CMSIS_RTOS" -I"/home/garnet/Documents/DevelopmentResources/STM32Resources/stm32f411e_example/Drivers/CMSIS/Include" -I"/home/garnet/Documents/DevelopmentResources/STM32Resources/stm32f411e_example/Inc"  -Og -g3 -Wall -fmessage-length=0 -ffunction-sections -c -fmessage-length=0 -MMD -MP -MF"Src/main.d" -MT"Src/main.o" -o "Src/main.o" "../Src/main.c"
Finished building: ../Src/main.c
 
Building target: stm32f411e_example.elf
Invoking: MCU GCC Linker
arm-none-eabi-gcc -mcpu=cortex-m4 -mthumb -mfloat-abi=hard -mfpu=fpv4-sp-d16 -specs=nosys.specs -specs=nano.specs -T"../STM32F411VETx_FLASH.ld" -Wl,-Map=output.map -Wl,--gc-sections -o "stm32f411e_example.elf" @"objects.list"   -lm
Finished building target: stm32f411e_example.elf
 
make --no-print-directory post-build
Generating binary and Printing size information:
arm-none-eabi-objcopy -O binary "stm32f411e_example.elf" "stm32f411e_example.bin"
arm-none-eabi-size "stm32f411e_example.elf"
   text	   data	    bss	    dec	    hex	filename
   9064	     16	  17328	  26408	   6728	stm32f411e_example.elf
 
19:17:50 **** Incremental Build of configuration Debug for project stm32f411e_example ****
make all 
make: Nothing to be done for 'all'.
19:30:05 **** Incremental Build of configuration Debug for project stm32f411e_example ****
make all 
Building file: ../Src/main.c
Invoking: MCU GCC Compiler
/home/garnet/Documents/DevelopmentResources/STM32Resources/stm32f411e_example/Debug
arm-none-eabi-gcc -mcpu=cortex-m4 -mthumb -mfloat-abi=hard -mfpu=fpv4-sp-d16 '-D__weak=__attribute__((weak))' '-D__packed="__attribute__((__packed__))"' -DUSE_HAL_DRIVER -DSTM32F411xE -I"/home/garnet/Documents/DevelopmentResources/STM32Resources/stm32f411e_example/Inc" -I"/home/garnet/Documents/DevelopmentResources/STM32Resources/stm32f411e_example/Drivers/STM32F4xx_HAL_Driver/Inc" -I"/home/garnet/Documents/DevelopmentResources/STM32Resources/stm32f411e_example/Drivers/STM32F4xx_HAL_Driver/Inc/Legacy" -I"/home/garnet/Documents/DevelopmentResources/STM32Resources/stm32f411e_example/Middlewares/Third_Party/FreeRTOS/Source/portable/GCC/ARM_CM4F" -I"/home/garnet/Documents/DevelopmentResources/STM32Resources/stm32f411e_example/Drivers/CMSIS/Device/ST/STM32F4xx/Include" -I"/home/garnet/Documents/DevelopmentResources/STM32Resources/stm32f411e_example/Middlewares/Third_Party/FreeRTOS/Source/include" -I"/home/garnet/Documents/DevelopmentResources/STM32Resources/stm32f411e_example/Middlewares/Third_Party/FreeRTOS/Source/CMSIS_RTOS" -I"/home/garnet/Documents/DevelopmentResources/STM32Resources/stm32f411e_example/Drivers/CMSIS/Include" -I"/home/garnet/Documents/DevelopmentResources/STM32Resources/stm32f411e_example/Inc"  -Og -g3 -Wall -fmessage-length=0 -ffunction-sections -c -fmessage-length=0 -MMD -MP -MF"Src/main.d" -MT"Src/main.o" -o "Src/main.o" "../Src/main.c"
Finished building: ../Src/main.c
 
Building target: stm32f411e_example.elf
Invoking: MCU GCC Linker
arm-none-eabi-gcc -mcpu=cortex-m4 -mthumb -mfloat-abi=hard -mfpu=fpv4-sp-d16 -specs=nosys.specs -specs=nano.specs -T"../STM32F411VETx_FLASH.ld" -Wl,-Map=output.map -Wl,--gc-sections -o "stm32f411e_example.elf" @"objects.list"   -lm
Finished building target: stm32f411e_example.elf
 
make --no-print-directory post-build
Generating binary and Printing size information:
arm-none-eabi-objcopy -O binary "stm32f411e_example.elf" "stm32f411e_example.bin"
arm-none-eabi-size "stm32f411e_example.elf"
   text	   data	    bss	    dec	    hex	filename
   8740	     16	  17328	  26084	   65e4	stm32f411e_example.elf
 
19:30:29 **** Incremental Build of configuration Debug for project stm32f411e_example ****
make all 
make: Nothing to be done for 'all'.
19:31:17 **** Incremental Build of configuration Debug for project stm32f411e_example ****
make all 
make: Nothing to be done for 'all'.
19:31:49 **** Incremental Build of configuration Debug for project stm32f411e_example ****
make all 
make: Nothing to be done for 'all'.
19:32:24 **** Incremental Build of configuration Debug for project stm32f411e_example ****
make all 
Building file: ../Src/main.c
Invoking: MCU GCC Compiler
/home/garnet/Documents/DevelopmentResources/STM32Resources/stm32f411e_example/Debug
arm-none-eabi-gcc -mcpu=cortex-m4 -mthumb -mfloat-abi=hard -mfpu=fpv4-sp-d16 '-D__weak=__attribute__((weak))' '-D__packed="__attribute__((__packed__))"' -DUSE_HAL_DRIVER -DSTM32F411xE -I"/home/garnet/Documents/DevelopmentResources/STM32Resources/stm32f411e_example/Inc" -I"/home/garnet/Documents/DevelopmentResources/STM32Resources/stm32f411e_example/Drivers/STM32F4xx_HAL_Driver/Inc" -I"/home/garnet/Documents/DevelopmentResources/STM32Resources/stm32f411e_example/Drivers/STM32F4xx_HAL_Driver/Inc/Legacy" -I"/home/garnet/Documents/DevelopmentResources/STM32Resources/stm32f411e_example/Middlewares/Third_Party/FreeRTOS/Source/portable/GCC/ARM_CM4F" -I"/home/garnet/Documents/DevelopmentResources/STM32Resources/stm32f411e_example/Drivers/CMSIS/Device/ST/STM32F4xx/Include" -I"/home/garnet/Documents/DevelopmentResources/STM32Resources/stm32f411e_example/Middlewares/Third_Party/FreeRTOS/Source/include" -I"/home/garnet/Documents/DevelopmentResources/STM32Resources/stm32f411e_example/Middlewares/Third_Party/FreeRTOS/Source/CMSIS_RTOS" -I"/home/garnet/Documents/DevelopmentResources/STM32Resources/stm32f411e_example/Drivers/CMSIS/Include" -I"/home/garnet/Documents/DevelopmentResources/STM32Resources/stm32f411e_example/Inc"  -Og -g3 -Wall -fmessage-length=0 -ffunction-sections -c -fmessage-length=0 -MMD -MP -MF"Src/main.d" -MT"Src/main.o" -o "Src/main.o" "../Src/main.c"
Finished building: ../Src/main.c
 
Building target: stm32f411e_example.elf
Invoking: MCU GCC Linker
arm-none-eabi-gcc -mcpu=cortex-m4 -mthumb -mfloat-abi=hard -mfpu=fpv4-sp-d16 -specs=nosys.specs -specs=nano.specs -T"../STM32F411VETx_FLASH.ld" -Wl,-Map=output.map -Wl,--gc-sections -o "stm32f411e_example.elf" @"objects.list"   -lm
Finished building target: stm32f411e_example.elf
 
make --no-print-directory post-build
Generating binary and Printing size information:
arm-none-eabi-objcopy -O binary "stm32f411e_example.elf" "stm32f411e_example.bin"
arm-none-eabi-size "stm32f411e_example.elf"
   text	   data	    bss	    dec	    hex	filename
   9064	     16	  17328	  26408	   6728	stm32f411e_example.elf
 
19:33:01 **** Incremental Build of configuration Debug for project stm32f411e_example ****
make all 
make: Nothing to be done for 'all'.
19:33:27 **** Incremental Build of configuration Debug for project stm32f411e_example ****
make all 
make: Nothing to be done for 'all'.
19:35:02 **** Incremental Build of configuration Debug for project stm32f411e_example ****
make all 
Building file: ../Src/main.c
Invoking: MCU GCC Compiler
/home/garnet/Documents/DevelopmentResources/STM32Resources/stm32f411e_example/Debug
arm-none-eabi-gcc -mcpu=cortex-m4 -mthumb -mfloat-abi=hard -mfpu=fpv4-sp-d16 '-D__weak=__attribute__((weak))' '-D__packed="__attribute__((__packed__))"' -DUSE_HAL_DRIVER -DSTM32F411xE -I"/home/garnet/Documents/DevelopmentResources/STM32Resources/stm32f411e_example/Inc" -I"/home/garnet/Documents/DevelopmentResources/STM32Resources/stm32f411e_example/Drivers/STM32F4xx_HAL_Driver/Inc" -I"/home/garnet/Documents/DevelopmentResources/STM32Resources/stm32f411e_example/Drivers/STM32F4xx_HAL_Driver/Inc/Legacy" -I"/home/garnet/Documents/DevelopmentResources/STM32Resources/stm32f411e_example/Middlewares/Third_Party/FreeRTOS/Source/portable/GCC/ARM_CM4F" -I"/home/garnet/Documents/DevelopmentResources/STM32Resources/stm32f411e_example/Drivers/CMSIS/Device/ST/STM32F4xx/Include" -I"/home/garnet/Documents/DevelopmentResources/STM32Resources/stm32f411e_example/Middlewares/Third_Party/FreeRTOS/Source/include" -I"/home/garnet/Documents/DevelopmentResources/STM32Resources/stm32f411e_example/Middlewares/Third_Party/FreeRTOS/Source/CMSIS_RTOS" -I"/home/garnet/Documents/DevelopmentResources/STM32Resources/stm32f411e_example/Drivers/CMSIS/Include" -I"/home/garnet/Documents/DevelopmentResources/STM32Resources/stm32f411e_example/Inc"  -Og -g3 -Wall -fmessage-length=0 -ffunction-sections -c -fmessage-length=0 -MMD -MP -MF"Src/main.d" -MT"Src/main.o" -o "Src/main.o" "../Src/main.c"
Finished building: ../Src/main.c
 
Building target: stm32f411e_example.elf
Invoking: MCU GCC Linker
arm-none-eabi-gcc -mcpu=cortex-m4 -mthumb -mfloat-abi=hard -mfpu=fpv4-sp-d16 -specs=nosys.specs -specs=nano.specs -T"../STM32F411VETx_FLASH.ld" -Wl,-Map=output.map -Wl,--gc-sections -o "stm32f411e_example.elf" @"objects.list"   -lm
Finished building target: stm32f411e_example.elf
 
make --no-print-directory post-build
Generating binary and Printing size information:
arm-none-eabi-objcopy -O binary "stm32f411e_example.elf" "stm32f411e_example.bin"
arm-none-eabi-size "stm32f411e_example.elf"
   text	   data	    bss	    dec	    hex	filename
   8708	     16	  17328	  26052	   65c4	stm32f411e_example.elf
 
19:35:30 **** Incremental Build of configuration Debug for project stm32f411e_example ****
make all 
Building file: ../Src/main.c
Invoking: MCU GCC Compiler
/home/garnet/Documents/DevelopmentResources/STM32Resources/stm32f411e_example/Debug
arm-none-eabi-gcc -mcpu=cortex-m4 -mthumb -mfloat-abi=hard -mfpu=fpv4-sp-d16 '-D__weak=__attribute__((weak))' '-D__packed="__attribute__((__packed__))"' -DUSE_HAL_DRIVER -DSTM32F411xE -I"/home/garnet/Documents/DevelopmentResources/STM32Resources/stm32f411e_example/Inc" -I"/home/garnet/Documents/DevelopmentResources/STM32Resources/stm32f411e_example/Drivers/STM32F4xx_HAL_Driver/Inc" -I"/home/garnet/Documents/DevelopmentResources/STM32Resources/stm32f411e_example/Drivers/STM32F4xx_HAL_Driver/Inc/Legacy" -I"/home/garnet/Documents/DevelopmentResources/STM32Resources/stm32f411e_example/Middlewares/Third_Party/FreeRTOS/Source/portable/GCC/ARM_CM4F" -I"/home/garnet/Documents/DevelopmentResources/STM32Resources/stm32f411e_example/Drivers/CMSIS/Device/ST/STM32F4xx/Include" -I"/home/garnet/Documents/DevelopmentResources/STM32Resources/stm32f411e_example/Middlewares/Third_Party/FreeRTOS/Source/include" -I"/home/garnet/Documents/DevelopmentResources/STM32Resources/stm32f411e_example/Middlewares/Third_Party/FreeRTOS/Source/CMSIS_RTOS" -I"/home/garnet/Documents/DevelopmentResources/STM32Resources/stm32f411e_example/Drivers/CMSIS/Include" -I"/home/garnet/Documents/DevelopmentResources/STM32Resources/stm32f411e_example/Inc"  -Og -g3 -Wall -fmessage-length=0 -ffunction-sections -c -fmessage-length=0 -MMD -MP -MF"Src/main.d" -MT"Src/main.o" -o "Src/main.o" "../Src/main.c"
Finished building: ../Src/main.c
 
Building target: stm32f411e_example.elf
Invoking: MCU GCC Linker
arm-none-eabi-gcc -mcpu=cortex-m4 -mthumb -mfloat-abi=hard -mfpu=fpv4-sp-d16 -specs=nosys.specs -specs=nano.specs -T"../STM32F411VETx_FLASH.ld" -Wl,-Map=output.map -Wl,--gc-sections -o "stm32f411e_example.elf" @"objects.list"   -lm
Finished building target: stm32f411e_example.elf
 
make --no-print-directory post-build
Generating binary and Printing size information:
arm-none-eabi-objcopy -O binary "stm32f411e_example.elf" "stm32f411e_example.bin"
arm-none-eabi-size "stm32f411e_example.elf"
   text	   data	    bss	    dec	    hex	filename
   8708	     16	  17328	  26052	   65c4	stm32f411e_example.elf
 
