19:35:30 **** Incremental Build of configuration Debug for project stm32f411e_example ****
make all 
Building file: ../Src/main.c
Invoking: MCU GCC Compiler
/home/garnet/Documents/DevelopmentResources/STM32Resources/stm32f411e_example/Debug
arm-none-eabi-gcc -mcpu=cortex-m4 -mthumb -mfloat-abi=hard -mfpu=fpv4-sp-d16 '-D__weak=__attribute__((weak))' '-D__packed="__attribute__((__packed__))"' -DUSE_HAL_DRIVER -DSTM32F411xE -I"/home/garnet/Documents/DevelopmentResources/STM32Resources/stm32f411e_example/Inc" -I"/home/garnet/Documents/DevelopmentResources/STM32Resources/stm32f411e_example/Drivers/STM32F4xx_HAL_Driver/Inc" -I"/home/garnet/Documents/DevelopmentResources/STM32Resources/stm32f411e_example/Drivers/STM32F4xx_HAL_Driver/Inc/Legacy" -I"/home/garnet/Documents/DevelopmentResources/STM32Resources/stm32f411e_example/Middlewares/Third_Party/FreeRTOS/Source/portable/GCC/ARM_CM4F" -I"/home/garnet/Documents/DevelopmentResources/STM32Resources/stm32f411e_example/Drivers/CMSIS/Device/ST/STM32F4xx/Include" -I"/home/garnet/Documents/DevelopmentResources/STM32Resources/stm32f411e_example/Middlewares/Third_Party/FreeRTOS/Source/include" -I"/home/garnet/Documents/DevelopmentResources/STM32Resources/stm32f411e_example/Middlewares/Third_Party/FreeRTOS/Source/CMSIS_RTOS" -I"/home/garnet/Documents/DevelopmentResources/STM32Resources/stm32f411e_example/Drivers/CMSIS/Include" -I"/home/garnet/Documents/DevelopmentResources/STM32Resources/stm32f411e_example/Inc"  -Og -g3 -Wall -fmessage-length=0 -ffunction-sections -c -fmessage-length=0 -MMD -MP -MF"Src/main.d" -MT"Src/main.o" -o "Src/main.o" "../Src/main.c"
Finished building: ../Src/main.c
 
Building target: stm32f411e_example.elf
Invoking: MCU GCC Linker
arm-none-eabi-gcc -mcpu=cortex-m4 -mthumb -mfloat-abi=hard -mfpu=fpv4-sp-d16 -specs=nosys.specs -specs=nano.specs -T"../STM32F411VETx_FLASH.ld" -Wl,-Map=output.map -Wl,--gc-sections -o "stm32f411e_example.elf" @"objects.list"   -lm
Finished building target: stm32f411e_example.elf
 
make --no-print-directory post-build
Generating binary and Printing size information:
arm-none-eabi-objcopy -O binary "stm32f411e_example.elf" "stm32f411e_example.bin"
arm-none-eabi-size "stm32f411e_example.elf"
   text	   data	    bss	    dec	    hex	filename
   8708	     16	  17328	  26052	   65c4	stm32f411e_example.elf
 

19:35:31 Build Finished (took 787ms)

