Archive member included to satisfy reference by file (symbol)

/opt/gcc4mbed/gcc-arm-none-eabi/bin/../lib/gcc/arm-none-eabi/6.3.1/../../../../arm-none-eabi/lib/thumb/v7e-m/fpv4-sp/hard/libc_nano.a(lib_a-exit.o)
                              /opt/gcc4mbed/gcc-arm-none-eabi/bin/../lib/gcc/arm-none-eabi/6.3.1/../../../../arm-none-eabi/lib/thumb/v7e-m/fpv4-sp/hard/crt0.o (exit)
/opt/gcc4mbed/gcc-arm-none-eabi/bin/../lib/gcc/arm-none-eabi/6.3.1/../../../../arm-none-eabi/lib/thumb/v7e-m/fpv4-sp/hard/libc_nano.a(lib_a-impure.o)
                              /opt/gcc4mbed/gcc-arm-none-eabi/bin/../lib/gcc/arm-none-eabi/6.3.1/../../../../arm-none-eabi/lib/thumb/v7e-m/fpv4-sp/hard/libc_nano.a(lib_a-exit.o) (_global_impure_ptr)
/opt/gcc4mbed/gcc-arm-none-eabi/bin/../lib/gcc/arm-none-eabi/6.3.1/../../../../arm-none-eabi/lib/thumb/v7e-m/fpv4-sp/hard/libc_nano.a(lib_a-init.o)
                              /opt/gcc4mbed/gcc-arm-none-eabi/bin/../lib/gcc/arm-none-eabi/6.3.1/../../../../arm-none-eabi/lib/thumb/v7e-m/fpv4-sp/hard/crt0.o (__libc_init_array)
/opt/gcc4mbed/gcc-arm-none-eabi/bin/../lib/gcc/arm-none-eabi/6.3.1/../../../../arm-none-eabi/lib/thumb/v7e-m/fpv4-sp/hard/libc_nano.a(lib_a-memcpy-stub.o)
                              build/queue.o (memcpy)
/opt/gcc4mbed/gcc-arm-none-eabi/bin/../lib/gcc/arm-none-eabi/6.3.1/../../../../arm-none-eabi/lib/thumb/v7e-m/fpv4-sp/hard/libc_nano.a(lib_a-memset.o)
                              /opt/gcc4mbed/gcc-arm-none-eabi/bin/../lib/gcc/arm-none-eabi/6.3.1/../../../../arm-none-eabi/lib/thumb/v7e-m/fpv4-sp/hard/crt0.o (memset)
/opt/gcc4mbed/gcc-arm-none-eabi/bin/../lib/gcc/arm-none-eabi/6.3.1/../../../../arm-none-eabi/lib/thumb/v7e-m/fpv4-sp/hard/libnosys.a(_exit.o)
                              /opt/gcc4mbed/gcc-arm-none-eabi/bin/../lib/gcc/arm-none-eabi/6.3.1/../../../../arm-none-eabi/lib/thumb/v7e-m/fpv4-sp/hard/libc_nano.a(lib_a-exit.o) (_exit)
/opt/gcc4mbed/gcc-arm-none-eabi/bin/../lib/gcc/arm-none-eabi/6.3.1/thumb/v7e-m/fpv4-sp/hard/libgcc.a(_aeabi_uldivmod.o)
                              build/stm32f4xx_hal_rcc.o (__aeabi_uldivmod)
/opt/gcc4mbed/gcc-arm-none-eabi/bin/../lib/gcc/arm-none-eabi/6.3.1/thumb/v7e-m/fpv4-sp/hard/libgcc.a(_udivmoddi4.o)
                              /opt/gcc4mbed/gcc-arm-none-eabi/bin/../lib/gcc/arm-none-eabi/6.3.1/thumb/v7e-m/fpv4-sp/hard/libgcc.a(_aeabi_uldivmod.o) (__udivmoddi4)
/opt/gcc4mbed/gcc-arm-none-eabi/bin/../lib/gcc/arm-none-eabi/6.3.1/thumb/v7e-m/fpv4-sp/hard/libgcc.a(_dvmd_tls.o)
                              /opt/gcc4mbed/gcc-arm-none-eabi/bin/../lib/gcc/arm-none-eabi/6.3.1/thumb/v7e-m/fpv4-sp/hard/libgcc.a(_aeabi_uldivmod.o) (__aeabi_ldiv0)

Allocating common symbols
Common symbol       size              file

defaultTaskHandle   0x4               build/main.o
uwTick              0x4               build/stm32f4xx_hal.o
xQueueRegistry      0x40              build/queue.o
pFlash              0x20              build/stm32f4xx_hal_flash.o
htim1               0x3c              build/stm32f4xx_hal_timebase_TIM.o

Discarded input sections

 .text          0x0000000000000000        0x0 /opt/gcc4mbed/gcc-arm-none-eabi/bin/../lib/gcc/arm-none-eabi/6.3.1/thumb/v7e-m/fpv4-sp/hard/crti.o
 .data          0x0000000000000000        0x0 /opt/gcc4mbed/gcc-arm-none-eabi/bin/../lib/gcc/arm-none-eabi/6.3.1/thumb/v7e-m/fpv4-sp/hard/crti.o
 .bss           0x0000000000000000        0x0 /opt/gcc4mbed/gcc-arm-none-eabi/bin/../lib/gcc/arm-none-eabi/6.3.1/thumb/v7e-m/fpv4-sp/hard/crti.o
 .data          0x0000000000000000        0x4 /opt/gcc4mbed/gcc-arm-none-eabi/bin/../lib/gcc/arm-none-eabi/6.3.1/thumb/v7e-m/fpv4-sp/hard/crtbegin.o
 .text          0x0000000000000000       0x74 /opt/gcc4mbed/gcc-arm-none-eabi/bin/../lib/gcc/arm-none-eabi/6.3.1/../../../../arm-none-eabi/lib/thumb/v7e-m/fpv4-sp/hard/crt0.o
 .data          0x0000000000000000        0x0 /opt/gcc4mbed/gcc-arm-none-eabi/bin/../lib/gcc/arm-none-eabi/6.3.1/../../../../arm-none-eabi/lib/thumb/v7e-m/fpv4-sp/hard/crt0.o
 .bss           0x0000000000000000        0x0 /opt/gcc4mbed/gcc-arm-none-eabi/bin/../lib/gcc/arm-none-eabi/6.3.1/../../../../arm-none-eabi/lib/thumb/v7e-m/fpv4-sp/hard/crt0.o
 .ARM.extab     0x0000000000000000        0x0 /opt/gcc4mbed/gcc-arm-none-eabi/bin/../lib/gcc/arm-none-eabi/6.3.1/../../../../arm-none-eabi/lib/thumb/v7e-m/fpv4-sp/hard/crt0.o
 .ARM.exidx     0x0000000000000000        0x8 /opt/gcc4mbed/gcc-arm-none-eabi/bin/../lib/gcc/arm-none-eabi/6.3.1/../../../../arm-none-eabi/lib/thumb/v7e-m/fpv4-sp/hard/crt0.o
 .ARM.attributes
                0x0000000000000000       0x20 /opt/gcc4mbed/gcc-arm-none-eabi/bin/../lib/gcc/arm-none-eabi/6.3.1/../../../../arm-none-eabi/lib/thumb/v7e-m/fpv4-sp/hard/crt0.o
 .text          0x0000000000000000        0x0 build/stm32f4xx_hal.o
 .data          0x0000000000000000        0x0 build/stm32f4xx_hal.o
 .bss           0x0000000000000000        0x0 build/stm32f4xx_hal.o
 .text.HAL_DeInit
[...]
Memory Configuration

Name             Origin             Length             Attributes
RAM              0x0000000020000000 0x0000000000020000 xrw
FLASH            0x0000000008000000 0x0000000000080000 xr
*default*        0x0000000000000000 0xffffffffffffffff

Linker script and memory map

LOAD /opt/gcc4mbed/gcc-arm-none-eabi/bin/../lib/gcc/arm-none-eabi/6.3.1/thumb/v7e-m/fpv4-sp/hard/crti.o
LOAD /opt/gcc4mbed/gcc-arm-none-eabi/bin/../lib/gcc/arm-none-eabi/6.3.1/thumb/v7e-m/fpv4-sp/hard/crtbegin.o
LOAD /opt/gcc4mbed/gcc-arm-none-eabi/bin/../lib/gcc/arm-none-eabi/6.3.1/../../../../arm-none-eabi/lib/thumb/v7e-m/fpv4-sp/hard/crt0.o
LOAD build/stm32f4xx_hal.o
LOAD build/stm32f4xx_hal_cortex.o
LOAD build/stm32f4xx_hal_dma.o
LOAD build/stm32f4xx_hal_dma_ex.o
LOAD build/stm32f4xx_hal_flash.o
LOAD build/stm32f4xx_hal_flash_ex.o
LOAD build/stm32f4xx_hal_flash_ramfunc.o
LOAD build/stm32f4xx_hal_gpio.o
LOAD build/stm32f4xx_hal_pwr.o
LOAD build/stm32f4xx_hal_pwr_ex.o
LOAD build/stm32f4xx_hal_rcc.o
LOAD build/stm32f4xx_hal_rcc_ex.o
LOAD build/stm32f4xx_hal_tim.o
LOAD build/stm32f4xx_hal_tim_ex.o
LOAD build/croutine.o
LOAD build/event_groups.o
LOAD build/list.o
LOAD build/queue.o
LOAD build/tasks.o
LOAD build/timers.o
LOAD build/cmsis_os.o
LOAD build/port.o
LOAD build/heap_4.o
LOAD build/freertos.o
LOAD build/main.o
LOAD build/stm32f4xx_hal_msp.o
LOAD build/stm32f4xx_hal_timebase_TIM.o
LOAD build/stm32f4xx_it.o
LOAD build/system_stm32f4xx.o
LOAD build/startup_stm32f411xe.o
LOAD /opt/gcc4mbed/gcc-arm-none-eabi/bin/../lib/gcc/arm-none-eabi/6.3.1/../../../../arm-none-eabi/lib/thumb/v7e-m/fpv4-sp/hard/libc_nano.a
LOAD /opt/gcc4mbed/gcc-arm-none-eabi/bin/../lib/gcc/arm-none-eabi/6.3.1/../../../../arm-none-eabi/lib/thumb/v7e-m/fpv4-sp/hard/libm.a
LOAD /opt/gcc4mbed/gcc-arm-none-eabi/bin/../lib/gcc/arm-none-eabi/6.3.1/../../../../arm-none-eabi/lib/thumb/v7e-m/fpv4-sp/hard/libnosys.a
START GROUP
LOAD /opt/gcc4mbed/gcc-arm-none-eabi/bin/../lib/gcc/arm-none-eabi/6.3.1/thumb/v7e-m/fpv4-sp/hard/libgcc.a
LOAD /opt/gcc4mbed/gcc-arm-none-eabi/bin/../lib/gcc/arm-none-eabi/6.3.1/../../../../arm-none-eabi/lib/thumb/v7e-m/fpv4-sp/hard/libc_nano.a
END GROUP
START GROUP
LOAD /opt/gcc4mbed/gcc-arm-none-eabi/bin/../lib/gcc/arm-none-eabi/6.3.1/thumb/v7e-m/fpv4-sp/hard/libgcc.a
LOAD /opt/gcc4mbed/gcc-arm-none-eabi/bin/../lib/gcc/arm-none-eabi/6.3.1/../../../../arm-none-eabi/lib/thumb/v7e-m/fpv4-sp/hard/libc_nano.a
END GROUP
LOAD /opt/gcc4mbed/gcc-arm-none-eabi/bin/../lib/gcc/arm-none-eabi/6.3.1/thumb/v7e-m/fpv4-sp/hard/crtend.o
LOAD /opt/gcc4mbed/gcc-arm-none-eabi/bin/../lib/gcc/arm-none-eabi/6.3.1/thumb/v7e-m/fpv4-sp/hard/crtn.o
                0x0000000020020000                _estack = 0x20020000
                0x0000000000000200                _Min_Heap_Size = 0x200
                0x0000000000000400                _Min_Stack_Size = 0x400

.isr_vector     0x0000000008000000      0x198
                0x0000000008000000                . = ALIGN (0x4)
 *(.isr_vector)
 .isr_vector    0x0000000008000000      0x198 build/startup_stm32f411xe.o
                0x0000000008000000                g_pfnVectors
                0x0000000008000198                . = ALIGN (0x4)

.text           0x00000000080001a0     0x2e90
                0x00000000080001a0                . = ALIGN (0x4)
 *(.text)
 .text          0x00000000080001a0       0x6c /opt/gcc4mbed/gcc-arm-none-eabi/bin/../lib/gcc/arm-none-eabi/6.3.1/thumb/v7e-m/fpv4-sp/hard/crtbegin.o
 .text          0x000000000800020c       0x30 /opt/gcc4mbed/gcc-arm-none-eabi/bin/../lib/gcc/arm-none-eabi/6.3.1/thumb/v7e-m/fpv4-sp/hard/libgcc.a(_aeabi_uldivmod.o)
                0x000000000800020c                __aeabi_uldivmod
 .text          0x000000000800023c      0x2dc /opt/gcc4mbed/gcc-arm-none-eabi/bin/../lib/gcc/arm-none-eabi/6.3.1/thumb/v7e-m/fpv4-sp/hard/libgcc.a(_udivmoddi4.o)
                0x000000000800023c                __udivmoddi4
 .text          0x0000000008000518        0x4 /opt/gcc4mbed/gcc-arm-none-eabi/bin/../lib/gcc/arm-none-eabi/6.3.1/thumb/v7e-m/fpv4-sp/hard/libgcc.a(_dvmd_tls.o)
                0x0000000008000518                __aeabi_ldiv0
                0x0000000008000518                __aeabi_idiv0
 *(.text*)
 .text.HAL_Init
                0x000000000800051c       0x44 build/stm32f4xx_hal.o
                0x000000000800051c                HAL_Init
 .text.HAL_IncTick
                0x0000000008000560       0x1c build/stm32f4xx_hal.o
                0x0000000008000560                HAL_IncTick
 .text.HAL_GetTick
                0x000000000800057c       0x18 build/stm32f4xx_hal.o
                0x000000000800057c                HAL_GetTick
 .text.NVIC_SetPriorityGrouping
                0x0000000008000594       0x48 build/stm32f4xx_hal_cortex.o
 .text.NVIC_GetPriorityGrouping
                0x00000000080005dc       0x1c build/stm32f4xx_hal_cortex.o
 .text.NVIC_EnableIRQ
                0x00000000080005f8       0x34 build/stm32f4xx_hal_cortex.o
 .text.NVIC_SetPriority
                0x000000000800062c       0x54 build/stm32f4xx_hal_cortex.o
 .text.NVIC_EncodePriority
                0x0000000008000680       0x62 build/stm32f4xx_hal_cortex.o
 *fill*         0x00000000080006e2        0x2 
 .text.SysTick_Config
                0x00000000080006e4       0x44 build/stm32f4xx_hal_cortex.o
 .text.HAL_NVIC_SetPriorityGrouping
                0x0000000008000728       0x16 build/stm32f4xx_hal_cortex.o
                0x0000000008000728                HAL_NVIC_SetPriorityGrouping
 .text.HAL_NVIC_SetPriority
                0x000000000800073e       0x38 build/stm32f4xx_hal_cortex.o
                0x000000000800073e                HAL_NVIC_SetPriority
 .text.HAL_NVIC_EnableIRQ
                0x0000000008000776       0x1c build/stm32f4xx_hal_cortex.o
                0x0000000008000776                HAL_NVIC_EnableIRQ
 .text.HAL_SYSTICK_Config
                0x0000000008000792       0x18 build/stm32f4xx_hal_cortex.o
                0x0000000008000792                HAL_SYSTICK_Config
 *fill*         0x00000000080007aa        0x2 
 .text.HAL_SYSTICK_CLKSourceConfig
                0x00000000080007ac       0x38 build/stm32f4xx_hal_cortex.o
                0x00000000080007ac                HAL_SYSTICK_CLKSourceConfig
 .text.HAL_GPIO_Init
                0x00000000080007e4      0x304 build/stm32f4xx_hal_gpio.o
                0x00000000080007e4                HAL_GPIO_Init
 .text.HAL_GPIO_ReadPin
                0x0000000008000ae8       0x30 build/stm32f4xx_hal_gpio.o
                0x0000000008000ae8                HAL_GPIO_ReadPin
 .text.HAL_GPIO_WritePin
                0x0000000008000b18       0x32 build/stm32f4xx_hal_gpio.o
                0x0000000008000b18                HAL_GPIO_WritePin
 .text.HAL_GPIO_TogglePin
                0x0000000008000b4a       0x24 build/stm32f4xx_hal_gpio.o
                0x0000000008000b4a                HAL_GPIO_TogglePin
 *fill*         0x0000000008000b6e        0x2 
 .text.HAL_RCC_OscConfig
                0x0000000008000b70      0x450 build/stm32f4xx_hal_rcc.o
                0x0000000008000b70                HAL_RCC_OscConfig
 .text.HAL_RCC_ClockConfig
                0x0000000008000fc0      0x1c4 build/stm32f4xx_hal_rcc.o
                0x0000000008000fc0                HAL_RCC_ClockConfig
 .text.HAL_RCC_GetSysClockFreq
                0x0000000008001184      0x1b0 build/stm32f4xx_hal_rcc.o
                0x0000000008001184                HAL_RCC_GetSysClockFreq
 .text.HAL_RCC_GetHCLKFreq
                0x0000000008001334       0x18 build/stm32f4xx_hal_rcc.o
                0x0000000008001334                HAL_RCC_GetHCLKFreq
 .text.HAL_RCC_GetPCLK2Freq
                0x000000000800134c       0x28 build/stm32f4xx_hal_rcc.o
                0x000000000800134c                HAL_RCC_GetPCLK2Freq
 .text.HAL_RCC_GetClockConfig
                0x0000000008001374       0x64 build/stm32f4xx_hal_rcc.o
                0x0000000008001374                HAL_RCC_GetClockConfig
 .text.HAL_TIM_Base_Init
                0x00000000080013d8       0x56 build/stm32f4xx_hal_tim.o
                0x00000000080013d8                HAL_TIM_Base_Init
 .text.HAL_TIM_Base_MspInit
                0x000000000800142e       0x14 build/stm32f4xx_hal_tim.o
                0x000000000800142e                HAL_TIM_Base_MspInit
 .text.HAL_TIM_Base_Start_IT
                0x0000000008001442       0x36 build/stm32f4xx_hal_tim.o
                0x0000000008001442                HAL_TIM_Base_Start_IT
 .text.HAL_TIM_IRQHandler
                0x0000000008001478      0x210 build/stm32f4xx_hal_tim.o
                0x0000000008001478                HAL_TIM_IRQHandler
 .text.HAL_TIM_OC_DelayElapsedCallback
                0x0000000008001688       0x14 build/stm32f4xx_hal_tim.o
                0x0000000008001688                HAL_TIM_OC_DelayElapsedCallback
 .text.HAL_TIM_IC_CaptureCallback
                0x000000000800169c       0x14 build/stm32f4xx_hal_tim.o
                0x000000000800169c                HAL_TIM_IC_CaptureCallback
 .text.HAL_TIM_PWM_PulseFinishedCallback
                0x00000000080016b0       0x14 build/stm32f4xx_hal_tim.o
                0x00000000080016b0                HAL_TIM_PWM_PulseFinishedCallback
 .text.HAL_TIM_TriggerCallback
                0x00000000080016c4       0x14 build/stm32f4xx_hal_tim.o
                0x00000000080016c4                HAL_TIM_TriggerCallback
 .text.TIM_Base_SetConfig
                0x00000000080016d8      0x108 build/stm32f4xx_hal_tim.o
                0x00000000080016d8                TIM_Base_SetConfig
 .text.HAL_TIMEx_CommutationCallback
                0x00000000080017e0       0x14 build/stm32f4xx_hal_tim_ex.o
                0x00000000080017e0                HAL_TIMEx_CommutationCallback
 .text.HAL_TIMEx_BreakCallback
                0x00000000080017f4       0x14 build/stm32f4xx_hal_tim_ex.o
                0x00000000080017f4                HAL_TIMEx_BreakCallback
 .text.vListInitialise
                0x0000000008001808       0x40 build/list.o
                0x0000000008001808                vListInitialise
 .text.vListInitialiseItem
                0x0000000008001848       0x1a build/list.o
                0x0000000008001848                vListInitialiseItem
 .text.vListInsertEnd
                0x0000000008001862       0x48 build/list.o
                0x0000000008001862                vListInsertEnd
 .text.vListInsert
                0x00000000080018aa       0x72 build/list.o
                0x00000000080018aa                vListInsert
 .text.uxListRemove
                0x000000000800191c       0x54 build/list.o
                0x000000000800191c                uxListRemove
 .text.xTaskCreate
                0x0000000008001970       0x82 build/tasks.o
                0x0000000008001970                xTaskCreate
 .text.prvInitialiseNewTask
                0x00000000080019f2       0xfc build/tasks.o
 *fill*         0x0000000008001aee        0x2 
 .text.prvAddNewTaskToReadyList
                0x0000000008001af0       0xd4 build/tasks.o
 .text.vTaskDelay
                0x0000000008001bc4       0x68 build/tasks.o
                0x0000000008001bc4                vTaskDelay
 .text.vTaskStartScheduler
                0x0000000008001c2c       0x8c build/tasks.o
                0x0000000008001c2c                vTaskStartScheduler
 .text.vTaskSuspendAll
                0x0000000008001cb8       0x1c build/tasks.o
                0x0000000008001cb8                vTaskSuspendAll
 .text.xTaskResumeAll
                0x0000000008001cd4      0x138 build/tasks.o
                0x0000000008001cd4                xTaskResumeAll
 .text.xTaskIncrementTick
                0x0000000008001e0c      0x178 build/tasks.o
                0x0000000008001e0c                xTaskIncrementTick
 .text.vTaskSwitchContext
                0x0000000008001f84       0xb4 build/tasks.o
                0x0000000008001f84                vTaskSwitchContext
 .text.prvIdleTask
                0x0000000008002038       0x30 build/tasks.o
 .text.prvInitialiseTaskLists
                0x0000000008002068       0x80 build/tasks.o
 .text.prvCheckTasksWaitingTermination
                0x00000000080020e8       0x78 build/tasks.o
 .text.prvDeleteTCB
                0x0000000008002160       0x20 build/tasks.o
 .text.prvResetNextTaskUnblockTime
                0x0000000008002180       0x4c build/tasks.o
 .text.xTaskGetSchedulerState
                0x00000000080021cc       0x3c build/tasks.o
                0x00000000080021cc                xTaskGetSchedulerState
 .text.prvAddCurrentTaskToDelayedList
                0x0000000008002208       0xcc build/tasks.o
 .text.makeFreeRtosPriority
                0x00000000080022d4       0x30 build/cmsis_os.o
 .text.osKernelStart
                0x0000000008002304        0xe build/cmsis_os.o
                0x0000000008002304                osKernelStart
 .text.osThreadCreate
                0x0000000008002312       0x4e build/cmsis_os.o
                0x0000000008002312                osThreadCreate
 .text.osDelay  0x0000000008002360       0x28 build/cmsis_os.o
                0x0000000008002360                osDelay
 .text.osSystickHandler
                0x0000000008002388       0x16 build/cmsis_os.o
                0x0000000008002388                osSystickHandler
 *fill*         0x000000000800239e        0x2 
 .text.pxPortInitialiseStack
                0x00000000080023a0       0x68 build/port.o
                0x00000000080023a0                pxPortInitialiseStack
 .text.prvTaskExitError
                0x0000000008002408       0x3c build/port.o
 *fill*         0x0000000008002444        0xc 
 .text.SVC_Handler
                0x0000000008002450       0x28 build/port.o
                0x0000000008002450                SVC_Handler
 .text.prvPortStartFirstTask
                0x0000000008002478       0x20 build/port.o
 .text.xPortStartScheduler
                0x0000000008002498      0x118 build/port.o
                0x0000000008002498                xPortStartScheduler
 .text.vPortEnterCritical
                0x00000000080025b0       0x5c build/port.o
                0x00000000080025b0                vPortEnterCritical
 .text.vPortExitCritical
                0x000000000800260c       0x50 build/port.o
                0x000000000800260c                vPortExitCritical
 *fill*         0x000000000800265c        0x4 
 .text.PendSV_Handler
                0x0000000008002660       0x68 build/port.o
                0x0000000008002660                PendSV_Handler
 .text.xPortSysTickHandler
                0x00000000080026c8       0x40 build/port.o
                0x00000000080026c8                xPortSysTickHandler
 .text.vPortSetupTimerInterrupt
                0x0000000008002708       0x38 build/port.o
                0x0000000008002708                vPortSetupTimerInterrupt
 .text.vPortEnableVFP
                0x0000000008002740       0x14 build/port.o
 .text.pvPortMalloc
                0x0000000008002754      0x184 build/heap_4.o
                0x0000000008002754                pvPortMalloc
 .text.vPortFree
                0x00000000080028d8       0xb0 build/heap_4.o
                0x00000000080028d8                vPortFree
 .text.prvHeapInit
                0x0000000008002988       0xc4 build/heap_4.o
 .text.prvInsertBlockIntoFreeList
                0x0000000008002a4c       0xb4 build/heap_4.o
 .text.main     0x0000000008002b00       0x94 build/main.o
                0x0000000008002b00                main
 .text.SystemClock_Config
                0x0000000008002b94       0xec build/main.o
                0x0000000008002b94                SystemClock_Config
 .text.MX_GPIO_Init
                0x0000000008002c80       0x94 build/main.o
 .text.blinkTheLightsTask
                0x0000000008002d14       0x24 build/main.o
                0x0000000008002d14                blinkTheLightsTask
 .text.buttonPressTask
                0x0000000008002d38       0x5c build/main.o
                0x0000000008002d38                buttonPressTask
 .text.StartDefaultTask
                0x0000000008002d94       0x12 build/main.o
                0x0000000008002d94                StartDefaultTask
 *fill*         0x0000000008002da6        0x2 
 .text.HAL_TIM_PeriodElapsedCallback
                0x0000000008002da8       0x24 build/main.o
                0x0000000008002da8                HAL_TIM_PeriodElapsedCallback
 .text._Error_Handler
                0x0000000008002dcc        0xc build/main.o
                0x0000000008002dcc                _Error_Handler
 .text.HAL_MspInit
                0x0000000008002dd8       0x62 build/stm32f4xx_hal_msp.o
                0x0000000008002dd8                HAL_MspInit
 *fill*         0x0000000008002e3a        0x2 
 .text.HAL_InitTick
                0x0000000008002e3c       0xb4 build/stm32f4xx_hal_timebase_TIM.o
                0x0000000008002e3c                HAL_InitTick
 .text.SysTick_Handler
                0x0000000008002ef0        0xc build/stm32f4xx_it.o
                0x0000000008002ef0                SysTick_Handler
 .text.TIM1_UP_TIM10_IRQHandler
                0x0000000008002efc       0x14 build/stm32f4xx_it.o
                0x0000000008002efc                TIM1_UP_TIM10_IRQHandler
 .text.SystemInit
                0x0000000008002f10       0x6c build/system_stm32f4xx.o
                0x0000000008002f10                SystemInit
 .text.Reset_Handler
                0x0000000008002f7c       0x50 build/startup_stm32f411xe.o
                0x0000000008002f7c                Reset_Handler
 .text.Default_Handler
                0x0000000008002fcc        0x2 build/startup_stm32f411xe.o
                0x0000000008002fcc                RTC_Alarm_IRQHandler
                0x0000000008002fcc                EXTI2_IRQHandler
                0x0000000008002fcc                DebugMon_Handler
                0x0000000008002fcc                SPI4_IRQHandler
                0x0000000008002fcc                TIM1_CC_IRQHandler
                0x0000000008002fcc                DMA2_Stream5_IRQHandler
                0x0000000008002fcc                HardFault_Handler
                0x0000000008002fcc                DMA1_Stream5_IRQHandler
                0x0000000008002fcc                PVD_IRQHandler
                0x0000000008002fcc                SDIO_IRQHandler
                0x0000000008002fcc                TAMP_STAMP_IRQHandler
                0x0000000008002fcc                NMI_Handler
                0x0000000008002fcc                EXTI3_IRQHandler
                0x0000000008002fcc                I2C3_ER_IRQHandler
                0x0000000008002fcc                EXTI0_IRQHandler
                0x0000000008002fcc                I2C2_EV_IRQHandler
                0x0000000008002fcc                DMA1_Stream2_IRQHandler
                0x0000000008002fcc                FPU_IRQHandler
                0x0000000008002fcc                UsageFault_Handler
                0x0000000008002fcc                DMA2_Stream2_IRQHandler
                0x0000000008002fcc                SPI1_IRQHandler
                0x0000000008002fcc                TIM1_BRK_TIM9_IRQHandler
                0x0000000008002fcc                DMA2_Stream3_IRQHandler
                0x0000000008002fcc                USART6_IRQHandler
                0x0000000008002fcc                DMA2_Stream0_IRQHandler
                0x0000000008002fcc                TIM4_IRQHandler
                0x0000000008002fcc                I2C1_EV_IRQHandler
                0x0000000008002fcc                DMA1_Stream6_IRQHandler
                0x0000000008002fcc                DMA1_Stream1_IRQHandler
                0x0000000008002fcc                TIM3_IRQHandler
                0x0000000008002fcc                RCC_IRQHandler
                0x0000000008002fcc                Default_Handler
                0x0000000008002fcc                EXTI15_10_IRQHandler
                0x0000000008002fcc                ADC_IRQHandler
                0x0000000008002fcc                DMA1_Stream7_IRQHandler
                0x0000000008002fcc                SPI5_IRQHandler
                0x0000000008002fcc                TIM5_IRQHandler
                0x0000000008002fcc                DMA2_Stream7_IRQHandler
                0x0000000008002fcc                I2C3_EV_IRQHandler
                0x0000000008002fcc                EXTI9_5_IRQHandler
                0x0000000008002fcc                RTC_WKUP_IRQHandler
                0x0000000008002fcc                SPI2_IRQHandler
                0x0000000008002fcc                MemManage_Handler
                0x0000000008002fcc                DMA1_Stream0_IRQHandler
                0x0000000008002fcc                EXTI4_IRQHandler
                0x0000000008002fcc                WWDG_IRQHandler
                0x0000000008002fcc                TIM2_IRQHandler
                0x0000000008002fcc                OTG_FS_WKUP_IRQHandler
                0x0000000008002fcc                TIM1_TRG_COM_TIM11_IRQHandler
                0x0000000008002fcc                EXTI1_IRQHandler
                0x0000000008002fcc                USART2_IRQHandler
                0x0000000008002fcc                I2C2_ER_IRQHandler
                0x0000000008002fcc                DMA2_Stream1_IRQHandler
                0x0000000008002fcc                FLASH_IRQHandler
                0x0000000008002fcc                DMA2_Stream4_IRQHandler
                0x0000000008002fcc                BusFault_Handler
                0x0000000008002fcc                USART1_IRQHandler
                0x0000000008002fcc                OTG_FS_IRQHandler
                0x0000000008002fcc                SPI3_IRQHandler
                0x0000000008002fcc                DMA1_Stream4_IRQHandler
                0x0000000008002fcc                I2C1_ER_IRQHandler
                0x0000000008002fcc                DMA2_Stream6_IRQHandler
                0x0000000008002fcc                DMA1_Stream3_IRQHandler
 *fill*         0x0000000008002fce        0x2 
 .text.__libc_init_array
                0x0000000008002fd0       0x48 /opt/gcc4mbed/gcc-arm-none-eabi/bin/../lib/gcc/arm-none-eabi/6.3.1/../../../../arm-none-eabi/lib/thumb/v7e-m/fpv4-sp/hard/libc_nano.a(lib_a-init.o)
                0x0000000008002fd0                __libc_init_array
 *(.glue_7)
 .glue_7        0x0000000008003018        0x0 linker stubs
 *(.glue_7t)
 .glue_7t       0x0000000008003018        0x0 linker stubs
 *(.eh_frame)
 .eh_frame      0x0000000008003018        0x0 /opt/gcc4mbed/gcc-arm-none-eabi/bin/../lib/gcc/arm-none-eabi/6.3.1/thumb/v7e-m/fpv4-sp/hard/crtbegin.o
 *(.init)
 .init          0x0000000008003018        0x4 /opt/gcc4mbed/gcc-arm-none-eabi/bin/../lib/gcc/arm-none-eabi/6.3.1/thumb/v7e-m/fpv4-sp/hard/crti.o
                0x0000000008003018                _init
 .init          0x000000000800301c        0x8 /opt/gcc4mbed/gcc-arm-none-eabi/bin/../lib/gcc/arm-none-eabi/6.3.1/thumb/v7e-m/fpv4-sp/hard/crtn.o
 *(.fini)
 .fini          0x0000000008003024        0x4 /opt/gcc4mbed/gcc-arm-none-eabi/bin/../lib/gcc/arm-none-eabi/6.3.1/thumb/v7e-m/fpv4-sp/hard/crti.o
                0x0000000008003024                _fini
 .fini          0x0000000008003028        0x8 /opt/gcc4mbed/gcc-arm-none-eabi/bin/../lib/gcc/arm-none-eabi/6.3.1/thumb/v7e-m/fpv4-sp/hard/crtn.o
                0x0000000008003030                . = ALIGN (0x4)
                0x0000000008003030                _etext = .

.vfp11_veneer   0x0000000008003030        0x0
 .vfp11_veneer  0x0000000008003030        0x0 linker stubs

.v4_bx          0x0000000008003030        0x0
 .v4_bx         0x0000000008003030        0x0 linker stubs

.iplt           0x0000000008003030        0x0
 .iplt          0x0000000008003030        0x0 /opt/gcc4mbed/gcc-arm-none-eabi/bin/../lib/gcc/arm-none-eabi/6.3.1/thumb/v7e-m/fpv4-sp/hard/crtbegin.o

.rodata         0x0000000008003030       0x90
                0x0000000008003030                . = ALIGN (0x4)
 *(.rodata)
 .rodata        0x0000000008003030        0x5 build/tasks.o
 *fill*         0x0000000008003035        0x3 
 .rodata        0x0000000008003038       0x6f build/main.o
 *(.rodata*)
 *fill*         0x00000000080030a7        0x1 
 .rodata.AHBPrescTable
                0x00000000080030a8       0x10 build/system_stm32f4xx.o
                0x00000000080030a8                AHBPrescTable
 .rodata.APBPrescTable
                0x00000000080030b8        0x8 build/system_stm32f4xx.o
                0x00000000080030b8                APBPrescTable
                0x00000000080030c0                . = ALIGN (0x4)

.ARM.extab
 *(.ARM.extab* .gnu.linkonce.armextab.*)

.ARM            0x00000000080030c0        0x8
                0x00000000080030c0                __exidx_start = .
 *(.ARM.exidx*)
 .ARM.exidx     0x00000000080030c0        0x8 /opt/gcc4mbed/gcc-arm-none-eabi/bin/../lib/gcc/arm-none-eabi/6.3.1/thumb/v7e-m/fpv4-sp/hard/libgcc.a(_udivmoddi4.o)
                0x00000000080030c8                __exidx_end = .

.rel.dyn        0x00000000080030c8        0x0
 .rel.iplt      0x00000000080030c8        0x0 /opt/gcc4mbed/gcc-arm-none-eabi/bin/../lib/gcc/arm-none-eabi/6.3.1/thumb/v7e-m/fpv4-sp/hard/crtbegin.o

.preinit_array  0x00000000080030c8        0x0
                0x00000000080030c8                PROVIDE (__preinit_array_start, .)
 *(.preinit_array*)
                0x00000000080030c8                PROVIDE (__preinit_array_end, .)

.init_array     0x00000000080030c8        0x4
                0x00000000080030c8                PROVIDE (__init_array_start, .)
 *(SORT(.init_array.*))
 *(.init_array*)
 .init_array    0x00000000080030c8        0x4 /opt/gcc4mbed/gcc-arm-none-eabi/bin/../lib/gcc/arm-none-eabi/6.3.1/thumb/v7e-m/fpv4-sp/hard/crtbegin.o
                0x00000000080030cc                PROVIDE (__init_array_end, .)

.fini_array     0x00000000080030cc        0x4
                [!provide]                        PROVIDE (__fini_array_start, .)
 *(SORT(.fini_array.*))
 *(.fini_array*)
 .fini_array    0x00000000080030cc        0x4 /opt/gcc4mbed/gcc-arm-none-eabi/bin/../lib/gcc/arm-none-eabi/6.3.1/thumb/v7e-m/fpv4-sp/hard/crtbegin.o
                [!provide]                        PROVIDE (__fini_array_end, .)
                0x00000000080030d0                _sidata = LOADADDR (.data)

.data           0x0000000020000000        0x8 load address 0x00000000080030d0
                0x0000000020000000                . = ALIGN (0x4)
                0x0000000020000000                _sdata = .
 *(.data)
 *(.data*)
 .data.uxCriticalNesting
                0x0000000020000000        0x4 build/port.o
 .data.SystemCoreClock
                0x0000000020000004        0x4 build/system_stm32f4xx.o
                0x0000000020000004                SystemCoreClock
                0x0000000020000008                . = ALIGN (0x4)
                0x0000000020000008                _edata = .

.jcr            0x0000000020000008        0x0 load address 0x00000000080030d8
 .jcr           0x0000000020000008        0x0 /opt/gcc4mbed/gcc-arm-none-eabi/bin/../lib/gcc/arm-none-eabi/6.3.1/thumb/v7e-m/fpv4-sp/hard/crtbegin.o

.igot.plt       0x0000000020000008        0x0 load address 0x00000000080030d8
 .igot.plt      0x0000000020000008        0x0 /opt/gcc4mbed/gcc-arm-none-eabi/bin/../lib/gcc/arm-none-eabi/6.3.1/thumb/v7e-m/fpv4-sp/hard/crtbegin.o
                0x0000000020000008                . = ALIGN (0x4)

.bss            0x0000000020000008     0x3db4 load address 0x00000000080030d8
                0x0000000020000008                _sbss = .
                0x0000000020000008                __bss_start__ = _sbss
 *(.bss)
 .bss           0x0000000020000008       0x1c /opt/gcc4mbed/gcc-arm-none-eabi/bin/../lib/gcc/arm-none-eabi/6.3.1/thumb/v7e-m/fpv4-sp/hard/crtbegin.o
 *(.bss*)
 .bss.pxCurrentTCB
                0x0000000020000024        0x4 build/tasks.o
                0x0000000020000024                pxCurrentTCB
 .bss.pxReadyTasksLists
                0x0000000020000028       0x8c build/tasks.o
 .bss.xDelayedTaskList1
                0x00000000200000b4       0x14 build/tasks.o
 .bss.xDelayedTaskList2
                0x00000000200000c8       0x14 build/tasks.o
 .bss.pxDelayedTaskList
                0x00000000200000dc        0x4 build/tasks.o
 .bss.pxOverflowDelayedTaskList
                0x00000000200000e0        0x4 build/tasks.o
 .bss.xPendingReadyList
                0x00000000200000e4       0x14 build/tasks.o
 .bss.xTasksWaitingTermination
                0x00000000200000f8       0x14 build/tasks.o
 .bss.uxDeletedTasksWaitingCleanUp
                0x000000002000010c        0x4 build/tasks.o
 .bss.xSuspendedTaskList
                0x0000000020000110       0x14 build/tasks.o
 .bss.uxCurrentNumberOfTasks
                0x0000000020000124        0x4 build/tasks.o
 .bss.xTickCount
                0x0000000020000128        0x4 build/tasks.o
 .bss.uxTopReadyPriority
                0x000000002000012c        0x4 build/tasks.o
 .bss.xSchedulerRunning
                0x0000000020000130        0x4 build/tasks.o
 .bss.uxPendedTicks
                0x0000000020000134        0x4 build/tasks.o
 .bss.xYieldPending
                0x0000000020000138        0x4 build/tasks.o
 .bss.xNumOfOverflows
                0x000000002000013c        0x4 build/tasks.o
 .bss.uxTaskNumber
                0x0000000020000140        0x4 build/tasks.o
 .bss.xNextTaskUnblockTime
                0x0000000020000144        0x4 build/tasks.o
 .bss.xIdleTaskHandle
                0x0000000020000148        0x4 build/tasks.o
 .bss.uxSchedulerSuspended
                0x000000002000014c        0x4 build/tasks.o
 .bss.ucMaxSysCallPriority
                0x0000000020000150        0x1 build/port.o
 *fill*         0x0000000020000151        0x3 
 .bss.ulMaxPRIGROUPValue
                0x0000000020000154        0x4 build/port.o
 .bss.ucHeap    0x0000000020000158     0x3c00 build/heap_4.o
 .bss.xStart    0x0000000020003d58        0x8 build/heap_4.o
 .bss.pxEnd     0x0000000020003d60        0x4 build/heap_4.o
 .bss.xFreeBytesRemaining
                0x0000000020003d64        0x4 build/heap_4.o
 .bss.xMinimumEverFreeBytesRemaining
                0x0000000020003d68        0x4 build/heap_4.o
 .bss.xBlockAllocatedBit
                0x0000000020003d6c        0x4 build/heap_4.o
 .bss.blinkLightsHandle
                0x0000000020003d70        0x4 build/main.o
 .bss.buttonPressHandle
                0x0000000020003d74        0x4 build/main.o
 *(COMMON)
 COMMON         0x0000000020003d78        0x4 build/stm32f4xx_hal.o
                0x0000000020003d78                uwTick
 COMMON         0x0000000020003d7c        0x4 build/main.o
                0x0000000020003d7c                defaultTaskHandle
 COMMON         0x0000000020003d80       0x3c build/stm32f4xx_hal_timebase_TIM.o
                0x0000000020003d80                htim1
                0x0000000020003dbc                . = ALIGN (0x4)
                0x0000000020003dbc                _ebss = .
                0x0000000020003dbc                __bss_end__ = _ebss

._user_heap_stack
                0x0000000020003dbc      0x604 load address 0x00000000080030d8
                0x0000000020003dc0                . = ALIGN (0x8)
 *fill*         0x0000000020003dbc        0x4 
                [!provide]                        PROVIDE (end, .)
                [!provide]                        PROVIDE (_end, .)
                0x0000000020003fc0                . = (. + _Min_Heap_Size)
 *fill*         0x0000000020003dc0      0x200 
                0x00000000200043c0                . = (. + _Min_Stack_Size)
 *fill*         0x0000000020003fc0      0x400 
                0x00000000200043c0                . = ALIGN (0x8)

/DISCARD/
 libc.a(*)
 libm.a(*)
 libgcc.a(*)

.ARM.attributes
                0x0000000000000000       0x30
 *(.ARM.attributes)
 .ARM.attributes
                0x0000000000000000       0x22 /opt/gcc4mbed/gcc-arm-none-eabi/bin/../lib/gcc/arm-none-eabi/6.3.1/thumb/v7e-m/fpv4-sp/hard/crti.o
 .ARM.attributes
                0x0000000000000022       0x34 /opt/gcc4mbed/gcc-arm-none-eabi/bin/../lib/gcc/arm-none-eabi/6.3.1/thumb/v7e-m/fpv4-sp/hard/crtbegin.o
 .ARM.attributes
                0x0000000000000056       0x39 build/stm32f4xx_hal.o
 .ARM.attributes
                0x000000000000008f       0x39 build/stm32f4xx_hal_cortex.o
 .ARM.attributes
                0x00000000000000c8       0x39 build/stm32f4xx_hal_gpio.o
 .ARM.attributes
                0x0000000000000101       0x39 build/stm32f4xx_hal_rcc.o
 .ARM.attributes
                0x000000000000013a       0x39 build/stm32f4xx_hal_tim.o
 .ARM.attributes
                0x0000000000000173       0x39 build/stm32f4xx_hal_tim_ex.o
 .ARM.attributes
                0x00000000000001ac       0x39 build/list.o
 .ARM.attributes
                0x00000000000001e5       0x39 build/tasks.o
 .ARM.attributes
                0x000000000000021e       0x39 build/cmsis_os.o
 .ARM.attributes
                0x0000000000000257       0x39 build/port.o
 .ARM.attributes
                0x0000000000000290       0x39 build/heap_4.o
 .ARM.attributes
                0x00000000000002c9       0x39 build/main.o
 .ARM.attributes
                0x0000000000000302       0x39 build/stm32f4xx_hal_msp.o
 .ARM.attributes
                0x000000000000033b       0x39 build/stm32f4xx_hal_timebase_TIM.o
 .ARM.attributes
                0x0000000000000374       0x39 build/stm32f4xx_it.o
 .ARM.attributes
                0x00000000000003ad       0x39 build/system_stm32f4xx.o
 .ARM.attributes
                0x00000000000003e6       0x21 build/startup_stm32f411xe.o
 .ARM.attributes
                0x0000000000000407       0x34 /opt/gcc4mbed/gcc-arm-none-eabi/bin/../lib/gcc/arm-none-eabi/6.3.1/../../../../arm-none-eabi/lib/thumb/v7e-m/fpv4-sp/hard/libc_nano.a(lib_a-init.o)
 .ARM.attributes
                0x000000000000043b       0x22 /opt/gcc4mbed/gcc-arm-none-eabi/bin/../lib/gcc/arm-none-eabi/6.3.1/thumb/v7e-m/fpv4-sp/hard/libgcc.a(_aeabi_uldivmod.o)
 .ARM.attributes
                0x000000000000045d       0x34 /opt/gcc4mbed/gcc-arm-none-eabi/bin/../lib/gcc/arm-none-eabi/6.3.1/thumb/v7e-m/fpv4-sp/hard/libgcc.a(_udivmoddi4.o)
 .ARM.attributes
                0x0000000000000491       0x22 /opt/gcc4mbed/gcc-arm-none-eabi/bin/../lib/gcc/arm-none-eabi/6.3.1/thumb/v7e-m/fpv4-sp/hard/libgcc.a(_dvmd_tls.o)
 .ARM.attributes
                0x00000000000004b3       0x22 /opt/gcc4mbed/gcc-arm-none-eabi/bin/../lib/gcc/arm-none-eabi/6.3.1/thumb/v7e-m/fpv4-sp/hard/crtn.o
OUTPUT(build/stm32f411e_example.elf elf32-littlearm)

.debug_info     0x0000000000000000    0x14aaf
 .debug_info    0x0000000000000000     0x11c1 build/stm32f4xx_hal.o
 .debug_info    0x00000000000011c1     0x1758 build/stm32f4xx_hal_cortex.o
 .debug_info    0x0000000000002919     0x1131 build/stm32f4xx_hal_gpio.o
 .debug_info    0x0000000000003a4a     0x128d build/stm32f4xx_hal_rcc.o
 .debug_info    0x0000000000004cd7     0x2dc1 build/stm32f4xx_hal_tim.o
 .debug_info    0x0000000000007a98     0x1a20 build/stm32f4xx_hal_tim_ex.o
 .debug_info    0x00000000000094b8      0xbd6 build/list.o
 .debug_info    0x000000000000a08e     0x22b5 build/tasks.o
 .debug_info    0x000000000000c343     0x1d30 build/cmsis_os.o
 .debug_info    0x000000000000e073      0x547 build/port.o
 .debug_info    0x000000000000e5ba      0xcf7 build/heap_4.o
 .debug_info    0x000000000000f2b1     0x190d build/main.o
 .debug_info    0x0000000000010bbe      0xbcd build/stm32f4xx_hal_msp.o
 .debug_info    0x000000000001178b     0x1454 build/stm32f4xx_hal_timebase_TIM.o
 .debug_info    0x0000000000012bdf      0xf8e build/stm32f4xx_it.o
 .debug_info    0x0000000000013b6d      0xeaf build/system_stm32f4xx.o
 .debug_info    0x0000000000014a1c       0x93 build/startup_stm32f411xe.o

.debug_abbrev   0x0000000000000000     0x285b
 .debug_abbrev  0x0000000000000000      0x29c build/stm32f4xx_hal.o
 .debug_abbrev  0x000000000000029c      0x36f build/stm32f4xx_hal_cortex.o
 .debug_abbrev  0x000000000000060b      0x268 build/stm32f4xx_hal_gpio.o
 .debug_abbrev  0x0000000000000873      0x2e4 build/stm32f4xx_hal_rcc.o
 .debug_abbrev  0x0000000000000b57      0x2c7 build/stm32f4xx_hal_tim.o
 .debug_abbrev  0x0000000000000e1e      0x2a4 build/stm32f4xx_hal_tim_ex.o
 .debug_abbrev  0x00000000000010c2      0x1df build/list.o
 .debug_abbrev  0x00000000000012a1      0x36b build/tasks.o
 .debug_abbrev  0x000000000000160c      0x385 build/cmsis_os.o
 .debug_abbrev  0x0000000000001991      0x1ef build/port.o
 .debug_abbrev  0x0000000000001b80      0x2b5 build/heap_4.o
 .debug_abbrev  0x0000000000001e35      0x290 build/main.o
 .debug_abbrev  0x00000000000020c5      0x1b3 build/stm32f4xx_hal_msp.o
 .debug_abbrev  0x0000000000002278      0x223 build/stm32f4xx_hal_timebase_TIM.o
 .debug_abbrev  0x000000000000249b      0x1c8 build/stm32f4xx_it.o
 .debug_abbrev  0x0000000000002663      0x1e6 build/system_stm32f4xx.o
 .debug_abbrev  0x0000000000002849       0x12 build/startup_stm32f411xe.o

.debug_loc      0x0000000000000000     0x70b0
 .debug_loc     0x0000000000000000      0x5d8 build/stm32f4xx_hal.o
 .debug_loc     0x00000000000005d8      0x9f4 build/stm32f4xx_hal_cortex.o
 .debug_loc     0x0000000000000fcc      0x2d4 build/stm32f4xx_hal_gpio.o
 .debug_loc     0x00000000000012a0      0x3d2 build/stm32f4xx_hal_rcc.o
 .debug_loc     0x0000000000001672     0x2348 build/stm32f4xx_hal_tim.o
 .debug_loc     0x00000000000039ba      0xc20 build/stm32f4xx_hal_tim_ex.o
 .debug_loc     0x00000000000045da      0x1cc build/list.o
 .debug_loc     0x00000000000047a6      0xed6 build/tasks.o
 .debug_loc     0x000000000000567c     0x1120 build/cmsis_os.o
 .debug_loc     0x000000000000679c      0x2e8 build/port.o
 .debug_loc     0x0000000000006a84      0x224 build/heap_4.o
 .debug_loc     0x0000000000006ca8      0x20c build/main.o
 .debug_loc     0x0000000000006eb4       0x2c build/stm32f4xx_hal_msp.o
 .debug_loc     0x0000000000006ee0       0xd8 build/stm32f4xx_hal_timebase_TIM.o
 .debug_loc     0x0000000000006fb8       0x58 build/stm32f4xx_it.o
 .debug_loc     0x0000000000007010       0xa0 build/system_stm32f4xx.o

.debug_aranges  0x0000000000000000      0xd00
 .debug_aranges
                0x0000000000000000       0xc8 build/stm32f4xx_hal.o
 .debug_aranges
                0x00000000000000c8      0x118 build/stm32f4xx_hal_cortex.o
 .debug_aranges
                0x00000000000001e0       0x58 build/stm32f4xx_hal_gpio.o
 .debug_aranges
                0x0000000000000238       0x88 build/stm32f4xx_hal_rcc.o
 .debug_aranges
                0x00000000000002c0      0x368 build/stm32f4xx_hal_tim.o
 .debug_aranges
                0x0000000000000628      0x140 build/stm32f4xx_hal_tim_ex.o
 .debug_aranges
                0x0000000000000768       0x40 build/list.o
 .debug_aranges
                0x00000000000007a8      0x190 build/tasks.o
 .debug_aranges
                0x0000000000000938      0x1d8 build/cmsis_os.o
 .debug_aranges
                0x0000000000000b10       0x80 build/port.o
 .debug_aranges
                0x0000000000000b90       0x50 build/heap_4.o
 .debug_aranges
                0x0000000000000be0       0x58 build/main.o
 .debug_aranges
                0x0000000000000c38       0x20 build/stm32f4xx_hal_msp.o
 .debug_aranges
                0x0000000000000c58       0x30 build/stm32f4xx_hal_timebase_TIM.o
 .debug_aranges
                0x0000000000000c88       0x28 build/stm32f4xx_it.o
 .debug_aranges
                0x0000000000000cb0       0x28 build/system_stm32f4xx.o
 .debug_aranges
                0x0000000000000cd8       0x28 build/startup_stm32f411xe.o

.debug_ranges   0x0000000000000000      0xbf8
 .debug_ranges  0x0000000000000000       0xb8 build/stm32f4xx_hal.o
 .debug_ranges  0x00000000000000b8      0x108 build/stm32f4xx_hal_cortex.o
 .debug_ranges  0x00000000000001c0       0x48 build/stm32f4xx_hal_gpio.o
 .debug_ranges  0x0000000000000208       0x78 build/stm32f4xx_hal_rcc.o
 .debug_ranges  0x0000000000000280      0x358 build/stm32f4xx_hal_tim.o
 .debug_ranges  0x00000000000005d8      0x130 build/stm32f4xx_hal_tim_ex.o
 .debug_ranges  0x0000000000000708       0x30 build/list.o
 .debug_ranges  0x0000000000000738      0x180 build/tasks.o
 .debug_ranges  0x00000000000008b8      0x1c8 build/cmsis_os.o
 .debug_ranges  0x0000000000000a80       0x70 build/port.o
 .debug_ranges  0x0000000000000af0       0x40 build/heap_4.o
 .debug_ranges  0x0000000000000b30       0x48 build/main.o
 .debug_ranges  0x0000000000000b78       0x10 build/stm32f4xx_hal_msp.o
 .debug_ranges  0x0000000000000b88       0x20 build/stm32f4xx_hal_timebase_TIM.o
 .debug_ranges  0x0000000000000ba8       0x18 build/stm32f4xx_it.o
 .debug_ranges  0x0000000000000bc0       0x18 build/system_stm32f4xx.o
 .debug_ranges  0x0000000000000bd8       0x20 build/startup_stm32f411xe.o

.debug_line     0x0000000000000000     0x5624
 .debug_line    0x0000000000000000      0x3c1 build/stm32f4xx_hal.o
 .debug_line    0x00000000000003c1      0x54b build/stm32f4xx_hal_cortex.o
 .debug_line    0x000000000000090c      0x3dd build/stm32f4xx_hal_gpio.o
 .debug_line    0x0000000000000ce9      0x4ac build/stm32f4xx_hal_rcc.o
 .debug_line    0x0000000000001195     0x11f4 build/stm32f4xx_hal_tim.o
 .debug_line    0x0000000000002389      0x807 build/stm32f4xx_hal_tim_ex.o
 .debug_line    0x0000000000002b90      0x27e build/list.o
 .debug_line    0x0000000000002e0e      0xc43 build/tasks.o
 .debug_line    0x0000000000003a51      0x89b build/cmsis_os.o
 .debug_line    0x00000000000042ec      0x363 build/port.o
 .debug_line    0x000000000000464f      0x31e build/heap_4.o
 .debug_line    0x000000000000496d      0x3b6 build/main.o
 .debug_line    0x0000000000004d23      0x1cf build/stm32f4xx_hal_msp.o
 .debug_line    0x0000000000004ef2      0x286 build/stm32f4xx_hal_timebase_TIM.o
 .debug_line    0x0000000000005178      0x23b build/stm32f4xx_it.o
 .debug_line    0x00000000000053b3      0x1f5 build/system_stm32f4xx.o
 .debug_line    0x00000000000055a8       0x7c build/startup_stm32f411xe.o

.debug_str      0x0000000000000000     0x4545
 .debug_str     0x0000000000000000      0xcbf build/stm32f4xx_hal.o
                                        0xd40 (size before relaxing)
 .debug_str     0x0000000000000cbf      0x3fc build/stm32f4xx_hal_cortex.o
                                        0xf00 (size before relaxing)
 .debug_str     0x00000000000010bb      0x1db build/stm32f4xx_hal_gpio.o
                                        0x940 (size before relaxing)
 .debug_str     0x0000000000001296      0x2cd build/stm32f4xx_hal_rcc.o
                                        0xad3 (size before relaxing)
 .debug_str     0x0000000000001563     0x10dc build/stm32f4xx_hal_tim.o
                                       0x179e (size before relaxing)
 .debug_str     0x000000000000263f      0x540 build/stm32f4xx_hal_tim_ex.o
                                       0x1059 (size before relaxing)
 .debug_str     0x0000000000002b7f      0x163 build/list.o
                                        0x710 (size before relaxing)
 .debug_str     0x0000000000002ce2      0xa86 build/tasks.o
                                       0x1128 (size before relaxing)
 .debug_str     0x0000000000003768      0x7dd build/cmsis_os.o
                                        0xf40 (size before relaxing)
 .debug_str     0x0000000000003f45      0x209 build/port.o
                                        0x476 (size before relaxing)
 .debug_str     0x000000000000414e      0x1f5 build/heap_4.o
                                        0x7da (size before relaxing)
 .debug_str     0x0000000000004343      0x10e build/main.o
                                       0x12bf (size before relaxing)
 .debug_str     0x0000000000004451       0x18 build/stm32f4xx_hal_msp.o
                                        0x9a9 (size before relaxing)
 .debug_str     0x0000000000004469       0x5e build/stm32f4xx_hal_timebase_TIM.o
                                        0xfd6 (size before relaxing)
 .debug_str     0x00000000000044c7       0x3c build/stm32f4xx_it.o
                                        0xa3e (size before relaxing)
 .debug_str     0x0000000000004503       0x42 build/system_stm32f4xx.o
                                        0x7a4 (size before relaxing)

.comment        0x0000000000000000       0x7f
 .comment       0x0000000000000000       0x7f build/stm32f4xx_hal.o
                                         0x80 (size before relaxing)
 .comment       0x000000000000007f       0x80 build/stm32f4xx_hal_cortex.o
 .comment       0x000000000000007f       0x80 build/stm32f4xx_hal_gpio.o
 .comment       0x000000000000007f       0x80 build/stm32f4xx_hal_rcc.o
 .comment       0x000000000000007f       0x80 build/stm32f4xx_hal_tim.o
 .comment       0x000000000000007f       0x80 build/stm32f4xx_hal_tim_ex.o
 .comment       0x000000000000007f       0x80 build/list.o
 .comment       0x000000000000007f       0x80 build/tasks.o
 .comment       0x000000000000007f       0x80 build/cmsis_os.o
 .comment       0x000000000000007f       0x80 build/port.o
 .comment       0x000000000000007f       0x80 build/heap_4.o
 .comment       0x000000000000007f       0x80 build/main.o
 .comment       0x000000000000007f       0x80 build/stm32f4xx_hal_msp.o
 .comment       0x000000000000007f       0x80 build/stm32f4xx_hal_timebase_TIM.o
 .comment       0x000000000000007f       0x80 build/stm32f4xx_it.o
 .comment       0x000000000000007f       0x80 build/system_stm32f4xx.o

.debug_frame    0x0000000000000000     0x3868
 .debug_frame   0x0000000000000000      0x324 build/stm32f4xx_hal.o
 .debug_frame   0x0000000000000324      0x4d4 build/stm32f4xx_hal_cortex.o
 .debug_frame   0x00000000000007f8      0x154 build/stm32f4xx_hal_gpio.o
 .debug_frame   0x000000000000094c      0x21c build/stm32f4xx_hal_rcc.o
 .debug_frame   0x0000000000000b68     0x10a0 build/stm32f4xx_hal_tim.o
 .debug_frame   0x0000000000001c08      0x5d8 build/stm32f4xx_hal_tim_ex.o
 .debug_frame   0x00000000000021e0       0xd8 build/list.o
 .debug_frame   0x00000000000022b8      0x750 build/tasks.o
 .debug_frame   0x0000000000002a08      0x894 build/cmsis_os.o
 .debug_frame   0x000000000000329c      0x1a8 build/port.o
 .debug_frame   0x0000000000003444      0x11c build/heap_4.o
 .debug_frame   0x0000000000003560      0x12c build/main.o
 .debug_frame   0x000000000000368c       0x2c build/stm32f4xx_hal_msp.o
 .debug_frame   0x00000000000036b8       0x80 build/stm32f4xx_hal_timebase_TIM.o
 .debug_frame   0x0000000000003738       0x48 build/stm32f4xx_it.o
 .debug_frame   0x0000000000003780       0x5c build/system_stm32f4xx.o
 .debug_frame   0x00000000000037dc       0x2c /opt/gcc4mbed/gcc-arm-none-eabi/bin/../lib/gcc/arm-none-eabi/6.3.1/../../../../arm-none-eabi/lib/thumb/v7e-m/fpv4-sp/hard/libc_nano.a(lib_a-init.o)
 .debug_frame   0x0000000000003808       0x2c /opt/gcc4mbed/gcc-arm-none-eabi/bin/../lib/gcc/arm-none-eabi/6.3.1/thumb/v7e-m/fpv4-sp/hard/libgcc.a(_aeabi_uldivmod.o)
 .debug_frame   0x0000000000003834       0x34 /opt/gcc4mbed/gcc-arm-none-eabi/bin/../lib/gcc/arm-none-eabi/6.3.1/thumb/v7e-m/fpv4-sp/hard/libgcc.a(_udivmoddi4.o)

Cross Reference Table

Symbol                                            File
ADC_IRQHandler                                    build/startup_stm32f411xe.o
AHBPrescTable                                     build/system_stm32f4xx.o
                                                  build/stm32f4xx_hal_rcc.o
APBPrescTable                                     build/system_stm32f4xx.o
                                                  build/stm32f4xx_hal_rcc.o
BusFault_Handler                                  build/startup_stm32f411xe.o
DMA1_Stream0_IRQHandler                           build/startup_stm32f411xe.o
DMA1_Stream1_IRQHandler                           build/startup_stm32f411xe.o
DMA1_Stream2_IRQHandler                           build/startup_stm32f411xe.o
DMA1_Stream3_IRQHandler                           build/startup_stm32f411xe.o
DMA1_Stream4_IRQHandler                           build/startup_stm32f411xe.o
DMA1_Stream5_IRQHandler                           build/startup_stm32f411xe.o
DMA1_Stream6_IRQHandler                           build/startup_stm32f411xe.o
DMA1_Stream7_IRQHandler                           build/startup_stm32f411xe.o
DMA2_Stream0_IRQHandler                           build/startup_stm32f411xe.o
DMA2_Stream1_IRQHandler                           build/startup_stm32f411xe.o
DMA2_Stream2_IRQHandler                           build/startup_stm32f411xe.o
DMA2_Stream3_IRQHandler                           build/startup_stm32f411xe.o
DMA2_Stream4_IRQHandler                           build/startup_stm32f411xe.o
DMA2_Stream5_IRQHandler                           build/startup_stm32f411xe.o
DMA2_Stream6_IRQHandler                           build/startup_stm32f411xe.o
DMA2_Stream7_IRQHandler                           build/startup_stm32f411xe.o
DebugMon_Handler                                  build/startup_stm32f411xe.o
Default_Handler                                   build/startup_stm32f411xe.o
EXTI0_IRQHandler                                  build/startup_stm32f411xe.o
EXTI15_10_IRQHandler                              build/startup_stm32f411xe.o
EXTI1_IRQHandler                                  build/startup_stm32f411xe.o
EXTI2_IRQHandler                                  build/startup_stm32f411xe.o
EXTI3_IRQHandler                                  build/startup_stm32f411xe.o
EXTI4_IRQHandler                                  build/startup_stm32f411xe.o
EXTI9_5_IRQHandler                                build/startup_stm32f411xe.o
FLASH_Erase_Sector                                build/stm32f4xx_hal_flash_ex.o
                                                  build/stm32f4xx_hal_flash.o
FLASH_FlushCaches                                 build/stm32f4xx_hal_flash_ex.o
                                                  build/stm32f4xx_hal_flash.o
FLASH_IRQHandler                                  build/startup_stm32f411xe.o
FLASH_WaitForLastOperation                        build/stm32f4xx_hal_flash.o
                                                  build/stm32f4xx_hal_flash_ex.o
FPU_IRQHandler                                    build/startup_stm32f411xe.o
HAL_DBGMCU_DisableDBGSleepMode                    build/stm32f4xx_hal.o
HAL_DBGMCU_DisableDBGStandbyMode                  build/stm32f4xx_hal.o
HAL_DBGMCU_DisableDBGStopMode                     build/stm32f4xx_hal.o
HAL_DBGMCU_EnableDBGSleepMode                     build/stm32f4xx_hal.o
HAL_DBGMCU_EnableDBGStandbyMode                   build/stm32f4xx_hal.o
HAL_DBGMCU_EnableDBGStopMode                      build/stm32f4xx_hal.o
HAL_DMAEx_ChangeMemory                            build/stm32f4xx_hal_dma_ex.o
HAL_DMAEx_MultiBufferStart                        build/stm32f4xx_hal_dma_ex.o
HAL_DMAEx_MultiBufferStart_IT                     build/stm32f4xx_hal_dma_ex.o
HAL_DMA_Abort                                     build/stm32f4xx_hal_dma.o
                                                  build/stm32f4xx_hal_tim.o
HAL_DMA_Abort_IT                                  build/stm32f4xx_hal_dma.o
HAL_DMA_DeInit                                    build/stm32f4xx_hal_dma.o
HAL_DMA_GetError                                  build/stm32f4xx_hal_dma.o
HAL_DMA_GetState                                  build/stm32f4xx_hal_dma.o
HAL_DMA_IRQHandler                                build/stm32f4xx_hal_dma.o
HAL_DMA_Init                                      build/stm32f4xx_hal_dma.o
HAL_DMA_PollForTransfer                           build/stm32f4xx_hal_dma.o
HAL_DMA_RegisterCallback                          build/stm32f4xx_hal_dma.o
HAL_DMA_Start                                     build/stm32f4xx_hal_dma.o
HAL_DMA_Start_IT                                  build/stm32f4xx_hal_dma.o
                                                  build/stm32f4xx_hal_tim_ex.o
                                                  build/stm32f4xx_hal_tim.o
HAL_DMA_UnRegisterCallback                        build/stm32f4xx_hal_dma.o
HAL_DeInit                                        build/stm32f4xx_hal.o
HAL_Delay                                         build/stm32f4xx_hal.o
HAL_DisableCompensationCell                       build/stm32f4xx_hal.o
HAL_EnableCompensationCell                        build/stm32f4xx_hal.o
HAL_FLASHEx_AdvOBGetConfig                        build/stm32f4xx_hal_flash_ex.o
HAL_FLASHEx_AdvOBProgram                          build/stm32f4xx_hal_flash_ex.o
HAL_FLASHEx_DisableFlashSleepMode                 build/stm32f4xx_hal_flash_ramfunc.o
HAL_FLASHEx_EnableFlashSleepMode                  build/stm32f4xx_hal_flash_ramfunc.o
HAL_FLASHEx_Erase                                 build/stm32f4xx_hal_flash_ex.o
HAL_FLASHEx_Erase_IT                              build/stm32f4xx_hal_flash_ex.o
HAL_FLASHEx_OBGetConfig                           build/stm32f4xx_hal_flash_ex.o
HAL_FLASHEx_OBProgram                             build/stm32f4xx_hal_flash_ex.o
HAL_FLASHEx_OB_DeSelectPCROP                      build/stm32f4xx_hal_flash_ex.o
HAL_FLASHEx_OB_SelectPCROP                        build/stm32f4xx_hal_flash_ex.o
HAL_FLASHEx_StartFlashInterfaceClk                build/stm32f4xx_hal_flash_ramfunc.o
HAL_FLASHEx_StopFlashInterfaceClk                 build/stm32f4xx_hal_flash_ramfunc.o
HAL_FLASH_EndOfOperationCallback                  build/stm32f4xx_hal_flash.o
HAL_FLASH_GetError                                build/stm32f4xx_hal_flash.o
HAL_FLASH_IRQHandler                              build/stm32f4xx_hal_flash.o
HAL_FLASH_Lock                                    build/stm32f4xx_hal_flash.o
HAL_FLASH_OB_Launch                               build/stm32f4xx_hal_flash.o
HAL_FLASH_OB_Lock                                 build/stm32f4xx_hal_flash.o
HAL_FLASH_OB_Unlock                               build/stm32f4xx_hal_flash.o
HAL_FLASH_OperationErrorCallback                  build/stm32f4xx_hal_flash.o
HAL_FLASH_Program                                 build/stm32f4xx_hal_flash.o
HAL_FLASH_Program_IT                              build/stm32f4xx_hal_flash.o
HAL_FLASH_Unlock                                  build/stm32f4xx_hal_flash.o
HAL_GPIO_DeInit                                   build/stm32f4xx_hal_gpio.o
HAL_GPIO_EXTI_Callback                            build/stm32f4xx_hal_gpio.o
HAL_GPIO_EXTI_IRQHandler                          build/stm32f4xx_hal_gpio.o
HAL_GPIO_Init                                     build/stm32f4xx_hal_gpio.o
                                                  build/main.o
                                                  build/stm32f4xx_hal_rcc.o
HAL_GPIO_LockPin                                  build/stm32f4xx_hal_gpio.o
HAL_GPIO_ReadPin                                  build/stm32f4xx_hal_gpio.o
                                                  build/main.o
HAL_GPIO_TogglePin                                build/stm32f4xx_hal_gpio.o
                                                  build/main.o
HAL_GPIO_WritePin                                 build/stm32f4xx_hal_gpio.o
                                                  build/main.o
HAL_GetDEVID                                      build/stm32f4xx_hal.o
HAL_GetHalVersion                                 build/stm32f4xx_hal.o
HAL_GetREVID                                      build/stm32f4xx_hal.o
HAL_GetTick                                       build/stm32f4xx_hal.o
                                                  build/stm32f4xx_hal_rcc_ex.o
                                                  build/stm32f4xx_hal_rcc.o
                                                  build/stm32f4xx_hal_pwr_ex.o
                                                  build/stm32f4xx_hal_flash.o
                                                  build/stm32f4xx_hal_dma.o
HAL_GetUID                                        build/stm32f4xx_hal.o
HAL_IncTick                                       build/stm32f4xx_hal.o
                                                  build/main.o
HAL_Init                                          build/stm32f4xx_hal.o
                                                  build/main.o
HAL_InitTick                                      build/stm32f4xx_hal_timebase_TIM.o
                                                  build/stm32f4xx_hal.o
                                                  build/stm32f4xx_hal_rcc_ex.o
                                                  build/stm32f4xx_hal_rcc.o
HAL_MPU_ConfigRegion                              build/stm32f4xx_hal_cortex.o
HAL_MPU_Disable                                   build/stm32f4xx_hal_cortex.o
HAL_MPU_Enable                                    build/stm32f4xx_hal_cortex.o
HAL_MspDeInit                                     build/stm32f4xx_hal.o
HAL_MspInit                                       build/stm32f4xx_hal_msp.o
                                                  build/stm32f4xx_hal.o
HAL_NVIC_ClearPendingIRQ                          build/stm32f4xx_hal_cortex.o
HAL_NVIC_DisableIRQ                               build/stm32f4xx_hal_cortex.o
HAL_NVIC_EnableIRQ                                build/stm32f4xx_hal_cortex.o
                                                  build/stm32f4xx_hal_timebase_TIM.o
HAL_NVIC_GetActive                                build/stm32f4xx_hal_cortex.o
HAL_NVIC_GetPendingIRQ                            build/stm32f4xx_hal_cortex.o
HAL_NVIC_GetPriority                              build/stm32f4xx_hal_cortex.o
HAL_NVIC_GetPriorityGrouping                      build/stm32f4xx_hal_cortex.o
HAL_NVIC_SetPendingIRQ                            build/stm32f4xx_hal_cortex.o
HAL_NVIC_SetPriority                              build/stm32f4xx_hal_cortex.o
                                                  build/stm32f4xx_hal_timebase_TIM.o
                                                  build/stm32f4xx_hal_msp.o
                                                  build/main.o
                                                  build/stm32f4xx_hal.o
HAL_NVIC_SetPriorityGrouping                      build/stm32f4xx_hal_cortex.o
                                                  build/stm32f4xx_hal_msp.o
                                                  build/stm32f4xx_hal.o
HAL_NVIC_SystemReset                              build/stm32f4xx_hal_cortex.o
HAL_PWREx_ControlVoltageScaling                   build/stm32f4xx_hal_pwr_ex.o
HAL_PWREx_DisableBkUpReg                          build/stm32f4xx_hal_pwr_ex.o
HAL_PWREx_DisableFlashPowerDown                   build/stm32f4xx_hal_pwr_ex.o
HAL_PWREx_DisableLowRegulatorLowVoltage           build/stm32f4xx_hal_pwr_ex.o
HAL_PWREx_DisableMainRegulatorLowVoltage          build/stm32f4xx_hal_pwr_ex.o
HAL_PWREx_EnableBkUpReg                           build/stm32f4xx_hal_pwr_ex.o
HAL_PWREx_EnableFlashPowerDown                    build/stm32f4xx_hal_pwr_ex.o
HAL_PWREx_EnableLowRegulatorLowVoltage            build/stm32f4xx_hal_pwr_ex.o
HAL_PWREx_EnableMainRegulatorLowVoltage           build/stm32f4xx_hal_pwr_ex.o
HAL_PWREx_GetVoltageRange                         build/stm32f4xx_hal_pwr_ex.o
HAL_PWR_ConfigPVD                                 build/stm32f4xx_hal_pwr.o
HAL_PWR_DeInit                                    build/stm32f4xx_hal_pwr.o
HAL_PWR_DisableBkUpAccess                         build/stm32f4xx_hal_pwr.o
HAL_PWR_DisablePVD                                build/stm32f4xx_hal_pwr.o
HAL_PWR_DisableSEVOnPend                          build/stm32f4xx_hal_pwr.o
HAL_PWR_DisableSleepOnExit                        build/stm32f4xx_hal_pwr.o
HAL_PWR_DisableWakeUpPin                          build/stm32f4xx_hal_pwr.o
HAL_PWR_EnableBkUpAccess                          build/stm32f4xx_hal_pwr.o
HAL_PWR_EnablePVD                                 build/stm32f4xx_hal_pwr.o
HAL_PWR_EnableSEVOnPend                           build/stm32f4xx_hal_pwr.o
HAL_PWR_EnableSleepOnExit                         build/stm32f4xx_hal_pwr.o
HAL_PWR_EnableWakeUpPin                           build/stm32f4xx_hal_pwr.o
HAL_PWR_EnterSLEEPMode                            build/stm32f4xx_hal_pwr.o
HAL_PWR_EnterSTANDBYMode                          build/stm32f4xx_hal_pwr.o
HAL_PWR_EnterSTOPMode                             build/stm32f4xx_hal_pwr.o
HAL_PWR_PVDCallback                               build/stm32f4xx_hal_pwr.o
HAL_PWR_PVD_IRQHandler                            build/stm32f4xx_hal_pwr.o
HAL_RCCEx_GetPeriphCLKConfig                      build/stm32f4xx_hal_rcc_ex.o
HAL_RCCEx_GetPeriphCLKFreq                        build/stm32f4xx_hal_rcc_ex.o
HAL_RCCEx_PeriphCLKConfig                         build/stm32f4xx_hal_rcc_ex.o
HAL_RCCEx_SelectLSEMode                           build/stm32f4xx_hal_rcc_ex.o
HAL_RCC_CSSCallback                               build/stm32f4xx_hal_rcc.o
HAL_RCC_ClockConfig                               build/stm32f4xx_hal_rcc.o
                                                  build/main.o
HAL_RCC_DeInit                                    build/stm32f4xx_hal_rcc_ex.o
                                                  build/stm32f4xx_hal_rcc.o
HAL_RCC_DisableCSS                                build/stm32f4xx_hal_rcc.o
HAL_RCC_EnableCSS                                 build/stm32f4xx_hal_rcc.o
HAL_RCC_GetClockConfig                            build/stm32f4xx_hal_rcc.o
                                                  build/stm32f4xx_hal_timebase_TIM.o
HAL_RCC_GetHCLKFreq                               build/stm32f4xx_hal_rcc.o
                                                  build/main.o
HAL_RCC_GetOscConfig                              build/stm32f4xx_hal_rcc.o
HAL_RCC_GetPCLK1Freq                              build/stm32f4xx_hal_rcc.o
HAL_RCC_GetPCLK2Freq                              build/stm32f4xx_hal_rcc.o
                                                  build/stm32f4xx_hal_timebase_TIM.o
HAL_RCC_GetSysClockFreq                           build/stm32f4xx_hal_rcc.o
HAL_RCC_MCOConfig                                 build/stm32f4xx_hal_rcc.o
HAL_RCC_NMI_IRQHandler                            build/stm32f4xx_hal_rcc.o
HAL_RCC_OscConfig                                 build/stm32f4xx_hal_rcc.o
                                                  build/main.o
HAL_ResumeTick                                    build/stm32f4xx_hal_timebase_TIM.o
                                                  build/stm32f4xx_hal.o
HAL_SYSTICK_CLKSourceConfig                       build/stm32f4xx_hal_cortex.o
                                                  build/main.o
HAL_SYSTICK_Callback                              build/stm32f4xx_hal_cortex.o
HAL_SYSTICK_Config                                build/stm32f4xx_hal_cortex.o
                                                  build/main.o
                                                  build/stm32f4xx_hal.o
HAL_SYSTICK_IRQHandler                            build/stm32f4xx_hal_cortex.o
HAL_SuspendTick                                   build/stm32f4xx_hal_timebase_TIM.o
                                                  build/stm32f4xx_hal.o
HAL_TIMEx_BreakCallback                           build/stm32f4xx_hal_tim_ex.o
                                                  build/stm32f4xx_hal_tim.o
HAL_TIMEx_CommutationCallback                     build/stm32f4xx_hal_tim_ex.o
                                                  build/stm32f4xx_hal_tim.o
HAL_TIMEx_ConfigBreakDeadTime                     build/stm32f4xx_hal_tim_ex.o
HAL_TIMEx_ConfigCommutationEvent                  build/stm32f4xx_hal_tim_ex.o
HAL_TIMEx_ConfigCommutationEvent_DMA              build/stm32f4xx_hal_tim_ex.o
HAL_TIMEx_ConfigCommutationEvent_IT               build/stm32f4xx_hal_tim_ex.o
HAL_TIMEx_HallSensor_DeInit                       build/stm32f4xx_hal_tim_ex.o
HAL_TIMEx_HallSensor_GetState                     build/stm32f4xx_hal_tim_ex.o
HAL_TIMEx_HallSensor_Init                         build/stm32f4xx_hal_tim_ex.o
HAL_TIMEx_HallSensor_MspDeInit                    build/stm32f4xx_hal_tim_ex.o
HAL_TIMEx_HallSensor_MspInit                      build/stm32f4xx_hal_tim_ex.o
HAL_TIMEx_HallSensor_Start                        build/stm32f4xx_hal_tim_ex.o
HAL_TIMEx_HallSensor_Start_DMA                    build/stm32f4xx_hal_tim_ex.o
HAL_TIMEx_HallSensor_Start_IT                     build/stm32f4xx_hal_tim_ex.o
HAL_TIMEx_HallSensor_Stop                         build/stm32f4xx_hal_tim_ex.o
HAL_TIMEx_HallSensor_Stop_DMA                     build/stm32f4xx_hal_tim_ex.o
HAL_TIMEx_HallSensor_Stop_IT                      build/stm32f4xx_hal_tim_ex.o
HAL_TIMEx_MasterConfigSynchronization             build/stm32f4xx_hal_tim_ex.o
HAL_TIMEx_OCN_Start                               build/stm32f4xx_hal_tim_ex.o
HAL_TIMEx_OCN_Start_DMA                           build/stm32f4xx_hal_tim_ex.o
HAL_TIMEx_OCN_Start_IT                            build/stm32f4xx_hal_tim_ex.o
HAL_TIMEx_OCN_Stop                                build/stm32f4xx_hal_tim_ex.o
HAL_TIMEx_OCN_Stop_DMA                            build/stm32f4xx_hal_tim_ex.o
HAL_TIMEx_OCN_Stop_IT                             build/stm32f4xx_hal_tim_ex.o
HAL_TIMEx_OnePulseN_Start                         build/stm32f4xx_hal_tim_ex.o
HAL_TIMEx_OnePulseN_Start_IT                      build/stm32f4xx_hal_tim_ex.o
HAL_TIMEx_OnePulseN_Stop                          build/stm32f4xx_hal_tim_ex.o
HAL_TIMEx_OnePulseN_Stop_IT                       build/stm32f4xx_hal_tim_ex.o
HAL_TIMEx_PWMN_Start                              build/stm32f4xx_hal_tim_ex.o
HAL_TIMEx_PWMN_Start_DMA                          build/stm32f4xx_hal_tim_ex.o
HAL_TIMEx_PWMN_Start_IT                           build/stm32f4xx_hal_tim_ex.o
HAL_TIMEx_PWMN_Stop                               build/stm32f4xx_hal_tim_ex.o
HAL_TIMEx_PWMN_Stop_DMA                           build/stm32f4xx_hal_tim_ex.o
HAL_TIMEx_PWMN_Stop_IT                            build/stm32f4xx_hal_tim_ex.o
HAL_TIMEx_RemapConfig                             build/stm32f4xx_hal_tim_ex.o
HAL_TIM_Base_DeInit                               build/stm32f4xx_hal_tim.o
HAL_TIM_Base_GetState                             build/stm32f4xx_hal_tim.o
HAL_TIM_Base_Init                                 build/stm32f4xx_hal_tim.o
                                                  build/stm32f4xx_hal_timebase_TIM.o
HAL_TIM_Base_MspDeInit                            build/stm32f4xx_hal_tim.o
HAL_TIM_Base_MspInit                              build/stm32f4xx_hal_tim.o
HAL_TIM_Base_Start                                build/stm32f4xx_hal_tim.o
HAL_TIM_Base_Start_DMA                            build/stm32f4xx_hal_tim.o
HAL_TIM_Base_Start_IT                             build/stm32f4xx_hal_tim.o
                                                  build/stm32f4xx_hal_timebase_TIM.o
HAL_TIM_Base_Stop                                 build/stm32f4xx_hal_tim.o
HAL_TIM_Base_Stop_DMA                             build/stm32f4xx_hal_tim.o
HAL_TIM_Base_Stop_IT                              build/stm32f4xx_hal_tim.o
HAL_TIM_ConfigClockSource                         build/stm32f4xx_hal_tim.o
HAL_TIM_ConfigOCrefClear                          build/stm32f4xx_hal_tim.o
HAL_TIM_ConfigTI1Input                            build/stm32f4xx_hal_tim.o
HAL_TIM_DMABurst_ReadStart                        build/stm32f4xx_hal_tim.o
HAL_TIM_DMABurst_ReadStop                         build/stm32f4xx_hal_tim.o
HAL_TIM_DMABurst_WriteStart                       build/stm32f4xx_hal_tim.o
HAL_TIM_DMABurst_WriteStop                        build/stm32f4xx_hal_tim.o
HAL_TIM_Encoder_DeInit                            build/stm32f4xx_hal_tim.o
HAL_TIM_Encoder_GetState                          build/stm32f4xx_hal_tim.o
HAL_TIM_Encoder_Init                              build/stm32f4xx_hal_tim.o
HAL_TIM_Encoder_MspDeInit                         build/stm32f4xx_hal_tim.o
HAL_TIM_Encoder_MspInit                           build/stm32f4xx_hal_tim.o
HAL_TIM_Encoder_Start                             build/stm32f4xx_hal_tim.o
HAL_TIM_Encoder_Start_DMA                         build/stm32f4xx_hal_tim.o
HAL_TIM_Encoder_Start_IT                          build/stm32f4xx_hal_tim.o
HAL_TIM_Encoder_Stop                              build/stm32f4xx_hal_tim.o
HAL_TIM_Encoder_Stop_DMA                          build/stm32f4xx_hal_tim.o
HAL_TIM_Encoder_Stop_IT                           build/stm32f4xx_hal_tim.o
HAL_TIM_ErrorCallback                             build/stm32f4xx_hal_tim.o
HAL_TIM_GenerateEvent                             build/stm32f4xx_hal_tim.o
HAL_TIM_IC_CaptureCallback                        build/stm32f4xx_hal_tim.o
HAL_TIM_IC_ConfigChannel                          build/stm32f4xx_hal_tim.o
HAL_TIM_IC_DeInit                                 build/stm32f4xx_hal_tim.o
HAL_TIM_IC_GetState                               build/stm32f4xx_hal_tim.o
HAL_TIM_IC_Init                                   build/stm32f4xx_hal_tim.o
HAL_TIM_IC_MspDeInit                              build/stm32f4xx_hal_tim.o
HAL_TIM_IC_MspInit                                build/stm32f4xx_hal_tim.o
HAL_TIM_IC_Start                                  build/stm32f4xx_hal_tim.o
HAL_TIM_IC_Start_DMA                              build/stm32f4xx_hal_tim.o
HAL_TIM_IC_Start_IT                               build/stm32f4xx_hal_tim.o
HAL_TIM_IC_Stop                                   build/stm32f4xx_hal_tim.o
HAL_TIM_IC_Stop_DMA                               build/stm32f4xx_hal_tim.o
HAL_TIM_IC_Stop_IT                                build/stm32f4xx_hal_tim.o
HAL_TIM_IRQHandler                                build/stm32f4xx_hal_tim.o
                                                  build/stm32f4xx_it.o
HAL_TIM_OC_ConfigChannel                          build/stm32f4xx_hal_tim.o
HAL_TIM_OC_DeInit                                 build/stm32f4xx_hal_tim.o
HAL_TIM_OC_DelayElapsedCallback                   build/stm32f4xx_hal_tim.o
HAL_TIM_OC_GetState                               build/stm32f4xx_hal_tim.o
HAL_TIM_OC_Init                                   build/stm32f4xx_hal_tim.o
HAL_TIM_OC_MspDeInit                              build/stm32f4xx_hal_tim.o
HAL_TIM_OC_MspInit                                build/stm32f4xx_hal_tim.o
HAL_TIM_OC_Start                                  build/stm32f4xx_hal_tim.o
HAL_TIM_OC_Start_DMA                              build/stm32f4xx_hal_tim.o
HAL_TIM_OC_Start_IT                               build/stm32f4xx_hal_tim.o
HAL_TIM_OC_Stop                                   build/stm32f4xx_hal_tim.o
HAL_TIM_OC_Stop_DMA                               build/stm32f4xx_hal_tim.o
HAL_TIM_OC_Stop_IT                                build/stm32f4xx_hal_tim.o
HAL_TIM_OnePulse_ConfigChannel                    build/stm32f4xx_hal_tim.o
HAL_TIM_OnePulse_DeInit                           build/stm32f4xx_hal_tim.o
HAL_TIM_OnePulse_GetState                         build/stm32f4xx_hal_tim.o
HAL_TIM_OnePulse_Init                             build/stm32f4xx_hal_tim.o
HAL_TIM_OnePulse_MspDeInit                        build/stm32f4xx_hal_tim.o
HAL_TIM_OnePulse_MspInit                          build/stm32f4xx_hal_tim.o
HAL_TIM_OnePulse_Start                            build/stm32f4xx_hal_tim.o
HAL_TIM_OnePulse_Start_IT                         build/stm32f4xx_hal_tim.o
HAL_TIM_OnePulse_Stop                             build/stm32f4xx_hal_tim.o
HAL_TIM_OnePulse_Stop_IT                          build/stm32f4xx_hal_tim.o
HAL_TIM_PWM_ConfigChannel                         build/stm32f4xx_hal_tim.o
HAL_TIM_PWM_DeInit                                build/stm32f4xx_hal_tim.o
HAL_TIM_PWM_GetState                              build/stm32f4xx_hal_tim.o
HAL_TIM_PWM_Init                                  build/stm32f4xx_hal_tim.o
HAL_TIM_PWM_MspDeInit                             build/stm32f4xx_hal_tim.o
HAL_TIM_PWM_MspInit                               build/stm32f4xx_hal_tim.o
HAL_TIM_PWM_PulseFinishedCallback                 build/stm32f4xx_hal_tim.o
HAL_TIM_PWM_Start                                 build/stm32f4xx_hal_tim.o
HAL_TIM_PWM_Start_DMA                             build/stm32f4xx_hal_tim.o
HAL_TIM_PWM_Start_IT                              build/stm32f4xx_hal_tim.o
HAL_TIM_PWM_Stop                                  build/stm32f4xx_hal_tim.o
HAL_TIM_PWM_Stop_DMA                              build/stm32f4xx_hal_tim.o
HAL_TIM_PWM_Stop_IT                               build/stm32f4xx_hal_tim.o
HAL_TIM_PeriodElapsedCallback                     build/main.o
                                                  build/stm32f4xx_hal_tim.o
HAL_TIM_ReadCapturedValue                         build/stm32f4xx_hal_tim.o
HAL_TIM_SlaveConfigSynchronization                build/stm32f4xx_hal_tim.o
HAL_TIM_SlaveConfigSynchronization_IT             build/stm32f4xx_hal_tim.o
HAL_TIM_TriggerCallback                           build/stm32f4xx_hal_tim.o
HardFault_Handler                                 build/startup_stm32f411xe.o
I2C1_ER_IRQHandler                                build/startup_stm32f411xe.o
I2C1_EV_IRQHandler                                build/startup_stm32f411xe.o
I2C2_ER_IRQHandler                                build/startup_stm32f411xe.o
I2C2_EV_IRQHandler                                build/startup_stm32f411xe.o
I2C3_ER_IRQHandler                                build/startup_stm32f411xe.o
I2C3_EV_IRQHandler                                build/startup_stm32f411xe.o
MemManage_Handler                                 build/startup_stm32f411xe.o
NMI_Handler                                       build/startup_stm32f411xe.o
OTG_FS_IRQHandler                                 build/startup_stm32f411xe.o
OTG_FS_WKUP_IRQHandler                            build/startup_stm32f411xe.o
PVD_IRQHandler                                    build/startup_stm32f411xe.o
PendSV_Handler                                    build/port.o
RCC_IRQHandler                                    build/startup_stm32f411xe.o
RTC_Alarm_IRQHandler                              build/startup_stm32f411xe.o
RTC_WKUP_IRQHandler                               build/startup_stm32f411xe.o
Reset_Handler                                     build/startup_stm32f411xe.o
SDIO_IRQHandler                                   build/startup_stm32f411xe.o
SPI1_IRQHandler                                   build/startup_stm32f411xe.o
SPI2_IRQHandler                                   build/startup_stm32f411xe.o
SPI3_IRQHandler                                   build/startup_stm32f411xe.o
SPI4_IRQHandler                                   build/startup_stm32f411xe.o
SPI5_IRQHandler                                   build/startup_stm32f411xe.o
SVC_Handler                                       build/port.o
StartDefaultTask                                  build/main.o
SysTick_Handler                                   build/stm32f4xx_it.o
SystemClock_Config                                build/main.o
SystemCoreClock                                   build/system_stm32f4xx.o
                                                  build/port.o
                                                  build/stm32f4xx_hal_rcc_ex.o
                                                  build/stm32f4xx_hal_rcc.o
                                                  build/stm32f4xx_hal_dma.o
                                                  build/stm32f4xx_hal.o
SystemCoreClockUpdate                             build/system_stm32f4xx.o
SystemInit                                        build/system_stm32f4xx.o
                                                  build/startup_stm32f411xe.o
TAMP_STAMP_IRQHandler                             build/startup_stm32f411xe.o
TIM1_BRK_TIM9_IRQHandler                          build/startup_stm32f411xe.o
TIM1_CC_IRQHandler                                build/startup_stm32f411xe.o
TIM1_TRG_COM_TIM11_IRQHandler                     build/startup_stm32f411xe.o
TIM1_UP_TIM10_IRQHandler                          build/stm32f4xx_it.o
TIM2_IRQHandler                                   build/startup_stm32f411xe.o
TIM3_IRQHandler                                   build/startup_stm32f411xe.o
TIM4_IRQHandler                                   build/startup_stm32f411xe.o
TIM5_IRQHandler                                   build/startup_stm32f411xe.o
TIMEx_DMACommutationCplt                          build/stm32f4xx_hal_tim_ex.o
                                                  build/stm32f4xx_hal_tim.o
TIM_Base_SetConfig                                build/stm32f4xx_hal_tim.o
                                                  build/stm32f4xx_hal_tim_ex.o
TIM_CCxChannelCmd                                 build/stm32f4xx_hal_tim.o
                                                  build/stm32f4xx_hal_tim_ex.o
TIM_DMACaptureCplt                                build/stm32f4xx_hal_tim.o
                                                  build/stm32f4xx_hal_tim_ex.o
TIM_DMADelayPulseCplt                             build/stm32f4xx_hal_tim.o
                                                  build/stm32f4xx_hal_tim_ex.o
TIM_DMAError                                      build/stm32f4xx_hal_tim.o
                                                  build/stm32f4xx_hal_tim_ex.o
TIM_OC2_SetConfig                                 build/stm32f4xx_hal_tim.o
                                                  build/stm32f4xx_hal_tim_ex.o
TIM_TI1_SetConfig                                 build/stm32f4xx_hal_tim.o
                                                  build/stm32f4xx_hal_tim_ex.o
USART1_IRQHandler                                 build/startup_stm32f411xe.o
USART2_IRQHandler                                 build/startup_stm32f411xe.o
USART6_IRQHandler                                 build/startup_stm32f411xe.o
UsageFault_Handler                                build/startup_stm32f411xe.o
WWDG_IRQHandler                                   build/startup_stm32f411xe.o
_Error_Handler                                    build/main.o
_Jv_RegisterClasses                               /opt/gcc4mbed/gcc-arm-none-eabi/bin/../lib/gcc/arm-none-eabi/6.3.1/thumb/v7e-m/fpv4-sp/hard/crtbegin.o
__aeabi_idiv0                                     /opt/gcc4mbed/gcc-arm-none-eabi/bin/../lib/gcc/arm-none-eabi/6.3.1/thumb/v7e-m/fpv4-sp/hard/libgcc.a(_dvmd_tls.o)
__aeabi_ldiv0                                     /opt/gcc4mbed/gcc-arm-none-eabi/bin/../lib/gcc/arm-none-eabi/6.3.1/thumb/v7e-m/fpv4-sp/hard/libgcc.a(_dvmd_tls.o)
                                                  /opt/gcc4mbed/gcc-arm-none-eabi/bin/../lib/gcc/arm-none-eabi/6.3.1/thumb/v7e-m/fpv4-sp/hard/libgcc.a(_aeabi_uldivmod.o)
__aeabi_uldivmod                                  /opt/gcc4mbed/gcc-arm-none-eabi/bin/../lib/gcc/arm-none-eabi/6.3.1/thumb/v7e-m/fpv4-sp/hard/libgcc.a(_aeabi_uldivmod.o)
                                                  build/stm32f4xx_hal_rcc.o
__bss_end__                                       /opt/gcc4mbed/gcc-arm-none-eabi/bin/../lib/gcc/arm-none-eabi/6.3.1/../../../../arm-none-eabi/lib/thumb/v7e-m/fpv4-sp/hard/crt0.o
__bss_start__                                     /opt/gcc4mbed/gcc-arm-none-eabi/bin/../lib/gcc/arm-none-eabi/6.3.1/../../../../arm-none-eabi/lib/thumb/v7e-m/fpv4-sp/hard/crt0.o
__call_exitprocs                                  /opt/gcc4mbed/gcc-arm-none-eabi/bin/../lib/gcc/arm-none-eabi/6.3.1/../../../../arm-none-eabi/lib/thumb/v7e-m/fpv4-sp/hard/libc_nano.a(lib_a-exit.o)
__deregister_frame_info                           /opt/gcc4mbed/gcc-arm-none-eabi/bin/../lib/gcc/arm-none-eabi/6.3.1/thumb/v7e-m/fpv4-sp/hard/crtbegin.o
__dso_handle                                      /opt/gcc4mbed/gcc-arm-none-eabi/bin/../lib/gcc/arm-none-eabi/6.3.1/thumb/v7e-m/fpv4-sp/hard/crtbegin.o
__init_array_end                                  /opt/gcc4mbed/gcc-arm-none-eabi/bin/../lib/gcc/arm-none-eabi/6.3.1/../../../../arm-none-eabi/lib/thumb/v7e-m/fpv4-sp/hard/libc_nano.a(lib_a-init.o)
__init_array_start                                /opt/gcc4mbed/gcc-arm-none-eabi/bin/../lib/gcc/arm-none-eabi/6.3.1/../../../../arm-none-eabi/lib/thumb/v7e-m/fpv4-sp/hard/libc_nano.a(lib_a-init.o)
__libc_fini_array                                 /opt/gcc4mbed/gcc-arm-none-eabi/bin/../lib/gcc/arm-none-eabi/6.3.1/../../../../arm-none-eabi/lib/thumb/v7e-m/fpv4-sp/hard/crt0.o
__libc_init_array                                 /opt/gcc4mbed/gcc-arm-none-eabi/bin/../lib/gcc/arm-none-eabi/6.3.1/../../../../arm-none-eabi/lib/thumb/v7e-m/fpv4-sp/hard/libc_nano.a(lib_a-init.o)
                                                  build/startup_stm32f411xe.o
                                                  /opt/gcc4mbed/gcc-arm-none-eabi/bin/../lib/gcc/arm-none-eabi/6.3.1/../../../../arm-none-eabi/lib/thumb/v7e-m/fpv4-sp/hard/crt0.o
__preinit_array_end                               /opt/gcc4mbed/gcc-arm-none-eabi/bin/../lib/gcc/arm-none-eabi/6.3.1/../../../../arm-none-eabi/lib/thumb/v7e-m/fpv4-sp/hard/libc_nano.a(lib_a-init.o)
__preinit_array_start                             /opt/gcc4mbed/gcc-arm-none-eabi/bin/../lib/gcc/arm-none-eabi/6.3.1/../../../../arm-none-eabi/lib/thumb/v7e-m/fpv4-sp/hard/libc_nano.a(lib_a-init.o)
__register_frame_info                             /opt/gcc4mbed/gcc-arm-none-eabi/bin/../lib/gcc/arm-none-eabi/6.3.1/thumb/v7e-m/fpv4-sp/hard/crtbegin.o
__sf_fake_stderr                                  /opt/gcc4mbed/gcc-arm-none-eabi/bin/../lib/gcc/arm-none-eabi/6.3.1/../../../../arm-none-eabi/lib/thumb/v7e-m/fpv4-sp/hard/libc_nano.a(lib_a-impure.o)
__sf_fake_stdin                                   /opt/gcc4mbed/gcc-arm-none-eabi/bin/../lib/gcc/arm-none-eabi/6.3.1/../../../../arm-none-eabi/lib/thumb/v7e-m/fpv4-sp/hard/libc_nano.a(lib_a-impure.o)
__sf_fake_stdout                                  /opt/gcc4mbed/gcc-arm-none-eabi/bin/../lib/gcc/arm-none-eabi/6.3.1/../../../../arm-none-eabi/lib/thumb/v7e-m/fpv4-sp/hard/libc_nano.a(lib_a-impure.o)
__stack                                           /opt/gcc4mbed/gcc-arm-none-eabi/bin/../lib/gcc/arm-none-eabi/6.3.1/../../../../arm-none-eabi/lib/thumb/v7e-m/fpv4-sp/hard/crt0.o
__udivmoddi4                                      /opt/gcc4mbed/gcc-arm-none-eabi/bin/../lib/gcc/arm-none-eabi/6.3.1/thumb/v7e-m/fpv4-sp/hard/libgcc.a(_udivmoddi4.o)
                                                  /opt/gcc4mbed/gcc-arm-none-eabi/bin/../lib/gcc/arm-none-eabi/6.3.1/thumb/v7e-m/fpv4-sp/hard/libgcc.a(_aeabi_uldivmod.o)
_ebss                                             build/startup_stm32f411xe.o
_edata                                            build/startup_stm32f411xe.o
_estack                                           build/startup_stm32f411xe.o
_exit                                             /opt/gcc4mbed/gcc-arm-none-eabi/bin/../lib/gcc/arm-none-eabi/6.3.1/../../../../arm-none-eabi/lib/thumb/v7e-m/fpv4-sp/hard/libnosys.a(_exit.o)
                                                  /opt/gcc4mbed/gcc-arm-none-eabi/bin/../lib/gcc/arm-none-eabi/6.3.1/../../../../arm-none-eabi/lib/thumb/v7e-m/fpv4-sp/hard/libc_nano.a(lib_a-exit.o)
_fini                                             /opt/gcc4mbed/gcc-arm-none-eabi/bin/../lib/gcc/arm-none-eabi/6.3.1/thumb/v7e-m/fpv4-sp/hard/crti.o
_global_impure_ptr                                /opt/gcc4mbed/gcc-arm-none-eabi/bin/../lib/gcc/arm-none-eabi/6.3.1/../../../../arm-none-eabi/lib/thumb/v7e-m/fpv4-sp/hard/libc_nano.a(lib_a-impure.o)
                                                  /opt/gcc4mbed/gcc-arm-none-eabi/bin/../lib/gcc/arm-none-eabi/6.3.1/../../../../arm-none-eabi/lib/thumb/v7e-m/fpv4-sp/hard/libc_nano.a(lib_a-exit.o)
_impure_ptr                                       /opt/gcc4mbed/gcc-arm-none-eabi/bin/../lib/gcc/arm-none-eabi/6.3.1/../../../../arm-none-eabi/lib/thumb/v7e-m/fpv4-sp/hard/libc_nano.a(lib_a-impure.o)
_init                                             /opt/gcc4mbed/gcc-arm-none-eabi/bin/../lib/gcc/arm-none-eabi/6.3.1/thumb/v7e-m/fpv4-sp/hard/crti.o
                                                  /opt/gcc4mbed/gcc-arm-none-eabi/bin/../lib/gcc/arm-none-eabi/6.3.1/../../../../arm-none-eabi/lib/thumb/v7e-m/fpv4-sp/hard/libc_nano.a(lib_a-init.o)
_mainCRTStartup                                   /opt/gcc4mbed/gcc-arm-none-eabi/bin/../lib/gcc/arm-none-eabi/6.3.1/../../../../arm-none-eabi/lib/thumb/v7e-m/fpv4-sp/hard/crt0.o
_sbss                                             build/startup_stm32f411xe.o
_sdata                                            build/startup_stm32f411xe.o
_sidata                                           build/startup_stm32f411xe.o
_start                                            /opt/gcc4mbed/gcc-arm-none-eabi/bin/../lib/gcc/arm-none-eabi/6.3.1/../../../../arm-none-eabi/lib/thumb/v7e-m/fpv4-sp/hard/crt0.o
atexit                                            /opt/gcc4mbed/gcc-arm-none-eabi/bin/../lib/gcc/arm-none-eabi/6.3.1/../../../../arm-none-eabi/lib/thumb/v7e-m/fpv4-sp/hard/crt0.o
blinkTheLightsTask                                build/main.o
buttonPressTask                                   build/main.o
defaultTaskHandle                                 build/main.o
exit                                              /opt/gcc4mbed/gcc-arm-none-eabi/bin/../lib/gcc/arm-none-eabi/6.3.1/../../../../arm-none-eabi/lib/thumb/v7e-m/fpv4-sp/hard/libc_nano.a(lib_a-exit.o)
                                                  /opt/gcc4mbed/gcc-arm-none-eabi/bin/../lib/gcc/arm-none-eabi/6.3.1/../../../../arm-none-eabi/lib/thumb/v7e-m/fpv4-sp/hard/crt0.o
g_pfnVectors                                      build/startup_stm32f411xe.o
hardware_init_hook                                /opt/gcc4mbed/gcc-arm-none-eabi/bin/../lib/gcc/arm-none-eabi/6.3.1/../../../../arm-none-eabi/lib/thumb/v7e-m/fpv4-sp/hard/crt0.o
htim1                                             build/stm32f4xx_hal_timebase_TIM.o
                                                  build/stm32f4xx_it.o
main                                              build/main.o
                                                  build/startup_stm32f411xe.o
                                                  /opt/gcc4mbed/gcc-arm-none-eabi/bin/../lib/gcc/arm-none-eabi/6.3.1/../../../../arm-none-eabi/lib/thumb/v7e-m/fpv4-sp/hard/crt0.o
memcpy                                            /opt/gcc4mbed/gcc-arm-none-eabi/bin/../lib/gcc/arm-none-eabi/6.3.1/../../../../arm-none-eabi/lib/thumb/v7e-m/fpv4-sp/hard/libc_nano.a(lib_a-memcpy-stub.o)
                                                  build/queue.o
memset                                            /opt/gcc4mbed/gcc-arm-none-eabi/bin/../lib/gcc/arm-none-eabi/6.3.1/../../../../arm-none-eabi/lib/thumb/v7e-m/fpv4-sp/hard/libc_nano.a(lib_a-memset.o)
                                                  build/cmsis_os.o
                                                  /opt/gcc4mbed/gcc-arm-none-eabi/bin/../lib/gcc/arm-none-eabi/6.3.1/../../../../arm-none-eabi/lib/thumb/v7e-m/fpv4-sp/hard/crt0.o
osAbortDelay                                      build/cmsis_os.o
osDelay                                           build/cmsis_os.o
                                                  build/main.o
osDelayUntil                                      build/cmsis_os.o
osKernelRunning                                   build/cmsis_os.o
osKernelStart                                     build/cmsis_os.o
                                                  build/main.o
osKernelSysTick                                   build/cmsis_os.o
osMailAlloc                                       build/cmsis_os.o
osMailCAlloc                                      build/cmsis_os.o
osMailCreate                                      build/cmsis_os.o
osMailFree                                        build/cmsis_os.o
osMailGet                                         build/cmsis_os.o
osMailPut                                         build/cmsis_os.o
osMessageAvailableSpace                           build/cmsis_os.o
osMessageCreate                                   build/cmsis_os.o
osMessageDelete                                   build/cmsis_os.o
osMessageGet                                      build/cmsis_os.o
osMessagePeek                                     build/cmsis_os.o
osMessagePut                                      build/cmsis_os.o
osMessageWaiting                                  build/cmsis_os.o
osMutexCreate                                     build/cmsis_os.o
osMutexDelete                                     build/cmsis_os.o
osMutexRelease                                    build/cmsis_os.o
osMutexWait                                       build/cmsis_os.o
osPoolAlloc                                       build/cmsis_os.o
osPoolCAlloc                                      build/cmsis_os.o
osPoolCreate                                      build/cmsis_os.o
osPoolFree                                        build/cmsis_os.o
osRecursiveMutexCreate                            build/cmsis_os.o
osRecursiveMutexRelease                           build/cmsis_os.o
osRecursiveMutexWait                              build/cmsis_os.o
osSemaphoreCreate                                 build/cmsis_os.o
osSemaphoreDelete                                 build/cmsis_os.o
osSemaphoreGetCount                               build/cmsis_os.o
osSemaphoreRelease                                build/cmsis_os.o
osSemaphoreWait                                   build/cmsis_os.o
osSignalSet                                       build/cmsis_os.o
osSignalWait                                      build/cmsis_os.o
osSystickHandler                                  build/cmsis_os.o
                                                  build/stm32f4xx_it.o
osThreadCreate                                    build/cmsis_os.o
                                                  build/main.o
osThreadGetId                                     build/cmsis_os.o
osThreadGetPriority                               build/cmsis_os.o
osThreadList                                      build/cmsis_os.o
osThreadResume                                    build/cmsis_os.o
osThreadResumeAll                                 build/cmsis_os.o
osThreadSetPriority                               build/cmsis_os.o
osThreadSuspend                                   build/cmsis_os.o
osThreadSuspendAll                                build/cmsis_os.o
osThreadTerminate                                 build/cmsis_os.o
osThreadYield                                     build/cmsis_os.o
osTimerCreate                                     build/cmsis_os.o
osTimerDelete                                     build/cmsis_os.o
osTimerStart                                      build/cmsis_os.o
osTimerStop                                       build/cmsis_os.o
pFlash                                            build/stm32f4xx_hal_flash.o
                                                  build/stm32f4xx_hal_flash_ex.o
pcQueueGetName                                    build/queue.o
pcTaskGetName                                     build/tasks.o
pvPortMalloc                                      build/heap_4.o
                                                  build/cmsis_os.o
                                                  build/tasks.o
                                                  build/queue.o
                                                  build/event_groups.o
pvTaskIncrementMutexHeldCount                     build/tasks.o
                                                  build/queue.o
pxCurrentTCB                                      build/tasks.o
                                                  build/port.o
pxPortInitialiseStack                             build/port.o
                                                  build/tasks.o
software_init_hook                                /opt/gcc4mbed/gcc-arm-none-eabi/bin/../lib/gcc/arm-none-eabi/6.3.1/../../../../arm-none-eabi/lib/thumb/v7e-m/fpv4-sp/hard/crt0.o
ulTaskNotifyTake                                  build/tasks.o
uwIncrementState                                  build/stm32f4xx_hal_timebase_TIM.o
uwTick                                            build/stm32f4xx_hal.o
uxListRemove                                      build/list.o
                                                  build/tasks.o
uxQueueMessagesWaiting                            build/queue.o
                                                  build/cmsis_os.o
uxQueueMessagesWaitingFromISR                     build/queue.o
                                                  build/cmsis_os.o
uxQueueSpacesAvailable                            build/queue.o
                                                  build/cmsis_os.o
uxTaskGetNumberOfTasks                            build/tasks.o
uxTaskPriorityGet                                 build/tasks.o
                                                  build/cmsis_os.o
uxTaskPriorityGetFromISR                          build/tasks.o
                                                  build/cmsis_os.o
uxTaskResetEventItemValue                         build/tasks.o
                                                  build/event_groups.o
vEventGroupClearBitsCallback                      build/event_groups.o
vEventGroupDelete                                 build/event_groups.o
vEventGroupSetBitsCallback                        build/event_groups.o
vListInitialise                                   build/list.o
                                                  build/tasks.o
                                                  build/queue.o
                                                  build/event_groups.o
vListInitialiseItem                               build/list.o
                                                  build/tasks.o
vListInsert                                       build/list.o
                                                  build/tasks.o
vListInsertEnd                                    build/list.o
                                                  build/tasks.o
vPortEndScheduler                                 build/port.o
                                                  build/tasks.o
vPortEnterCritical                                build/port.o
                                                  build/cmsis_os.o
                                                  build/tasks.o
                                                  build/queue.o
                                                  build/event_groups.o
vPortExitCritical                                 build/port.o
                                                  build/cmsis_os.o
                                                  build/tasks.o
                                                  build/queue.o
                                                  build/event_groups.o
vPortFree                                         build/heap_4.o
                                                  build/cmsis_os.o
                                                  build/tasks.o