Archive member included to satisfy reference by file (symbol)

/opt/gcc4mbed/gcc-arm-none-eabi/bin/../lib/gcc/arm-none-eabi/6.3.1/../../../../arm-none-eabi/lib/thumb/v7e-m/fpv4-sp/hard/libc_nano.a(lib_a-exit.o)
                              /opt/gcc4mbed/gcc-arm-none-eabi/bin/../lib/gcc/arm-none-eabi/6.3.1/../../../../arm-none-eabi/lib/thumb/v7e-m/fpv4-sp/hard/crt0.o (exit)
/opt/gcc4mbed/gcc-arm-none-eabi/bin/../lib/gcc/arm-none-eabi/6.3.1/../../../../arm-none-eabi/lib/thumb/v7e-m/fpv4-sp/hard/libc_nano.a(lib_a-impure.o)
                              /opt/gcc4mbed/gcc-arm-none-eabi/bin/../lib/gcc/arm-none-eabi/6.3.1/../../../../arm-none-eabi/lib/thumb/v7e-m/fpv4-sp/hard/libc_nano.a(lib_a-exit.o) (_global_impure_ptr)
/opt/gcc4mbed/gcc-arm-none-eabi/bin/../lib/gcc/arm-none-eabi/6.3.1/../../../../arm-none-eabi/lib/thumb/v7e-m/fpv4-sp/hard/libc_nano.a(lib_a-init.o)
                              /opt/gcc4mbed/gcc-arm-none-eabi/bin/../lib/gcc/arm-none-eabi/6.3.1/../../../../arm-none-eabi/lib/thumb/v7e-m/fpv4-sp/hard/crt0.o (__libc_init_array)
/opt/gcc4mbed/gcc-arm-none-eabi/bin/../lib/gcc/arm-none-eabi/6.3.1/../../../../arm-none-eabi/lib/thumb/v7e-m/fpv4-sp/hard/libc_nano.a(lib_a-memcpy-stub.o)
                              build/queue.o (memcpy)
/opt/gcc4mbed/gcc-arm-none-eabi/bin/../lib/gcc/arm-none-eabi/6.3.1/../../../../arm-none-eabi/lib/thumb/v7e-m/fpv4-sp/hard/libc_nano.a(lib_a-memset.o)
                              /opt/gcc4mbed/gcc-arm-none-eabi/bin/../lib/gcc/arm-none-eabi/6.3.1/../../../../arm-none-eabi/lib/thumb/v7e-m/fpv4-sp/hard/crt0.o (memset)
/opt/gcc4mbed/gcc-arm-none-eabi/bin/../lib/gcc/arm-none-eabi/6.3.1/../../../../arm-none-eabi/lib/thumb/v7e-m/fpv4-sp/hard/libnosys.a(_exit.o)
                              /opt/gcc4mbed/gcc-arm-none-eabi/bin/../lib/gcc/arm-none-eabi/6.3.1/../../../../arm-none-eabi/lib/thumb/v7e-m/fpv4-sp/hard/libc_nano.a(lib_a-exit.o) (_exit)
/opt/gcc4mbed/gcc-arm-none-eabi/bin/../lib/gcc/arm-none-eabi/6.3.1/thumb/v7e-m/fpv4-sp/hard/libgcc.a(_aeabi_uldivmod.o)
                              build/stm32f4xx_hal_rcc.o (__aeabi_uldivmod)
/opt/gcc4mbed/gcc-arm-none-eabi/bin/../lib/gcc/arm-none-eabi/6.3.1/thumb/v7e-m/fpv4-sp/hard/libgcc.a(_udivmoddi4.o)
                              /opt/gcc4mbed/gcc-arm-none-eabi/bin/../lib/gcc/arm-none-eabi/6.3.1/thumb/v7e-m/fpv4-sp/hard/libgcc.a(_aeabi_uldivmod.o) (__udivmoddi4)
/opt/gcc4mbed/gcc-arm-none-eabi/bin/../lib/gcc/arm-none-eabi/6.3.1/thumb/v7e-m/fpv4-sp/hard/libgcc.a(_dvmd_tls.o)
                              /opt/gcc4mbed/gcc-arm-none-eabi/bin/../lib/gcc/arm-none-eabi/6.3.1/thumb/v7e-m/fpv4-sp/hard/libgcc.a(_aeabi_uldivmod.o) (__aeabi_ldiv0)

Allocating common symbols
Common symbol       size              file

blinkLightsTaskHandle
                    0x4               build/main.o
defaultTaskHandle   0x4               build/main.o
uwTick              0x4               build/stm32f4xx_hal.o
xQueueRegistry      0x40              build/queue.o
pFlash              0x20              build/stm32f4xx_hal_flash.o
htim1               0x3c              build/stm32f4xx_hal_timebase_TIM.o

Discarded input sections

 .text          0x0000000000000000        0x0 /opt/gcc4mbed/gcc-arm-none-eabi/bin/../lib/gcc/arm-none-eabi/6.3.1/thumb/v7e-m/fpv4-sp/hard/crti.o
 .data          0x0000000000000000        0x0 /opt/gcc4mbed/gcc-arm-none-eabi/bin/../lib/gcc/arm-none-eabi/6.3.1/thumb/v7e-m/fpv4-sp/hard/crti.o
 .bss           0x0000000000000000        0x0 /opt/gcc4mbed/gcc-arm-none-eabi/bin/../lib/gcc/arm-none-eabi/6.3.1/thumb/v7e-m/fpv4-sp/hard/crti.o
 .data          0x0000000000000000        0x4 /opt/gcc4mbed/gcc-arm-none-eabi/bin/../lib/gcc/arm-none-eabi/6.3.1/thumb/v7e-m/fpv4-sp/hard/crtbegin.o
 .text          0x0000000000000000       0x74 /opt/gcc4mbed/gcc-arm-none-eabi/bin/../lib/gcc/arm-none-eabi/6.3.1/../../../../arm-none-eabi/lib/thumb/v7e-m/fpv4-sp/hard/crt0.o
 .data          0x0000000000000000        0x0 /opt/gcc4mbed/gcc-arm-none-eabi/bin/../lib/gcc/arm-none-eabi/6.3.1/../../../../arm-none-eabi/lib/thumb/v7e-m/fpv4-sp/hard/crt0.o
 .bss           0x0000000000000000        0x0 /opt/gcc4mbed/gcc-arm-none-eabi/bin/../lib/gcc/arm-none-eabi/6.3.1/../../../../arm-none-eabi/lib/thumb/v7e-m/fpv4-sp/hard/crt0.o
 .ARM.extab     0x0000000000000000        0x0 /opt/gcc4mbed/gcc-arm-none-eabi/bin/../lib/gcc/arm-none-eabi/6.3.1/../../../../arm-none-eabi/lib/thumb/v7e-m/fpv4-sp/hard/crt0.o
 .ARM.exidx     0x0000000000000000        0x8 /opt/gcc4mbed/gcc-arm-none-eabi/bin/../lib/gcc/arm-none-eabi/6.3.1/../../../../arm-none-eabi/lib/thumb/v7e-m/fpv4-sp/hard/crt0.o
 .ARM.attributes
                0x0000000000000000       0x20 /opt/gcc4mbed/gcc-arm-none-eabi/bin/../lib/gcc/arm-none-eabi/6.3.1/../../../../arm-none-eabi/lib/thumb/v7e-m/fpv4-sp/hard/crt0.o
 .text          0x0000000000000000        0x0 build/freertos.o
 .data          0x0000000000000000        0x0 build/freertos.o
 .bss           0x0000000000000000        0x0 build/freertos.o
[...]
Memory Configuration

Name             Origin             Length             Attributes
RAM              0x0000000020000000 0x0000000000020000 xrw
FLASH            0x0000000008000000 0x0000000000080000 xr
*default*        0x0000000000000000 0xffffffffffffffff

Linker script and memory map

LOAD /opt/gcc4mbed/gcc-arm-none-eabi/bin/../lib/gcc/arm-none-eabi/6.3.1/thumb/v7e-m/fpv4-sp/hard/crti.o
LOAD /opt/gcc4mbed/gcc-arm-none-eabi/bin/../lib/gcc/arm-none-eabi/6.3.1/thumb/v7e-m/fpv4-sp/hard/crtbegin.o
LOAD /opt/gcc4mbed/gcc-arm-none-eabi/bin/../lib/gcc/arm-none-eabi/6.3.1/../../../../arm-none-eabi/lib/thumb/v7e-m/fpv4-sp/hard/crt0.o
LOAD build/freertos.o
LOAD build/stm32f4xx_hal_msp.o
LOAD build/main.o
LOAD build/system_stm32f4xx.o
LOAD build/stm32f4xx_it.o
LOAD build/stm32f4xx_hal_timebase_TIM.o
LOAD build/stm32f4xx_hal_flash_ex.o
LOAD build/stm32f4xx_hal_tim.o
LOAD build/stm32f4xx_hal_rcc.o
LOAD build/stm32f4xx_hal_rcc_ex.o
LOAD build/stm32f4xx_hal_flash.o
LOAD build/stm32f4xx_hal_tim_ex.o
LOAD build/stm32f4xx_hal_dma_ex.o
LOAD build/stm32f4xx_hal_gpio.o
LOAD build/stm32f4xx_hal_pwr_ex.o
LOAD build/stm32f4xx_hal_flash_ramfunc.o
LOAD build/stm32f4xx_hal_dma.o
LOAD build/stm32f4xx_hal_pwr.o
LOAD build/stm32f4xx_hal.o
LOAD build/stm32f4xx_hal_cortex.o
LOAD build/queue.o
LOAD build/event_groups.o
LOAD build/list.o
LOAD build/tasks.o
LOAD build/croutine.o
LOAD build/timers.o
LOAD build/port.o
LOAD build/heap_4.o
LOAD build/cmsis_os.o
LOAD build/startup_stm32f411xe.o
LOAD /opt/gcc4mbed/gcc-arm-none-eabi/bin/../lib/gcc/arm-none-eabi/6.3.1/../../../../arm-none-eabi/lib/thumb/v7e-m/fpv4-sp/hard/libc_nano.a
LOAD /opt/gcc4mbed/gcc-arm-none-eabi/bin/../lib/gcc/arm-none-eabi/6.3.1/../../../../arm-none-eabi/lib/thumb/v7e-m/fpv4-sp/hard/libm.a
LOAD /opt/gcc4mbed/gcc-arm-none-eabi/bin/../lib/gcc/arm-none-eabi/6.3.1/../../../../arm-none-eabi/lib/thumb/v7e-m/fpv4-sp/hard/libnosys.a
START GROUP
LOAD /opt/gcc4mbed/gcc-arm-none-eabi/bin/../lib/gcc/arm-none-eabi/6.3.1/thumb/v7e-m/fpv4-sp/hard/libgcc.a
LOAD /opt/gcc4mbed/gcc-arm-none-eabi/bin/../lib/gcc/arm-none-eabi/6.3.1/../../../../arm-none-eabi/lib/thumb/v7e-m/fpv4-sp/hard/libc_nano.a
END GROUP
START GROUP
LOAD /opt/gcc4mbed/gcc-arm-none-eabi/bin/../lib/gcc/arm-none-eabi/6.3.1/thumb/v7e-m/fpv4-sp/hard/libgcc.a
LOAD /opt/gcc4mbed/gcc-arm-none-eabi/bin/../lib/gcc/arm-none-eabi/6.3.1/../../../../arm-none-eabi/lib/thumb/v7e-m/fpv4-sp/hard/libc_nano.a
END GROUP
LOAD /opt/gcc4mbed/gcc-arm-none-eabi/bin/../lib/gcc/arm-none-eabi/6.3.1/thumb/v7e-m/fpv4-sp/hard/crtend.o
LOAD /opt/gcc4mbed/gcc-arm-none-eabi/bin/../lib/gcc/arm-none-eabi/6.3.1/thumb/v7e-m/fpv4-sp/hard/crtn.o
                0x0000000020020000                _estack = 0x20020000
                0x0000000000000200                _Min_Heap_Size = 0x200
                0x0000000000000400                _Min_Stack_Size = 0x400

.isr_vector     0x0000000008000000      0x198
                0x0000000008000000                . = ALIGN (0x4)
 *(.isr_vector)
 .isr_vector    0x0000000008000000      0x198 build/startup_stm32f411xe.o
                0x0000000008000000                g_pfnVectors
                0x0000000008000198                . = ALIGN (0x4)

.text           0x00000000080001a0     0x326c
                0x00000000080001a0                . = ALIGN (0x4)
 *(.text)
 .text          0x00000000080001a0       0x6c /opt/gcc4mbed/gcc-arm-none-eabi/bin/../lib/gcc/arm-none-eabi/6.3.1/thumb/v7e-m/fpv4-sp/hard/crtbegin.o
 .text          0x000000000800020c       0x30 /opt/gcc4mbed/gcc-arm-none-eabi/bin/../lib/gcc/arm-none-eabi/6.3.1/thumb/v7e-m/fpv4-sp/hard/libgcc.a(_aeabi_uldivmod.o)
                0x000000000800020c                __aeabi_uldivmod
 .text          0x000000000800023c      0x2dc /opt/gcc4mbed/gcc-arm-none-eabi/bin/../lib/gcc/arm-none-eabi/6.3.1/thumb/v7e-m/fpv4-sp/hard/libgcc.a(_udivmoddi4.o)
                0x000000000800023c                __udivmoddi4
 .text          0x0000000008000518        0x4 /opt/gcc4mbed/gcc-arm-none-eabi/bin/../lib/gcc/arm-none-eabi/6.3.1/thumb/v7e-m/fpv4-sp/hard/libgcc.a(_dvmd_tls.o)
                0x0000000008000518                __aeabi_ldiv0
                0x0000000008000518                __aeabi_idiv0
 *(.text*)
 .text.HAL_MspInit
                0x000000000800051c       0x62 build/stm32f4xx_hal_msp.o
                0x000000000800051c                HAL_MspInit
 *fill*         0x000000000800057e        0x2 
 .text.main     0x0000000008000580       0x68 build/main.o
                0x0000000008000580                main
 .text.SystemClock_Config
                0x00000000080005e8       0xec build/main.o
                0x00000000080005e8                SystemClock_Config
 .text.MX_GPIO_Init
                0x00000000080006d4      0x2ac build/main.o
 .text.blinkLightsTask
                0x0000000008000980       0x84 build/main.o
                0x0000000008000980                blinkLightsTask
 .text.StartDefaultTask
                0x0000000008000a04       0x10 build/main.o
                0x0000000008000a04                StartDefaultTask
 .text.HAL_TIM_PeriodElapsedCallback
                0x0000000008000a14       0x24 build/main.o
                0x0000000008000a14                HAL_TIM_PeriodElapsedCallback
 .text._Error_Handler
                0x0000000008000a38        0xc build/main.o
                0x0000000008000a38                _Error_Handler
 .text.SystemInit
                0x0000000008000a44       0x6c build/system_stm32f4xx.o
                0x0000000008000a44                SystemInit
 .text.SysTick_Handler
                0x0000000008000ab0        0xc build/stm32f4xx_it.o
                0x0000000008000ab0                SysTick_Handler
 .text.TIM1_UP_TIM10_IRQHandler
                0x0000000008000abc       0x14 build/stm32f4xx_it.o
                0x0000000008000abc                TIM1_UP_TIM10_IRQHandler
 .text.HAL_InitTick
                0x0000000008000ad0       0xb4 build/stm32f4xx_hal_timebase_TIM.o
                0x0000000008000ad0                HAL_InitTick
 .text.HAL_TIM_Base_Init
                0x0000000008000b84       0x56 build/stm32f4xx_hal_tim.o
                0x0000000008000b84                HAL_TIM_Base_Init
 .text.HAL_TIM_Base_MspInit
                0x0000000008000bda       0x14 build/stm32f4xx_hal_tim.o
                0x0000000008000bda                HAL_TIM_Base_MspInit
 .text.HAL_TIM_Base_Start_IT
                0x0000000008000bee       0x36 build/stm32f4xx_hal_tim.o
                0x0000000008000bee                HAL_TIM_Base_Start_IT
 .text.HAL_TIM_IRQHandler
                0x0000000008000c24      0x210 build/stm32f4xx_hal_tim.o
                0x0000000008000c24                HAL_TIM_IRQHandler
 .text.HAL_TIM_OC_DelayElapsedCallback
                0x0000000008000e34       0x14 build/stm32f4xx_hal_tim.o
                0x0000000008000e34                HAL_TIM_OC_DelayElapsedCallback
 .text.HAL_TIM_IC_CaptureCallback
                0x0000000008000e48       0x14 build/stm32f4xx_hal_tim.o
                0x0000000008000e48                HAL_TIM_IC_CaptureCallback
 .text.HAL_TIM_PWM_PulseFinishedCallback
                0x0000000008000e5c       0x14 build/stm32f4xx_hal_tim.o
                0x0000000008000e5c                HAL_TIM_PWM_PulseFinishedCallback
 .text.HAL_TIM_TriggerCallback
                0x0000000008000e70       0x14 build/stm32f4xx_hal_tim.o
                0x0000000008000e70                HAL_TIM_TriggerCallback
 .text.TIM_Base_SetConfig
                0x0000000008000e84      0x108 build/stm32f4xx_hal_tim.o
                0x0000000008000e84                TIM_Base_SetConfig
 .text.HAL_RCC_OscConfig
                0x0000000008000f8c      0x450 build/stm32f4xx_hal_rcc.o
                0x0000000008000f8c                HAL_RCC_OscConfig
 .text.HAL_RCC_ClockConfig
                0x00000000080013dc      0x1c4 build/stm32f4xx_hal_rcc.o
                0x00000000080013dc                HAL_RCC_ClockConfig
 .text.HAL_RCC_GetSysClockFreq
                0x00000000080015a0      0x1b0 build/stm32f4xx_hal_rcc.o
                0x00000000080015a0                HAL_RCC_GetSysClockFreq
 .text.HAL_RCC_GetHCLKFreq
                0x0000000008001750       0x18 build/stm32f4xx_hal_rcc.o
                0x0000000008001750                HAL_RCC_GetHCLKFreq
 .text.HAL_RCC_GetPCLK2Freq
                0x0000000008001768       0x28 build/stm32f4xx_hal_rcc.o
                0x0000000008001768                HAL_RCC_GetPCLK2Freq
 .text.HAL_RCC_GetClockConfig
                0x0000000008001790       0x64 build/stm32f4xx_hal_rcc.o
                0x0000000008001790                HAL_RCC_GetClockConfig
 .text.HAL_TIMEx_CommutationCallback
                0x00000000080017f4       0x14 build/stm32f4xx_hal_tim_ex.o
                0x00000000080017f4                HAL_TIMEx_CommutationCallback
 .text.HAL_TIMEx_BreakCallback
                0x0000000008001808       0x14 build/stm32f4xx_hal_tim_ex.o
                0x0000000008001808                HAL_TIMEx_BreakCallback
 .text.HAL_GPIO_Init
                0x000000000800181c      0x304 build/stm32f4xx_hal_gpio.o
                0x000000000800181c                HAL_GPIO_Init
 .text.HAL_GPIO_WritePin
                0x0000000008001b20       0x32 build/stm32f4xx_hal_gpio.o
                0x0000000008001b20                HAL_GPIO_WritePin
 .text.HAL_GPIO_TogglePin
                0x0000000008001b52       0x24 build/stm32f4xx_hal_gpio.o
                0x0000000008001b52                HAL_GPIO_TogglePin
 *fill*         0x0000000008001b76        0x2 
 .text.HAL_Init
                0x0000000008001b78       0x44 build/stm32f4xx_hal.o
                0x0000000008001b78                HAL_Init
 .text.HAL_IncTick
                0x0000000008001bbc       0x1c build/stm32f4xx_hal.o
                0x0000000008001bbc                HAL_IncTick
 .text.HAL_GetTick
                0x0000000008001bd8       0x18 build/stm32f4xx_hal.o
                0x0000000008001bd8                HAL_GetTick
 .text.NVIC_SetPriorityGrouping
                0x0000000008001bf0       0x48 build/stm32f4xx_hal_cortex.o
 .text.NVIC_GetPriorityGrouping
                0x0000000008001c38       0x1c build/stm32f4xx_hal_cortex.o
 .text.NVIC_EnableIRQ
                0x0000000008001c54       0x34 build/stm32f4xx_hal_cortex.o
 .text.NVIC_SetPriority
                0x0000000008001c88       0x54 build/stm32f4xx_hal_cortex.o
 .text.NVIC_EncodePriority
                0x0000000008001cdc       0x62 build/stm32f4xx_hal_cortex.o
 *fill*         0x0000000008001d3e        0x2 
 .text.SysTick_Config
                0x0000000008001d40       0x44 build/stm32f4xx_hal_cortex.o
 .text.HAL_NVIC_SetPriorityGrouping
                0x0000000008001d84       0x16 build/stm32f4xx_hal_cortex.o
                0x0000000008001d84                HAL_NVIC_SetPriorityGrouping
 .text.HAL_NVIC_SetPriority
                0x0000000008001d9a       0x38 build/stm32f4xx_hal_cortex.o
                0x0000000008001d9a                HAL_NVIC_SetPriority
 .text.HAL_NVIC_EnableIRQ
                0x0000000008001dd2       0x1c build/stm32f4xx_hal_cortex.o
                0x0000000008001dd2                HAL_NVIC_EnableIRQ
 .text.HAL_SYSTICK_Config
                0x0000000008001dee       0x18 build/stm32f4xx_hal_cortex.o
                0x0000000008001dee                HAL_SYSTICK_Config
 *fill*         0x0000000008001e06        0x2 
 .text.HAL_SYSTICK_CLKSourceConfig
                0x0000000008001e08       0x38 build/stm32f4xx_hal_cortex.o
                0x0000000008001e08                HAL_SYSTICK_CLKSourceConfig
 .text.vListInitialise
                0x0000000008001e40       0x40 build/list.o
                0x0000000008001e40                vListInitialise
 .text.vListInitialiseItem
                0x0000000008001e80       0x1a build/list.o
                0x0000000008001e80                vListInitialiseItem
 .text.vListInsertEnd
                0x0000000008001e9a       0x48 build/list.o
                0x0000000008001e9a                vListInsertEnd
 .text.vListInsert
                0x0000000008001ee2       0x72 build/list.o
                0x0000000008001ee2                vListInsert
 .text.uxListRemove
                0x0000000008001f54       0x54 build/list.o
                0x0000000008001f54                uxListRemove
 .text.xTaskCreate
                0x0000000008001fa8       0x82 build/tasks.o
                0x0000000008001fa8                xTaskCreate
 .text.prvInitialiseNewTask
                0x000000000800202a       0xfc build/tasks.o
 *fill*         0x0000000008002126        0x2 
 .text.prvAddNewTaskToReadyList
                0x0000000008002128       0xd4 build/tasks.o
 .text.vTaskDelayUntil
                0x00000000080021fc       0xf4 build/tasks.o
                0x00000000080021fc                vTaskDelayUntil
 .text.vTaskDelay
                0x00000000080022f0       0x68 build/tasks.o
                0x00000000080022f0                vTaskDelay
 .text.vTaskStartScheduler
                0x0000000008002358       0x8c build/tasks.o
                0x0000000008002358                vTaskStartScheduler
 .text.vTaskSuspendAll
                0x00000000080023e4       0x1c build/tasks.o
                0x00000000080023e4                vTaskSuspendAll
 .text.xTaskResumeAll
                0x0000000008002400      0x138 build/tasks.o
                0x0000000008002400                xTaskResumeAll
 .text.xTaskGetTickCount
                0x0000000008002538       0x20 build/tasks.o
                0x0000000008002538                xTaskGetTickCount
 .text.xTaskGetTickCountFromISR
                0x0000000008002558       0x24 build/tasks.o
                0x0000000008002558                xTaskGetTickCountFromISR
 .text.xTaskIncrementTick
                0x000000000800257c      0x178 build/tasks.o
                0x000000000800257c                xTaskIncrementTick
 .text.vTaskSwitchContext
                0x00000000080026f4       0xb4 build/tasks.o
                0x00000000080026f4                vTaskSwitchContext
 .text.prvIdleTask
                0x00000000080027a8       0x30 build/tasks.o
 .text.prvInitialiseTaskLists
                0x00000000080027d8       0x80 build/tasks.o
 .text.prvCheckTasksWaitingTermination
                0x0000000008002858       0x78 build/tasks.o
 .text.prvDeleteTCB
                0x00000000080028d0       0x20 build/tasks.o
 .text.prvResetNextTaskUnblockTime
                0x00000000080028f0       0x4c build/tasks.o
 .text.xTaskGetSchedulerState
                0x000000000800293c       0x3c build/tasks.o
                0x000000000800293c                xTaskGetSchedulerState
 .text.prvAddCurrentTaskToDelayedList
                0x0000000008002978       0xcc build/tasks.o
 .text.pxPortInitialiseStack
                0x0000000008002a44       0x68 build/port.o
                0x0000000008002a44                pxPortInitialiseStack
 .text.prvTaskExitError
                0x0000000008002aac       0x3c build/port.o
 *fill*         0x0000000008002ae8        0x8 
 .text.SVC_Handler
                0x0000000008002af0       0x28 build/port.o
                0x0000000008002af0                SVC_Handler
 .text.prvPortStartFirstTask
                0x0000000008002b18       0x20 build/port.o
 .text.xPortStartScheduler
                0x0000000008002b38      0x118 build/port.o
                0x0000000008002b38                xPortStartScheduler
 .text.vPortEnterCritical
                0x0000000008002c50       0x5c build/port.o
                0x0000000008002c50                vPortEnterCritical
 .text.vPortExitCritical
                0x0000000008002cac       0x50 build/port.o
                0x0000000008002cac                vPortExitCritical
 *fill*         0x0000000008002cfc        0x4 
 .text.PendSV_Handler
                0x0000000008002d00       0x68 build/port.o
                0x0000000008002d00                PendSV_Handler
 .text.xPortSysTickHandler
                0x0000000008002d68       0x40 build/port.o
                0x0000000008002d68                xPortSysTickHandler
 .text.vPortSetupTimerInterrupt
                0x0000000008002da8       0x38 build/port.o
                0x0000000008002da8                vPortSetupTimerInterrupt
 .text.vPortEnableVFP
                0x0000000008002de0       0x14 build/port.o
 .text.vPortValidateInterruptPriority
                0x0000000008002df4       0x7c build/port.o
                0x0000000008002df4                vPortValidateInterruptPriority
 .text.pvPortMalloc
                0x0000000008002e70      0x184 build/heap_4.o
                0x0000000008002e70                pvPortMalloc
 .text.vPortFree
                0x0000000008002ff4       0xb0 build/heap_4.o
                0x0000000008002ff4                vPortFree
 .text.prvHeapInit
                0x00000000080030a4       0xc4 build/heap_4.o
 .text.prvInsertBlockIntoFreeList
                0x0000000008003168       0xb4 build/heap_4.o
 .text.makeFreeRtosPriority
                0x000000000800321c       0x30 build/cmsis_os.o
 .text.inHandlerMode
                0x000000000800324c       0x24 build/cmsis_os.o
 .text.osKernelStart
                0x0000000008003270        0xe build/cmsis_os.o
                0x0000000008003270                osKernelStart
 .text.osKernelSysTick
                0x000000000800327e       0x20 build/cmsis_os.o
                0x000000000800327e                osKernelSysTick
 .text.osThreadCreate
                0x000000000800329e       0x4e build/cmsis_os.o
                0x000000000800329e                osThreadCreate
 .text.osDelay  0x00000000080032ec       0x28 build/cmsis_os.o
                0x00000000080032ec                osDelay
 .text.osSystickHandler
                0x0000000008003314       0x16 build/cmsis_os.o
                0x0000000008003314                osSystickHandler
 .text.osDelayUntil
                0x000000000800332a       0x2c build/cmsis_os.o
                0x000000000800332a                osDelayUntil
 *fill*         0x0000000008003356        0x2 
 .text.Reset_Handler
                0x0000000008003358       0x50 build/startup_stm32f411xe.o
                0x0000000008003358                Reset_Handler
 .text.Default_Handler
                0x00000000080033a8        0x2 build/startup_stm32f411xe.o
                0x00000000080033a8                RTC_Alarm_IRQHandler
                0x00000000080033a8                EXTI2_IRQHandler
                0x00000000080033a8                DebugMon_Handler
                0x00000000080033a8                SPI4_IRQHandler
                0x00000000080033a8                TIM1_CC_IRQHandler
                0x00000000080033a8                DMA2_Stream5_IRQHandler
                0x00000000080033a8                HardFault_Handler
                0x00000000080033a8                DMA1_Stream5_IRQHandler
                0x00000000080033a8                PVD_IRQHandler
                0x00000000080033a8                SDIO_IRQHandler
                0x00000000080033a8                TAMP_STAMP_IRQHandler
                0x00000000080033a8                NMI_Handler
                0x00000000080033a8                EXTI3_IRQHandler
                0x00000000080033a8                I2C3_ER_IRQHandler
                0x00000000080033a8                EXTI0_IRQHandler
                0x00000000080033a8                I2C2_EV_IRQHandler
                0x00000000080033a8                DMA1_Stream2_IRQHandler
                0x00000000080033a8                FPU_IRQHandler
                0x00000000080033a8                UsageFault_Handler
                0x00000000080033a8                DMA2_Stream2_IRQHandler
                0x00000000080033a8                SPI1_IRQHandler
                0x00000000080033a8                TIM1_BRK_TIM9_IRQHandler
                0x00000000080033a8                DMA2_Stream3_IRQHandler
                0x00000000080033a8                USART6_IRQHandler
                0x00000000080033a8                DMA2_Stream0_IRQHandler
                0x00000000080033a8                TIM4_IRQHandler
                0x00000000080033a8                I2C1_EV_IRQHandler
                0x00000000080033a8                DMA1_Stream6_IRQHandler
                0x00000000080033a8                DMA1_Stream1_IRQHandler
                0x00000000080033a8                TIM3_IRQHandler
                0x00000000080033a8                RCC_IRQHandler
                0x00000000080033a8                Default_Handler
                0x00000000080033a8                EXTI15_10_IRQHandler
                0x00000000080033a8                ADC_IRQHandler
                0x00000000080033a8                DMA1_Stream7_IRQHandler
                0x00000000080033a8                SPI5_IRQHandler
                0x00000000080033a8                TIM5_IRQHandler
                0x00000000080033a8                DMA2_Stream7_IRQHandler
                0x00000000080033a8                I2C3_EV_IRQHandler
                0x00000000080033a8                EXTI9_5_IRQHandler
                0x00000000080033a8                RTC_WKUP_IRQHandler
                0x00000000080033a8                SPI2_IRQHandler
                0x00000000080033a8                MemManage_Handler
                0x00000000080033a8                DMA1_Stream0_IRQHandler
                0x00000000080033a8                EXTI4_IRQHandler
                0x00000000080033a8                WWDG_IRQHandler
                0x00000000080033a8                TIM2_IRQHandler
                0x00000000080033a8                OTG_FS_WKUP_IRQHandler
                0x00000000080033a8                TIM1_TRG_COM_TIM11_IRQHandler
                0x00000000080033a8                EXTI1_IRQHandler
                0x00000000080033a8                USART2_IRQHandler
                0x00000000080033a8                I2C2_ER_IRQHandler
                0x00000000080033a8                DMA2_Stream1_IRQHandler
                0x00000000080033a8                FLASH_IRQHandler
                0x00000000080033a8                DMA2_Stream4_IRQHandler
                0x00000000080033a8                BusFault_Handler
                0x00000000080033a8                USART1_IRQHandler
                0x00000000080033a8                OTG_FS_IRQHandler
                0x00000000080033a8                SPI3_IRQHandler
                0x00000000080033a8                DMA1_Stream4_IRQHandler
                0x00000000080033a8                I2C1_ER_IRQHandler
                0x00000000080033a8                DMA2_Stream6_IRQHandler
                0x00000000080033a8                DMA1_Stream3_IRQHandler
 *fill*         0x00000000080033aa        0x2 
 .text.__libc_init_array
                0x00000000080033ac       0x48 /opt/gcc4mbed/gcc-arm-none-eabi/bin/../lib/gcc/arm-none-eabi/6.3.1/../../../../arm-none-eabi/lib/thumb/v7e-m/fpv4-sp/hard/libc_nano.a(lib_a-init.o)
                0x00000000080033ac                __libc_init_array
 *(.glue_7)
 .glue_7        0x00000000080033f4        0x0 linker stubs
 *(.glue_7t)
 .glue_7t       0x00000000080033f4        0x0 linker stubs
 *(.eh_frame)
 .eh_frame      0x00000000080033f4        0x0 /opt/gcc4mbed/gcc-arm-none-eabi/bin/../lib/gcc/arm-none-eabi/6.3.1/thumb/v7e-m/fpv4-sp/hard/crtbegin.o
 *(.init)
 .init          0x00000000080033f4        0x4 /opt/gcc4mbed/gcc-arm-none-eabi/bin/../lib/gcc/arm-none-eabi/6.3.1/thumb/v7e-m/fpv4-sp/hard/crti.o
                0x00000000080033f4                _init
 .init          0x00000000080033f8        0x8 /opt/gcc4mbed/gcc-arm-none-eabi/bin/../lib/gcc/arm-none-eabi/6.3.1/thumb/v7e-m/fpv4-sp/hard/crtn.o
 *(.fini)
 .fini          0x0000000008003400        0x4 /opt/gcc4mbed/gcc-arm-none-eabi/bin/../lib/gcc/arm-none-eabi/6.3.1/thumb/v7e-m/fpv4-sp/hard/crti.o
                0x0000000008003400                _fini
 .fini          0x0000000008003404        0x8 /opt/gcc4mbed/gcc-arm-none-eabi/bin/../lib/gcc/arm-none-eabi/6.3.1/thumb/v7e-m/fpv4-sp/hard/crtn.o
                0x000000000800340c                . = ALIGN (0x4)
                0x000000000800340c                _etext = .

.vfp11_veneer   0x000000000800340c        0x0
 .vfp11_veneer  0x000000000800340c        0x0 linker stubs

.v4_bx          0x000000000800340c        0x0
 .v4_bx         0x000000000800340c        0x0 linker stubs

.iplt           0x000000000800340c        0x0
 .iplt          0x000000000800340c        0x0 /opt/gcc4mbed/gcc-arm-none-eabi/bin/../lib/gcc/arm-none-eabi/6.3.1/thumb/v7e-m/fpv4-sp/hard/crtbegin.o

.rodata         0x000000000800340c       0x74
                0x000000000800340c                . = ALIGN (0x4)
 *(.rodata)
 .rodata        0x000000000800340c       0x53 build/main.o
 *fill*         0x000000000800345f        0x1 
 .rodata        0x0000000008003460        0x5 build/tasks.o
 *(.rodata*)
 *fill*         0x0000000008003465        0x3 
 .rodata.AHBPrescTable
                0x0000000008003468       0x10 build/system_stm32f4xx.o
                0x0000000008003468                AHBPrescTable
 .rodata.APBPrescTable
                0x0000000008003478        0x8 build/system_stm32f4xx.o
                0x0000000008003478                APBPrescTable
                0x0000000008003480                . = ALIGN (0x4)

.ARM.extab
 *(.ARM.extab* .gnu.linkonce.armextab.*)

.ARM            0x0000000008003480        0x8
                0x0000000008003480                __exidx_start = .
 *(.ARM.exidx*)
 .ARM.exidx     0x0000000008003480        0x8 /opt/gcc4mbed/gcc-arm-none-eabi/bin/../lib/gcc/arm-none-eabi/6.3.1/thumb/v7e-m/fpv4-sp/hard/libgcc.a(_udivmoddi4.o)
                0x0000000008003488                __exidx_end = .

.rel.dyn        0x0000000008003488        0x0
 .rel.iplt      0x0000000008003488        0x0 /opt/gcc4mbed/gcc-arm-none-eabi/bin/../lib/gcc/arm-none-eabi/6.3.1/thumb/v7e-m/fpv4-sp/hard/crtbegin.o

.preinit_array  0x0000000008003488        0x0
                0x0000000008003488                PROVIDE (__preinit_array_start, .)
 *(.preinit_array*)
                0x0000000008003488                PROVIDE (__preinit_array_end, .)

.init_array     0x0000000008003488        0x4
                0x0000000008003488                PROVIDE (__init_array_start, .)
 *(SORT(.init_array.*))
 *(.init_array*)
 .init_array    0x0000000008003488        0x4 /opt/gcc4mbed/gcc-arm-none-eabi/bin/../lib/gcc/arm-none-eabi/6.3.1/thumb/v7e-m/fpv4-sp/hard/crtbegin.o
                0x000000000800348c                PROVIDE (__init_array_end, .)

.fini_array     0x000000000800348c        0x4
                [!provide]                        PROVIDE (__fini_array_start, .)
 *(SORT(.fini_array.*))
 *(.fini_array*)
 .fini_array    0x000000000800348c        0x4 /opt/gcc4mbed/gcc-arm-none-eabi/bin/../lib/gcc/arm-none-eabi/6.3.1/thumb/v7e-m/fpv4-sp/hard/crtbegin.o
                [!provide]                        PROVIDE (__fini_array_end, .)
                0x0000000008003490                _sidata = LOADADDR (.data)

.data           0x0000000020000000        0x8 load address 0x0000000008003490
                0x0000000020000000                . = ALIGN (0x4)
                0x0000000020000000                _sdata = .
 *(.data)
 *(.data*)
 .data.SystemCoreClock
                0x0000000020000000        0x4 build/system_stm32f4xx.o
                0x0000000020000000                SystemCoreClock
 .data.uxCriticalNesting
                0x0000000020000004        0x4 build/port.o
                0x0000000020000008                . = ALIGN (0x4)
                0x0000000020000008                _edata = .

.jcr            0x0000000020000008        0x0 load address 0x0000000008003498
 .jcr           0x0000000020000008        0x0 /opt/gcc4mbed/gcc-arm-none-eabi/bin/../lib/gcc/arm-none-eabi/6.3.1/thumb/v7e-m/fpv4-sp/hard/crtbegin.o

.igot.plt       0x0000000020000008        0x0 load address 0x0000000008003498
 .igot.plt      0x0000000020000008        0x0 /opt/gcc4mbed/gcc-arm-none-eabi/bin/../lib/gcc/arm-none-eabi/6.3.1/thumb/v7e-m/fpv4-sp/hard/crtbegin.o
                0x0000000020000008                . = ALIGN (0x4)

.bss            0x0000000020000008     0x3db0 load address 0x0000000008003498
                0x0000000020000008                _sbss = .
                0x0000000020000008                __bss_start__ = _sbss
 *(.bss)
 .bss           0x0000000020000008       0x1c /opt/gcc4mbed/gcc-arm-none-eabi/bin/../lib/gcc/arm-none-eabi/6.3.1/thumb/v7e-m/fpv4-sp/hard/crtbegin.o
 *(.bss*)
 .bss.pxCurrentTCB
                0x0000000020000024        0x4 build/tasks.o
                0x0000000020000024                pxCurrentTCB
 .bss.pxReadyTasksLists
                0x0000000020000028       0x8c build/tasks.o
 .bss.xDelayedTaskList1
                0x00000000200000b4       0x14 build/tasks.o
 .bss.xDelayedTaskList2
                0x00000000200000c8       0x14 build/tasks.o
 .bss.pxDelayedTaskList
                0x00000000200000dc        0x4 build/tasks.o
 .bss.pxOverflowDelayedTaskList
                0x00000000200000e0        0x4 build/tasks.o
 .bss.xPendingReadyList
                0x00000000200000e4       0x14 build/tasks.o
 .bss.xTasksWaitingTermination
                0x00000000200000f8       0x14 build/tasks.o
 .bss.uxDeletedTasksWaitingCleanUp
                0x000000002000010c        0x4 build/tasks.o
 .bss.xSuspendedTaskList
                0x0000000020000110       0x14 build/tasks.o
 .bss.uxCurrentNumberOfTasks
                0x0000000020000124        0x4 build/tasks.o
 .bss.xTickCount
                0x0000000020000128        0x4 build/tasks.o
 .bss.uxTopReadyPriority
                0x000000002000012c        0x4 build/tasks.o
 .bss.xSchedulerRunning
                0x0000000020000130        0x4 build/tasks.o
 .bss.uxPendedTicks
                0x0000000020000134        0x4 build/tasks.o
 .bss.xYieldPending
                0x0000000020000138        0x4 build/tasks.o
 .bss.xNumOfOverflows
                0x000000002000013c        0x4 build/tasks.o
 .bss.uxTaskNumber
                0x0000000020000140        0x4 build/tasks.o
 .bss.xNextTaskUnblockTime
                0x0000000020000144        0x4 build/tasks.o
 .bss.xIdleTaskHandle
                0x0000000020000148        0x4 build/tasks.o
 .bss.uxSchedulerSuspended
                0x000000002000014c        0x4 build/tasks.o
 .bss.ucMaxSysCallPriority
                0x0000000020000150        0x1 build/port.o
 *fill*         0x0000000020000151        0x3 
 .bss.ulMaxPRIGROUPValue
                0x0000000020000154        0x4 build/port.o
 .bss.ucHeap    0x0000000020000158     0x3c00 build/heap_4.o
 .bss.xStart    0x0000000020003d58        0x8 build/heap_4.o
 .bss.pxEnd     0x0000000020003d60        0x4 build/heap_4.o
 .bss.xFreeBytesRemaining
                0x0000000020003d64        0x4 build/heap_4.o
 .bss.xMinimumEverFreeBytesRemaining
                0x0000000020003d68        0x4 build/heap_4.o
 .bss.xBlockAllocatedBit
                0x0000000020003d6c        0x4 build/heap_4.o
 *(COMMON)
 COMMON         0x0000000020003d70        0x8 build/main.o
                0x0000000020003d70                blinkLightsTaskHandle
                0x0000000020003d74                defaultTaskHandle
 COMMON         0x0000000020003d78       0x3c build/stm32f4xx_hal_timebase_TIM.o
                0x0000000020003d78                htim1
 COMMON         0x0000000020003db4        0x4 build/stm32f4xx_hal.o
                0x0000000020003db4                uwTick
                0x0000000020003db8                . = ALIGN (0x4)
                0x0000000020003db8                _ebss = .
                0x0000000020003db8                __bss_end__ = _ebss

._user_heap_stack
                0x0000000020003db8      0x600 load address 0x0000000008003498
                0x0000000020003db8                . = ALIGN (0x8)
                [!provide]                        PROVIDE (end, .)
                [!provide]                        PROVIDE (_end, .)
                0x0000000020003fb8                . = (. + _Min_Heap_Size)
 *fill*         0x0000000020003db8      0x200 
                0x00000000200043b8                . = (. + _Min_Stack_Size)
 *fill*         0x0000000020003fb8      0x400 
                0x00000000200043b8                . = ALIGN (0x8)

/DISCARD/
 libc.a(*)
 libm.a(*)
 libgcc.a(*)

.ARM.attributes
                0x0000000000000000       0x30
 *(.ARM.attributes)
 .ARM.attributes
                0x0000000000000000       0x22 /opt/gcc4mbed/gcc-arm-none-eabi/bin/../lib/gcc/arm-none-eabi/6.3.1/thumb/v7e-m/fpv4-sp/hard/crti.o
 .ARM.attributes
                0x0000000000000022       0x34 /opt/gcc4mbed/gcc-arm-none-eabi/bin/../lib/gcc/arm-none-eabi/6.3.1/thumb/v7e-m/fpv4-sp/hard/crtbegin.o
 .ARM.attributes
                0x0000000000000056       0x39 build/stm32f4xx_hal_msp.o
 .ARM.attributes
                0x000000000000008f       0x39 build/main.o
 .ARM.attributes
                0x00000000000000c8       0x39 build/system_stm32f4xx.o
 .ARM.attributes
                0x0000000000000101       0x39 build/stm32f4xx_it.o
 .ARM.attributes
                0x000000000000013a       0x39 build/stm32f4xx_hal_timebase_TIM.o
 .ARM.attributes
                0x0000000000000173       0x39 build/stm32f4xx_hal_tim.o
 .ARM.attributes
                0x00000000000001ac       0x39 build/stm32f4xx_hal_rcc.o
 .ARM.attributes
                0x00000000000001e5       0x39 build/stm32f4xx_hal_tim_ex.o
 .ARM.attributes
                0x000000000000021e       0x39 build/stm32f4xx_hal_gpio.o
 .ARM.attributes
                0x0000000000000257       0x39 build/stm32f4xx_hal.o
 .ARM.attributes
                0x0000000000000290       0x39 build/stm32f4xx_hal_cortex.o
 .ARM.attributes
                0x00000000000002c9       0x39 build/list.o
 .ARM.attributes
                0x0000000000000302       0x39 build/tasks.o
 .ARM.attributes
                0x000000000000033b       0x39 build/port.o
 .ARM.attributes
                0x0000000000000374       0x39 build/heap_4.o
 .ARM.attributes
                0x00000000000003ad       0x39 build/cmsis_os.o
 .ARM.attributes
                0x00000000000003e6       0x21 build/startup_stm32f411xe.o
 .ARM.attributes
                0x0000000000000407       0x34 /opt/gcc4mbed/gcc-arm-none-eabi/bin/../lib/gcc/arm-none-eabi/6.3.1/../../../../arm-none-eabi/lib/thumb/v7e-m/fpv4-sp/hard/libc_nano.a(lib_a-init.o)
 .ARM.attributes
                0x000000000000043b       0x22 /opt/gcc4mbed/gcc-arm-none-eabi/bin/../lib/gcc/arm-none-eabi/6.3.1/thumb/v7e-m/fpv4-sp/hard/libgcc.a(_aeabi_uldivmod.o)
 .ARM.attributes
                0x000000000000045d       0x34 /opt/gcc4mbed/gcc-arm-none-eabi/bin/../lib/gcc/arm-none-eabi/6.3.1/thumb/v7e-m/fpv4-sp/hard/libgcc.a(_udivmoddi4.o)
 .ARM.attributes
                0x0000000000000491       0x22 /opt/gcc4mbed/gcc-arm-none-eabi/bin/../lib/gcc/arm-none-eabi/6.3.1/thumb/v7e-m/fpv4-sp/hard/libgcc.a(_dvmd_tls.o)
 .ARM.attributes
                0x00000000000004b3       0x22 /opt/gcc4mbed/gcc-arm-none-eabi/bin/../lib/gcc/arm-none-eabi/6.3.1/thumb/v7e-m/fpv4-sp/hard/crtn.o
OUTPUT(build/stm32f11e_example.elf elf32-littlearm)

.debug_info     0x0000000000000000    0x14bcd
 .debug_info    0x0000000000000000      0xbcd build/stm32f4xx_hal_msp.o
 .debug_info    0x0000000000000bcd     0x192e build/main.o
 .debug_info    0x00000000000024fb      0xeaf build/system_stm32f4xx.o
 .debug_info    0x00000000000033aa      0xf8e build/stm32f4xx_it.o
 .debug_info    0x0000000000004338     0x1454 build/stm32f4xx_hal_timebase_TIM.o
 .debug_info    0x000000000000578c     0x2dc1 build/stm32f4xx_hal_tim.o
 .debug_info    0x000000000000854d     0x128d build/stm32f4xx_hal_rcc.o
 .debug_info    0x00000000000097da     0x1a20 build/stm32f4xx_hal_tim_ex.o
 .debug_info    0x000000000000b1fa     0x1131 build/stm32f4xx_hal_gpio.o
 .debug_info    0x000000000000c32b     0x11c1 build/stm32f4xx_hal.o
 .debug_info    0x000000000000d4ec     0x1758 build/stm32f4xx_hal_cortex.o
 .debug_info    0x000000000000ec44      0xbd6 build/list.o
 .debug_info    0x000000000000f81a     0x23aa build/tasks.o
 .debug_info    0x0000000000011bc4      0x547 build/port.o
 .debug_info    0x000000000001210b      0xcf7 build/heap_4.o
 .debug_info    0x0000000000012e02     0x1d3f build/cmsis_os.o
 .debug_info    0x0000000000014b41       0x8c build/startup_stm32f411xe.o

.debug_abbrev   0x0000000000000000     0x285b
 .debug_abbrev  0x0000000000000000      0x1b3 build/stm32f4xx_hal_msp.o
 .debug_abbrev  0x00000000000001b3      0x290 build/main.o
 .debug_abbrev  0x0000000000000443      0x1e6 build/system_stm32f4xx.o
 .debug_abbrev  0x0000000000000629      0x1c8 build/stm32f4xx_it.o
 .debug_abbrev  0x00000000000007f1      0x223 build/stm32f4xx_hal_timebase_TIM.o
 .debug_abbrev  0x0000000000000a14      0x2c7 build/stm32f4xx_hal_tim.o
 .debug_abbrev  0x0000000000000cdb      0x2e4 build/stm32f4xx_hal_rcc.o
 .debug_abbrev  0x0000000000000fbf      0x2a4 build/stm32f4xx_hal_tim_ex.o
 .debug_abbrev  0x0000000000001263      0x268 build/stm32f4xx_hal_gpio.o
 .debug_abbrev  0x00000000000014cb      0x29c build/stm32f4xx_hal.o
 .debug_abbrev  0x0000000000001767      0x36f build/stm32f4xx_hal_cortex.o
 .debug_abbrev  0x0000000000001ad6      0x1df build/list.o
 .debug_abbrev  0x0000000000001cb5      0x36b build/tasks.o
 .debug_abbrev  0x0000000000002020      0x1ef build/port.o
 .debug_abbrev  0x000000000000220f      0x2b5 build/heap_4.o
 .debug_abbrev  0x00000000000024c4      0x385 build/cmsis_os.o
 .debug_abbrev  0x0000000000002849       0x12 build/startup_stm32f411xe.o

.debug_loc      0x0000000000000000     0x70ba
 .debug_loc     0x0000000000000000       0x2c build/stm32f4xx_hal_msp.o
 .debug_loc     0x000000000000002c      0x1d2 build/main.o
 .debug_loc     0x00000000000001fe       0xa0 build/system_stm32f4xx.o
 .debug_loc     0x000000000000029e       0x58 build/stm32f4xx_it.o
 .debug_loc     0x00000000000002f6       0xd8 build/stm32f4xx_hal_timebase_TIM.o
 .debug_loc     0x00000000000003ce     0x2348 build/stm32f4xx_hal_tim.o
 .debug_loc     0x0000000000002716      0x3d2 build/stm32f4xx_hal_rcc.o
 .debug_loc     0x0000000000002ae8      0xc20 build/stm32f4xx_hal_tim_ex.o
 .debug_loc     0x0000000000003708      0x2d4 build/stm32f4xx_hal_gpio.o
 .debug_loc     0x00000000000039dc      0x5d8 build/stm32f4xx_hal.o
 .debug_loc     0x0000000000003fb4      0x9f4 build/stm32f4xx_hal_cortex.o
 .debug_loc     0x00000000000049a8      0x1cc build/list.o
 .debug_loc     0x0000000000004b74      0xf26 build/tasks.o
 .debug_loc     0x0000000000005a9a      0x2e8 build/port.o
 .debug_loc     0x0000000000005d82      0x224 build/heap_4.o
 .debug_loc     0x0000000000005fa6     0x1114 build/cmsis_os.o

.debug_aranges  0x0000000000000000      0xd00
 .debug_aranges
                0x0000000000000000       0x20 build/stm32f4xx_hal_msp.o
 .debug_aranges
                0x0000000000000020       0x50 build/main.o
 .debug_aranges
                0x0000000000000070       0x28 build/system_stm32f4xx.o
 .debug_aranges
                0x0000000000000098       0x28 build/stm32f4xx_it.o
 .debug_aranges
                0x00000000000000c0       0x30 build/stm32f4xx_hal_timebase_TIM.o
 .debug_aranges
                0x00000000000000f0      0x368 build/stm32f4xx_hal_tim.o
 .debug_aranges
                0x0000000000000458       0x88 build/stm32f4xx_hal_rcc.o
 .debug_aranges
                0x00000000000004e0      0x140 build/stm32f4xx_hal_tim_ex.o
 .debug_aranges
                0x0000000000000620       0x58 build/stm32f4xx_hal_gpio.o
 .debug_aranges
                0x0000000000000678       0xc8 build/stm32f4xx_hal.o
 .debug_aranges
                0x0000000000000740      0x118 build/stm32f4xx_hal_cortex.o
 .debug_aranges
                0x0000000000000858       0x40 build/list.o
 .debug_aranges
                0x0000000000000898      0x198 build/tasks.o
 .debug_aranges
                0x0000000000000a30       0x80 build/port.o
 .debug_aranges
                0x0000000000000ab0       0x50 build/heap_4.o
 .debug_aranges
                0x0000000000000b00      0x1d8 build/cmsis_os.o
 .debug_aranges
                0x0000000000000cd8       0x28 build/startup_stm32f411xe.o

.debug_ranges   0x0000000000000000      0xbf8
 .debug_ranges  0x0000000000000000       0x10 build/stm32f4xx_hal_msp.o
 .debug_ranges  0x0000000000000010       0x40 build/main.o
 .debug_ranges  0x0000000000000050       0x18 build/system_stm32f4xx.o
 .debug_ranges  0x0000000000000068       0x18 build/stm32f4xx_it.o
 .debug_ranges  0x0000000000000080       0x20 build/stm32f4xx_hal_timebase_TIM.o
 .debug_ranges  0x00000000000000a0      0x358 build/stm32f4xx_hal_tim.o
 .debug_ranges  0x00000000000003f8       0x78 build/stm32f4xx_hal_rcc.o
 .debug_ranges  0x0000000000000470      0x130 build/stm32f4xx_hal_tim_ex.o
 .debug_ranges  0x00000000000005a0       0x48 build/stm32f4xx_hal_gpio.o
 .debug_ranges  0x00000000000005e8       0xb8 build/stm32f4xx_hal.o
 .debug_ranges  0x00000000000006a0      0x108 build/stm32f4xx_hal_cortex.o
 .debug_ranges  0x00000000000007a8       0x30 build/list.o
 .debug_ranges  0x00000000000007d8      0x188 build/tasks.o
 .debug_ranges  0x0000000000000960       0x70 build/port.o
 .debug_ranges  0x00000000000009d0       0x40 build/heap_4.o
 .debug_ranges  0x0000000000000a10      0x1c8 build/cmsis_os.o
 .debug_ranges  0x0000000000000bd8       0x20 build/startup_stm32f411xe.o

.debug_line     0x0000000000000000     0x56de
 .debug_line    0x0000000000000000      0x1cf build/stm32f4xx_hal_msp.o
 .debug_line    0x00000000000001cf      0x3e6 build/main.o
 .debug_line    0x00000000000005b5      0x1f5 build/system_stm32f4xx.o
 .debug_line    0x00000000000007aa      0x23b build/stm32f4xx_it.o
 .debug_line    0x00000000000009e5      0x286 build/stm32f4xx_hal_timebase_TIM.o
 .debug_line    0x0000000000000c6b     0x11f4 build/stm32f4xx_hal_tim.o
 .debug_line    0x0000000000001e5f      0x4ac build/stm32f4xx_hal_rcc.o
 .debug_line    0x000000000000230b      0x807 build/stm32f4xx_hal_tim_ex.o
 .debug_line    0x0000000000002b12      0x3dd build/stm32f4xx_hal_gpio.o
 .debug_line    0x0000000000002eef      0x3c1 build/stm32f4xx_hal.o
 .debug_line    0x00000000000032b0      0x54b build/stm32f4xx_hal_cortex.o
 .debug_line    0x00000000000037fb      0x27e build/list.o
 .debug_line    0x0000000000003a79      0xcb4 build/tasks.o
 .debug_line    0x000000000000472d      0x363 build/port.o
 .debug_line    0x0000000000004a90      0x31e build/heap_4.o
 .debug_line    0x0000000000004dae      0x8b4 build/cmsis_os.o
 .debug_line    0x0000000000005662       0x7c build/startup_stm32f411xe.o

.debug_str      0x0000000000000000     0x4531
 .debug_str     0x0000000000000000      0x933 build/stm32f4xx_hal_msp.o
                                        0x9a4 (size before relaxing)
 .debug_str     0x0000000000000933      0x8a5 build/main.o
                                       0x1288 (size before relaxing)
 .debug_str     0x00000000000011d8       0xa7 build/system_stm32f4xx.o
                                        0x79f (size before relaxing)
 .debug_str     0x000000000000127f       0x42 build/stm32f4xx_it.o
                                        0xa39 (size before relaxing)
 .debug_str     0x00000000000012c1       0xad build/stm32f4xx_hal_timebase_TIM.o
                                        0xfd1 (size before relaxing)
 .debug_str     0x000000000000136e      0xce9 build/stm32f4xx_hal_tim.o
                                       0x1799 (size before relaxing)
 .debug_str     0x0000000000002057      0x1c4 build/stm32f4xx_hal_rcc.o
                                        0xace (size before relaxing)
 .debug_str     0x000000000000221b      0x540 build/stm32f4xx_hal_tim_ex.o
                                       0x1054 (size before relaxing)
 .debug_str     0x000000000000275b      0x155 build/stm32f4xx_hal_gpio.o
                                        0x93b (size before relaxing)
 .debug_str     0x00000000000028b0      0x1e9 build/stm32f4xx_hal.o
                                        0xd3b (size before relaxing)
 .debug_str     0x0000000000002a99      0x3a8 build/stm32f4xx_hal_cortex.o
                                        0xefb (size before relaxing)
 .debug_str     0x0000000000002e41      0x163 build/list.o
                                        0x70b (size before relaxing)
 .debug_str     0x0000000000002fa4      0xaad build/tasks.o
                                       0x1162 (size before relaxing)
 .debug_str     0x0000000000003a51      0x209 build/port.o
                                        0x471 (size before relaxing)
 .debug_str     0x0000000000003c5a      0x1f5 build/heap_4.o
                                        0x7d5 (size before relaxing)
 .debug_str     0x0000000000003e4f      0x6e2 build/cmsis_os.o
                                        0xf3b (size before relaxing)

.comment        0x0000000000000000       0x7f
 .comment       0x0000000000000000       0x7f build/stm32f4xx_hal_msp.o
                                         0x80 (size before relaxing)
 .comment       0x000000000000007f       0x80 build/main.o
 .comment       0x000000000000007f       0x80 build/system_stm32f4xx.o
 .comment       0x000000000000007f       0x80 build/stm32f4xx_it.o
 .comment       0x000000000000007f       0x80 build/stm32f4xx_hal_timebase_TIM.o
 .comment       0x000000000000007f       0x80 build/stm32f4xx_hal_tim.o
 .comment       0x000000000000007f       0x80 build/stm32f4xx_hal_rcc.o
 .comment       0x000000000000007f       0x80 build/stm32f4xx_hal_tim_ex.o
 .comment       0x000000000000007f       0x80 build/stm32f4xx_hal_gpio.o
 .comment       0x000000000000007f       0x80 build/stm32f4xx_hal.o
 .comment       0x000000000000007f       0x80 build/stm32f4xx_hal_cortex.o
 .comment       0x000000000000007f       0x80 build/list.o
 .comment       0x000000000000007f       0x80 build/tasks.o
 .comment       0x000000000000007f       0x80 build/port.o
 .comment       0x000000000000007f       0x80 build/heap_4.o
 .comment       0x000000000000007f       0x80 build/cmsis_os.o

.debug_frame    0x0000000000000000     0x3870
 .debug_frame   0x0000000000000000       0x2c build/stm32f4xx_hal_msp.o
 .debug_frame   0x000000000000002c      0x10c build/main.o
 .debug_frame   0x0000000000000138       0x5c build/system_stm32f4xx.o
 .debug_frame   0x0000000000000194       0x48 build/stm32f4xx_it.o
 .debug_frame   0x00000000000001dc       0x80 build/stm32f4xx_hal_timebase_TIM.o
 .debug_frame   0x000000000000025c     0x10a0 build/stm32f4xx_hal_tim.o
 .debug_frame   0x00000000000012fc      0x21c build/stm32f4xx_hal_rcc.o
 .debug_frame   0x0000000000001518      0x5d8 build/stm32f4xx_hal_tim_ex.o
 .debug_frame   0x0000000000001af0      0x154 build/stm32f4xx_hal_gpio.o
 .debug_frame   0x0000000000001c44      0x324 build/stm32f4xx_hal.o
 .debug_frame   0x0000000000001f68      0x4d4 build/stm32f4xx_hal_cortex.o
 .debug_frame   0x000000000000243c       0xd8 build/list.o
 .debug_frame   0x0000000000002514      0x778 build/tasks.o
 .debug_frame   0x0000000000002c8c      0x1a8 build/port.o
 .debug_frame   0x0000000000002e34      0x11c build/heap_4.o
 .debug_frame   0x0000000000002f50      0x894 build/cmsis_os.o
 .debug_frame   0x00000000000037e4       0x2c /opt/gcc4mbed/gcc-arm-none-eabi/bin/../lib/gcc/arm-none-eabi/6.3.1/../../../../arm-none-eabi/lib/thumb/v7e-m/fpv4-sp/hard/libc_nano.a(lib_a-init.o)
 .debug_frame   0x0000000000003810       0x2c /opt/gcc4mbed/gcc-arm-none-eabi/bin/../lib/gcc/arm-none-eabi/6.3.1/thumb/v7e-m/fpv4-sp/hard/libgcc.a(_aeabi_uldivmod.o)
 .debug_frame   0x000000000000383c       0x34 /opt/gcc4mbed/gcc-arm-none-eabi/bin/../lib/gcc/arm-none-eabi/6.3.1/thumb/v7e-m/fpv4-sp/hard/libgcc.a(_udivmoddi4.o)

Cross Reference Table

Symbol                                            File
ADC_IRQHandler                                    build/startup_stm32f411xe.o
AHBPrescTable                                     build/system_stm32f4xx.o
                                                  build/stm32f4xx_hal_rcc.o
APBPrescTable                                     build/system_stm32f4xx.o
                                                  build/stm32f4xx_hal_rcc.o
BusFault_Handler                                  build/startup_stm32f411xe.o
DMA1_Stream0_IRQHandler                           build/startup_stm32f411xe.o
DMA1_Stream1_IRQHandler                           build/startup_stm32f411xe.o
DMA1_Stream2_IRQHandler                           build/startup_stm32f411xe.o
DMA1_Stream3_IRQHandler                           build/startup_stm32f411xe.o
DMA1_Stream4_IRQHandler                           build/startup_stm32f411xe.o
DMA1_Stream5_IRQHandler                           build/startup_stm32f411xe.o
DMA1_Stream6_IRQHandler                           build/startup_stm32f411xe.o
DMA1_Stream7_IRQHandler                           build/startup_stm32f411xe.o
DMA2_Stream0_IRQHandler                           build/startup_stm32f411xe.o
DMA2_Stream1_IRQHandler                           build/startup_stm32f411xe.o
DMA2_Stream2_IRQHandler                           build/startup_stm32f411xe.o
DMA2_Stream3_IRQHandler                           build/startup_stm32f411xe.o
DMA2_Stream4_IRQHandler                           build/startup_stm32f411xe.o
DMA2_Stream5_IRQHandler                           build/startup_stm32f411xe.o
DMA2_Stream6_IRQHandler                           build/startup_stm32f411xe.o
DMA2_Stream7_IRQHandler                           build/startup_stm32f411xe.o
DebugMon_Handler                                  build/startup_stm32f411xe.o
Default_Handler                                   build/startup_stm32f411xe.o
EXTI0_IRQHandler                                  build/startup_stm32f411xe.o
EXTI15_10_IRQHandler                              build/startup_stm32f411xe.o
EXTI1_IRQHandler                                  build/startup_stm32f411xe.o
EXTI2_IRQHandler                                  build/startup_stm32f411xe.o
EXTI3_IRQHandler                                  build/startup_stm32f411xe.o
EXTI4_IRQHandler                                  build/startup_stm32f411xe.o
EXTI9_5_IRQHandler                                build/startup_stm32f411xe.o
FLASH_Erase_Sector                                build/stm32f4xx_hal_flash_ex.o
                                                  build/stm32f4xx_hal_flash.o
FLASH_FlushCaches                                 build/stm32f4xx_hal_flash_ex.o
                                                  build/stm32f4xx_hal_flash.o
FLASH_IRQHandler                                  build/startup_stm32f411xe.o
FLASH_WaitForLastOperation                        build/stm32f4xx_hal_flash.o
                                                  build/stm32f4xx_hal_flash_ex.o
FPU_IRQHandler                                    build/startup_stm32f411xe.o
HAL_DBGMCU_DisableDBGSleepMode                    build/stm32f4xx_hal.o
HAL_DBGMCU_DisableDBGStandbyMode                  build/stm32f4xx_hal.o
HAL_DBGMCU_DisableDBGStopMode                     build/stm32f4xx_hal.o
HAL_DBGMCU_EnableDBGSleepMode                     build/stm32f4xx_hal.o
HAL_DBGMCU_EnableDBGStandbyMode                   build/stm32f4xx_hal.o
HAL_DBGMCU_EnableDBGStopMode                      build/stm32f4xx_hal.o
HAL_DMAEx_ChangeMemory                            build/stm32f4xx_hal_dma_ex.o
HAL_DMAEx_MultiBufferStart                        build/stm32f4xx_hal_dma_ex.o
HAL_DMAEx_MultiBufferStart_IT                     build/stm32f4xx_hal_dma_ex.o
HAL_DMA_Abort                                     build/stm32f4xx_hal_dma.o
                                                  build/stm32f4xx_hal_tim.o
HAL_DMA_Abort_IT                                  build/stm32f4xx_hal_dma.o
HAL_DMA_DeInit                                    build/stm32f4xx_hal_dma.o
HAL_DMA_GetError                                  build/stm32f4xx_hal_dma.o
HAL_DMA_GetState                                  build/stm32f4xx_hal_dma.o
HAL_DMA_IRQHandler                                build/stm32f4xx_hal_dma.o
HAL_DMA_Init                                      build/stm32f4xx_hal_dma.o
HAL_DMA_PollForTransfer                           build/stm32f4xx_hal_dma.o
HAL_DMA_RegisterCallback                          build/stm32f4xx_hal_dma.o
HAL_DMA_Start                                     build/stm32f4xx_hal_dma.o
HAL_DMA_Start_IT                                  build/stm32f4xx_hal_dma.o
                                                  build/stm32f4xx_hal_tim_ex.o
                                                  build/stm32f4xx_hal_tim.o
HAL_DMA_UnRegisterCallback                        build/stm32f4xx_hal_dma.o
HAL_DeInit                                        build/stm32f4xx_hal.o
HAL_Delay                                         build/stm32f4xx_hal.o
HAL_DisableCompensationCell                       build/stm32f4xx_hal.o
HAL_EnableCompensationCell                        build/stm32f4xx_hal.o
HAL_FLASHEx_AdvOBGetConfig                        build/stm32f4xx_hal_flash_ex.o
HAL_FLASHEx_AdvOBProgram                          build/stm32f4xx_hal_flash_ex.o
HAL_FLASHEx_DisableFlashSleepMode                 build/stm32f4xx_hal_flash_ramfunc.o
HAL_FLASHEx_EnableFlashSleepMode                  build/stm32f4xx_hal_flash_ramfunc.o
HAL_FLASHEx_Erase                                 build/stm32f4xx_hal_flash_ex.o
HAL_FLASHEx_Erase_IT                              build/stm32f4xx_hal_flash_ex.o
HAL_FLASHEx_OBGetConfig                           build/stm32f4xx_hal_flash_ex.o
HAL_FLASHEx_OBProgram                             build/stm32f4xx_hal_flash_ex.o
HAL_FLASHEx_OB_DeSelectPCROP                      build/stm32f4xx_hal_flash_ex.o
HAL_FLASHEx_OB_SelectPCROP                        build/stm32f4xx_hal_flash_ex.o
HAL_FLASHEx_StartFlashInterfaceClk                build/stm32f4xx_hal_flash_ramfunc.o
HAL_FLASHEx_StopFlashInterfaceClk                 build/stm32f4xx_hal_flash_ramfunc.o
HAL_FLASH_EndOfOperationCallback                  build/stm32f4xx_hal_flash.o
HAL_FLASH_GetError                                build/stm32f4xx_hal_flash.o
HAL_FLASH_IRQHandler                              build/stm32f4xx_hal_flash.o
HAL_FLASH_Lock                                    build/stm32f4xx_hal_flash.o
HAL_FLASH_OB_Launch                               build/stm32f4xx_hal_flash.o
HAL_FLASH_OB_Lock                                 build/stm32f4xx_hal_flash.o
HAL_FLASH_OB_Unlock                               build/stm32f4xx_hal_flash.o
HAL_FLASH_OperationErrorCallback                  build/stm32f4xx_hal_flash.o
HAL_FLASH_Program                                 build/stm32f4xx_hal_flash.o
HAL_FLASH_Program_IT                              build/stm32f4xx_hal_flash.o
HAL_FLASH_Unlock                                  build/stm32f4xx_hal_flash.o
HAL_GPIO_DeInit                                   build/stm32f4xx_hal_gpio.o
HAL_GPIO_EXTI_Callback                            build/stm32f4xx_hal_gpio.o
HAL_GPIO_EXTI_IRQHandler                          build/stm32f4xx_hal_gpio.o
HAL_GPIO_Init                                     build/stm32f4xx_hal_gpio.o
                                                  build/stm32f4xx_hal_rcc.o
                                                  build/main.o
HAL_GPIO_LockPin                                  build/stm32f4xx_hal_gpio.o
HAL_GPIO_ReadPin                                  build/stm32f4xx_hal_gpio.o
HAL_GPIO_TogglePin                                build/stm32f4xx_hal_gpio.o
                                                  build/main.o
HAL_GPIO_WritePin                                 build/stm32f4xx_hal_gpio.o
                                                  build/main.o
HAL_GetDEVID                                      build/stm32f4xx_hal.o
HAL_GetHalVersion                                 build/stm32f4xx_hal.o
HAL_GetREVID                                      build/stm32f4xx_hal.o
HAL_GetTick                                       build/stm32f4xx_hal.o
                                                  build/stm32f4xx_hal_dma.o
                                                  build/stm32f4xx_hal_pwr_ex.o
                                                  build/stm32f4xx_hal_flash.o
                                                  build/stm32f4xx_hal_rcc_ex.o
                                                  build/stm32f4xx_hal_rcc.o
HAL_GetUID                                        build/stm32f4xx_hal.o
HAL_IncTick                                       build/stm32f4xx_hal.o
                                                  build/main.o
HAL_Init                                          build/stm32f4xx_hal.o
                                                  build/main.o
HAL_InitTick                                      build/stm32f4xx_hal_timebase_TIM.o
                                                  build/stm32f4xx_hal_rcc_ex.o
                                                  build/stm32f4xx_hal_rcc.o
HAL_MPU_ConfigRegion                              build/stm32f4xx_hal_cortex.o
HAL_MPU_Disable                                   build/stm32f4xx_hal_cortex.o
HAL_MPU_Enable                                    build/stm32f4xx_hal_cortex.o
HAL_MspDeInit                                     build/stm32f4xx_hal.o
HAL_MspInit                                       build/stm32f4xx_hal_msp.o
HAL_NVIC_ClearPendingIRQ                          build/stm32f4xx_hal_cortex.o
HAL_NVIC_DisableIRQ                               build/stm32f4xx_hal_cortex.o
HAL_NVIC_EnableIRQ                                build/stm32f4xx_hal_cortex.o
                                                  build/stm32f4xx_hal_timebase_TIM.o
HAL_NVIC_GetActive                                build/stm32f4xx_hal_cortex.o
HAL_NVIC_GetPendingIRQ                            build/stm32f4xx_hal_cortex.o
HAL_NVIC_GetPriority                              build/stm32f4xx_hal_cortex.o
HAL_NVIC_GetPriorityGrouping                      build/stm32f4xx_hal_cortex.o
HAL_NVIC_SetPendingIRQ                            build/stm32f4xx_hal_cortex.o
HAL_NVIC_SetPriority                              build/stm32f4xx_hal_cortex.o
                                                  build/stm32f4xx_hal.o
                                                  build/stm32f4xx_hal_timebase_TIM.o
                                                  build/main.o
                                                  build/stm32f4xx_hal_msp.o
HAL_NVIC_SetPriorityGrouping                      build/stm32f4xx_hal_cortex.o
                                                  build/stm32f4xx_hal.o
                                                  build/stm32f4xx_hal_msp.o
HAL_NVIC_SystemReset                              build/stm32f4xx_hal_cortex.o
HAL_PWREx_ControlVoltageScaling                   build/stm32f4xx_hal_pwr_ex.o
HAL_PWREx_DisableBkUpReg                          build/stm32f4xx_hal_pwr_ex.o
HAL_PWREx_DisableFlashPowerDown                   build/stm32f4xx_hal_pwr_ex.o
HAL_PWREx_DisableLowRegulatorLowVoltage           build/stm32f4xx_hal_pwr_ex.o
HAL_PWREx_DisableMainRegulatorLowVoltage          build/stm32f4xx_hal_pwr_ex.o
HAL_PWREx_EnableBkUpReg                           build/stm32f4xx_hal_pwr_ex.o
HAL_PWREx_EnableFlashPowerDown                    build/stm32f4xx_hal_pwr_ex.o
HAL_PWREx_EnableLowRegulatorLowVoltage            build/stm32f4xx_hal_pwr_ex.o
HAL_PWREx_EnableMainRegulatorLowVoltage           build/stm32f4xx_hal_pwr_ex.o
HAL_PWREx_GetVoltageRange                         build/stm32f4xx_hal_pwr_ex.o
HAL_PWR_ConfigPVD                                 build/stm32f4xx_hal_pwr.o
HAL_PWR_DeInit                                    build/stm32f4xx_hal_pwr.o
HAL_PWR_DisableBkUpAccess                         build/stm32f4xx_hal_pwr.o
HAL_PWR_DisablePVD                                build/stm32f4xx_hal_pwr.o
HAL_PWR_DisableSEVOnPend                          build/stm32f4xx_hal_pwr.o
HAL_PWR_DisableSleepOnExit                        build/stm32f4xx_hal_pwr.o
HAL_PWR_DisableWakeUpPin                          build/stm32f4xx_hal_pwr.o
HAL_PWR_EnableBkUpAccess                          build/stm32f4xx_hal_pwr.o
HAL_PWR_EnablePVD                                 build/stm32f4xx_hal_pwr.o
HAL_PWR_EnableSEVOnPend                           build/stm32f4xx_hal_pwr.o
HAL_PWR_EnableSleepOnExit                         build/stm32f4xx_hal_pwr.o
HAL_PWR_EnableWakeUpPin                           build/stm32f4xx_hal_pwr.o
HAL_PWR_EnterSLEEPMode                            build/stm32f4xx_hal_pwr.o
HAL_PWR_EnterSTANDBYMode                          build/stm32f4xx_hal_pwr.o
HAL_PWR_EnterSTOPMode                             build/stm32f4xx_hal_pwr.o
HAL_PWR_PVDCallback                               build/stm32f4xx_hal_pwr.o
HAL_PWR_PVD_IRQHandler                            build/stm32f4xx_hal_pwr.o
HAL_RCCEx_GetPeriphCLKConfig                      build/stm32f4xx_hal_rcc_ex.o
HAL_RCCEx_GetPeriphCLKFreq                        build/stm32f4xx_hal_rcc_ex.o
HAL_RCCEx_PeriphCLKConfig                         build/stm32f4xx_hal_rcc_ex.o
HAL_RCCEx_SelectLSEMode                           build/stm32f4xx_hal_rcc_ex.o
HAL_RCC_CSSCallback                               build/stm32f4xx_hal_rcc.o
HAL_RCC_ClockConfig                               build/stm32f4xx_hal_rcc.o
                                                  build/main.o
HAL_RCC_DeInit                                    build/stm32f4xx_hal_rcc_ex.o
                                                  build/stm32f4xx_hal_rcc.o
HAL_RCC_DisableCSS                                build/stm32f4xx_hal_rcc.o
HAL_RCC_EnableCSS                                 build/stm32f4xx_hal_rcc.o
HAL_RCC_GetClockConfig                            build/stm32f4xx_hal_rcc.o
                                                  build/stm32f4xx_hal_timebase_TIM.o
HAL_RCC_GetHCLKFreq                               build/stm32f4xx_hal_rcc.o
                                                  build/main.o
HAL_RCC_GetOscConfig                              build/stm32f4xx_hal_rcc.o
HAL_RCC_GetPCLK1Freq                              build/stm32f4xx_hal_rcc.o
HAL_RCC_GetPCLK2Freq                              build/stm32f4xx_hal_rcc.o
                                                  build/stm32f4xx_hal_timebase_TIM.o
HAL_RCC_GetSysClockFreq                           build/stm32f4xx_hal_rcc.o
HAL_RCC_MCOConfig                                 build/stm32f4xx_hal_rcc.o
HAL_RCC_NMI_IRQHandler                            build/stm32f4xx_hal_rcc.o
HAL_RCC_OscConfig                                 build/stm32f4xx_hal_rcc.o
                                                  build/main.o
HAL_ResumeTick                                    build/stm32f4xx_hal_timebase_TIM.o
HAL_SYSTICK_CLKSourceConfig                       build/stm32f4xx_hal_cortex.o
                                                  build/main.o
HAL_SYSTICK_Callback                              build/stm32f4xx_hal_cortex.o
HAL_SYSTICK_Config                                build/stm32f4xx_hal_cortex.o
                                                  build/stm32f4xx_hal.o
                                                  build/main.o
HAL_SYSTICK_IRQHandler                            build/stm32f4xx_hal_cortex.o
HAL_SuspendTick                                   build/stm32f4xx_hal_timebase_TIM.o
HAL_TIMEx_BreakCallback                           build/stm32f4xx_hal_tim_ex.o
                                                  build/stm32f4xx_hal_tim.o
HAL_TIMEx_CommutationCallback                     build/stm32f4xx_hal_tim_ex.o
                                                  build/stm32f4xx_hal_tim.o
HAL_TIMEx_ConfigBreakDeadTime                     build/stm32f4xx_hal_tim_ex.o
HAL_TIMEx_ConfigCommutationEvent                  build/stm32f4xx_hal_tim_ex.o
HAL_TIMEx_ConfigCommutationEvent_DMA              build/stm32f4xx_hal_tim_ex.o
HAL_TIMEx_ConfigCommutationEvent_IT               build/stm32f4xx_hal_tim_ex.o
HAL_TIMEx_HallSensor_DeInit                       build/stm32f4xx_hal_tim_ex.o
HAL_TIMEx_HallSensor_GetState                     build/stm32f4xx_hal_tim_ex.o
HAL_TIMEx_HallSensor_Init                         build/stm32f4xx_hal_tim_ex.o
HAL_TIMEx_HallSensor_MspDeInit                    build/stm32f4xx_hal_tim_ex.o
HAL_TIMEx_HallSensor_MspInit                      build/stm32f4xx_hal_tim_ex.o
HAL_TIMEx_HallSensor_Start                        build/stm32f4xx_hal_tim_ex.o
HAL_TIMEx_HallSensor_Start_DMA                    build/stm32f4xx_hal_tim_ex.o
HAL_TIMEx_HallSensor_Start_IT                     build/stm32f4xx_hal_tim_ex.o
HAL_TIMEx_HallSensor_Stop                         build/stm32f4xx_hal_tim_ex.o
HAL_TIMEx_HallSensor_Stop_DMA                     build/stm32f4xx_hal_tim_ex.o
HAL_TIMEx_HallSensor_Stop_IT                      build/stm32f4xx_hal_tim_ex.o
HAL_TIMEx_MasterConfigSynchronization             build/stm32f4xx_hal_tim_ex.o
HAL_TIMEx_OCN_Start                               build/stm32f4xx_hal_tim_ex.o
HAL_TIMEx_OCN_Start_DMA                           build/stm32f4xx_hal_tim_ex.o
HAL_TIMEx_OCN_Start_IT                            build/stm32f4xx_hal_tim_ex.o
HAL_TIMEx_OCN_Stop                                build/stm32f4xx_hal_tim_ex.o
HAL_TIMEx_OCN_Stop_DMA                            build/stm32f4xx_hal_tim_ex.o
HAL_TIMEx_OCN_Stop_IT                             build/stm32f4xx_hal_tim_ex.o
HAL_TIMEx_OnePulseN_Start                         build/stm32f4xx_hal_tim_ex.o
HAL_TIMEx_OnePulseN_Start_IT                      build/stm32f4xx_hal_tim_ex.o
HAL_TIMEx_OnePulseN_Stop                          build/stm32f4xx_hal_tim_ex.o
HAL_TIMEx_OnePulseN_Stop_IT                       build/stm32f4xx_hal_tim_ex.o
HAL_TIMEx_PWMN_Start                              build/stm32f4xx_hal_tim_ex.o
HAL_TIMEx_PWMN_Start_DMA                          build/stm32f4xx_hal_tim_ex.o
HAL_TIMEx_PWMN_Start_IT                           build/stm32f4xx_hal_tim_ex.o
HAL_TIMEx_PWMN_Stop                               build/stm32f4xx_hal_tim_ex.o
HAL_TIMEx_PWMN_Stop_DMA                           build/stm32f4xx_hal_tim_ex.o
HAL_TIMEx_PWMN_Stop_IT                            build/stm32f4xx_hal_tim_ex.o
HAL_TIMEx_RemapConfig                             build/stm32f4xx_hal_tim_ex.o
HAL_TIM_Base_DeInit                               build/stm32f4xx_hal_tim.o
HAL_TIM_Base_GetState                             build/stm32f4xx_hal_tim.o
HAL_TIM_Base_Init                                 build/stm32f4xx_hal_tim.o
                                                  build/stm32f4xx_hal_timebase_TIM.o
HAL_TIM_Base_MspDeInit                            build/stm32f4xx_hal_tim.o
HAL_TIM_Base_MspInit                              build/stm32f4xx_hal_tim.o
HAL_TIM_Base_Start                                build/stm32f4xx_hal_tim.o
HAL_TIM_Base_Start_DMA                            build/stm32f4xx_hal_tim.o
HAL_TIM_Base_Start_IT                             build/stm32f4xx_hal_tim.o
                                                  build/stm32f4xx_hal_timebase_TIM.o
HAL_TIM_Base_Stop                                 build/stm32f4xx_hal_tim.o
HAL_TIM_Base_Stop_DMA                             build/stm32f4xx_hal_tim.o
HAL_TIM_Base_Stop_IT                              build/stm32f4xx_hal_tim.o
HAL_TIM_ConfigClockSource                         build/stm32f4xx_hal_tim.o
HAL_TIM_ConfigOCrefClear                          build/stm32f4xx_hal_tim.o
HAL_TIM_ConfigTI1Input                            build/stm32f4xx_hal_tim.o
HAL_TIM_DMABurst_ReadStart                        build/stm32f4xx_hal_tim.o
HAL_TIM_DMABurst_ReadStop                         build/stm32f4xx_hal_tim.o
HAL_TIM_DMABurst_WriteStart                       build/stm32f4xx_hal_tim.o
HAL_TIM_DMABurst_WriteStop                        build/stm32f4xx_hal_tim.o
HAL_TIM_Encoder_DeInit                            build/stm32f4xx_hal_tim.o
HAL_TIM_Encoder_GetState                          build/stm32f4xx_hal_tim.o
HAL_TIM_Encoder_Init                              build/stm32f4xx_hal_tim.o
HAL_TIM_Encoder_MspDeInit                         build/stm32f4xx_hal_tim.o
HAL_TIM_Encoder_MspInit                           build/stm32f4xx_hal_tim.o
HAL_TIM_Encoder_Start                             build/stm32f4xx_hal_tim.o
HAL_TIM_Encoder_Start_DMA                         build/stm32f4xx_hal_tim.o
HAL_TIM_Encoder_Start_IT                          build/stm32f4xx_hal_tim.o
HAL_TIM_Encoder_Stop                              build/stm32f4xx_hal_tim.o
HAL_TIM_Encoder_Stop_DMA                          build/stm32f4xx_hal_tim.o
HAL_TIM_Encoder_Stop_IT                           build/stm32f4xx_hal_tim.o
HAL_TIM_ErrorCallback                             build/stm32f4xx_hal_tim.o
HAL_TIM_GenerateEvent                             build/stm32f4xx_hal_tim.o
HAL_TIM_IC_CaptureCallback                        build/stm32f4xx_hal_tim.o
HAL_TIM_IC_ConfigChannel                          build/stm32f4xx_hal_tim.o
HAL_TIM_IC_DeInit                                 build/stm32f4xx_hal_tim.o
HAL_TIM_IC_GetState                               build/stm32f4xx_hal_tim.o
HAL_TIM_IC_Init                                   build/stm32f4xx_hal_tim.o
HAL_TIM_IC_MspDeInit                              build/stm32f4xx_hal_tim.o
HAL_TIM_IC_MspInit                                build/stm32f4xx_hal_tim.o
HAL_TIM_IC_Start                                  build/stm32f4xx_hal_tim.o
HAL_TIM_IC_Start_DMA                              build/stm32f4xx_hal_tim.o
HAL_TIM_IC_Start_IT                               build/stm32f4xx_hal_tim.o
HAL_TIM_IC_Stop                                   build/stm32f4xx_hal_tim.o
HAL_TIM_IC_Stop_DMA                               build/stm32f4xx_hal_tim.o
HAL_TIM_IC_Stop_IT                                build/stm32f4xx_hal_tim.o
HAL_TIM_IRQHandler                                build/stm32f4xx_hal_tim.o
                                                  build/stm32f4xx_it.o
HAL_TIM_OC_ConfigChannel                          build/stm32f4xx_hal_tim.o
HAL_TIM_OC_DeInit                                 build/stm32f4xx_hal_tim.o
HAL_TIM_OC_DelayElapsedCallback                   build/stm32f4xx_hal_tim.o
HAL_TIM_OC_GetState                               build/stm32f4xx_hal_tim.o
HAL_TIM_OC_Init                                   build/stm32f4xx_hal_tim.o
HAL_TIM_OC_MspDeInit                              build/stm32f4xx_hal_tim.o
HAL_TIM_OC_MspInit                                build/stm32f4xx_hal_tim.o
HAL_TIM_OC_Start                                  build/stm32f4xx_hal_tim.o
HAL_TIM_OC_Start_DMA                              build/stm32f4xx_hal_tim.o
HAL_TIM_OC_Start_IT                               build/stm32f4xx_hal_tim.o
HAL_TIM_OC_Stop                                   build/stm32f4xx_hal_tim.o
HAL_TIM_OC_Stop_DMA                               build/stm32f4xx_hal_tim.o
HAL_TIM_OC_Stop_IT                                build/stm32f4xx_hal_tim.o
HAL_TIM_OnePulse_ConfigChannel                    build/stm32f4xx_hal_tim.o
HAL_TIM_OnePulse_DeInit                           build/stm32f4xx_hal_tim.o
HAL_TIM_OnePulse_GetState                         build/stm32f4xx_hal_tim.o
HAL_TIM_OnePulse_Init                             build/stm32f4xx_hal_tim.o
HAL_TIM_OnePulse_MspDeInit                        build/stm32f4xx_hal_tim.o
HAL_TIM_OnePulse_MspInit                          build/stm32f4xx_hal_tim.o
HAL_TIM_OnePulse_Start                            build/stm32f4xx_hal_tim.o
HAL_TIM_OnePulse_Start_IT                         build/stm32f4xx_hal_tim.o
HAL_TIM_OnePulse_Stop                             build/stm32f4xx_hal_tim.o
HAL_TIM_OnePulse_Stop_IT                          build/stm32f4xx_hal_tim.o
HAL_TIM_PWM_ConfigChannel                         build/stm32f4xx_hal_tim.o
HAL_TIM_PWM_DeInit                                build/stm32f4xx_hal_tim.o
HAL_TIM_PWM_GetState                              build/stm32f4xx_hal_tim.o
HAL_TIM_PWM_Init                                  build/stm32f4xx_hal_tim.o
HAL_TIM_PWM_MspDeInit                             build/stm32f4xx_hal_tim.o
HAL_TIM_PWM_MspInit                               build/stm32f4xx_hal_tim.o
HAL_TIM_PWM_PulseFinishedCallback                 build/stm32f4xx_hal_tim.o
HAL_TIM_PWM_Start                                 build/stm32f4xx_hal_tim.o
HAL_TIM_PWM_Start_DMA                             build/stm32f4xx_hal_tim.o
HAL_TIM_PWM_Start_IT                              build/stm32f4xx_hal_tim.o
HAL_TIM_PWM_Stop                                  build/stm32f4xx_hal_tim.o
HAL_TIM_PWM_Stop_DMA                              build/stm32f4xx_hal_tim.o
HAL_TIM_PWM_Stop_IT                               build/stm32f4xx_hal_tim.o
HAL_TIM_PeriodElapsedCallback                     build/main.o
HAL_TIM_ReadCapturedValue                         build/stm32f4xx_hal_tim.o
HAL_TIM_SlaveConfigSynchronization                build/stm32f4xx_hal_tim.o
HAL_TIM_SlaveConfigSynchronization_IT             build/stm32f4xx_hal_tim.o
HAL_TIM_TriggerCallback                           build/stm32f4xx_hal_tim.o
HardFault_Handler                                 build/startup_stm32f411xe.o
I2C1_ER_IRQHandler                                build/startup_stm32f411xe.o
I2C1_EV_IRQHandler                                build/startup_stm32f411xe.o
I2C2_ER_IRQHandler                                build/startup_stm32f411xe.o
I2C2_EV_IRQHandler                                build/startup_stm32f411xe.o
I2C3_ER_IRQHandler                                build/startup_stm32f411xe.o
I2C3_EV_IRQHandler                                build/startup_stm32f411xe.o
MemManage_Handler                                 build/startup_stm32f411xe.o
NMI_Handler                                       build/startup_stm32f411xe.o
OTG_FS_IRQHandler                                 build/startup_stm32f411xe.o
OTG_FS_WKUP_IRQHandler                            build/startup_stm32f411xe.o
PVD_IRQHandler                                    build/startup_stm32f411xe.o
PendSV_Handler                                    build/port.o
RCC_IRQHandler                                    build/startup_stm32f411xe.o
RTC_Alarm_IRQHandler                              build/startup_stm32f411xe.o
RTC_WKUP_IRQHandler                               build/startup_stm32f411xe.o
Reset_Handler                                     build/startup_stm32f411xe.o
SDIO_IRQHandler                                   build/startup_stm32f411xe.o
SPI1_IRQHandler                                   build/startup_stm32f411xe.o
SPI2_IRQHandler                                   build/startup_stm32f411xe.o
SPI3_IRQHandler                                   build/startup_stm32f411xe.o
SPI4_IRQHandler                                   build/startup_stm32f411xe.o
SPI5_IRQHandler                                   build/startup_stm32f411xe.o
SVC_Handler                                       build/port.o
StartDefaultTask                                  build/main.o
SysTick_Handler                                   build/stm32f4xx_it.o
SystemClock_Config                                build/main.o
SystemCoreClock                                   build/system_stm32f4xx.o
                                                  build/port.o
                                                  build/stm32f4xx_hal.o
                                                  build/stm32f4xx_hal_dma.o
                                                  build/stm32f4xx_hal_rcc_ex.o
                                                  build/stm32f4xx_hal_rcc.o
SystemCoreClockUpdate                             build/system_stm32f4xx.o
SystemInit                                        build/system_stm32f4xx.o
                                                  build/startup_stm32f411xe.o
TAMP_STAMP_IRQHandler                             build/startup_stm32f411xe.o
TIM1_BRK_TIM9_IRQHandler                          build/startup_stm32f411xe.o
TIM1_CC_IRQHandler                                build/startup_stm32f411xe.o
TIM1_TRG_COM_TIM11_IRQHandler                     build/startup_stm32f411xe.o
TIM1_UP_TIM10_IRQHandler                          build/stm32f4xx_it.o
TIM2_IRQHandler                                   build/startup_stm32f411xe.o
TIM3_IRQHandler                                   build/startup_stm32f411xe.o
TIM4_IRQHandler                                   build/startup_stm32f411xe.o
TIM5_IRQHandler                                   build/startup_stm32f411xe.o
TIMEx_DMACommutationCplt                          build/stm32f4xx_hal_tim_ex.o
                                                  build/stm32f4xx_hal_tim.o
TIM_Base_SetConfig                                build/stm32f4xx_hal_tim.o
                                                  build/stm32f4xx_hal_tim_ex.o
TIM_CCxChannelCmd                                 build/stm32f4xx_hal_tim.o
                                                  build/stm32f4xx_hal_tim_ex.o
TIM_DMACaptureCplt                                build/stm32f4xx_hal_tim.o
                                                  build/stm32f4xx_hal_tim_ex.o
TIM_DMADelayPulseCplt                             build/stm32f4xx_hal_tim.o
                                                  build/stm32f4xx_hal_tim_ex.o
TIM_DMAError                                      build/stm32f4xx_hal_tim.o
                                                  build/stm32f4xx_hal_tim_ex.o
TIM_OC2_SetConfig                                 build/stm32f4xx_hal_tim.o
                                                  build/stm32f4xx_hal_tim_ex.o
TIM_TI1_SetConfig                                 build/stm32f4xx_hal_tim.o
                                                  build/stm32f4xx_hal_tim_ex.o
USART1_IRQHandler                                 build/startup_stm32f411xe.o
USART2_IRQHandler                                 build/startup_stm32f411xe.o
USART6_IRQHandler                                 build/startup_stm32f411xe.o
UsageFault_Handler                                build/startup_stm32f411xe.o
WWDG_IRQHandler                                   build/startup_stm32f411xe.o
_Error_Handler                                    build/main.o
_Jv_RegisterClasses                               /opt/gcc4mbed/gcc-arm-none-eabi/bin/../lib/gcc/arm-none-eabi/6.3.1/thumb/v7e-m/fpv4-sp/hard/crtbegin.o
__aeabi_idiv0                                     /opt/gcc4mbed/gcc-arm-none-eabi/bin/../lib/gcc/arm-none-eabi/6.3.1/thumb/v7e-m/fpv4-sp/hard/libgcc.a(_dvmd_tls.o)
__aeabi_ldiv0                                     /opt/gcc4mbed/gcc-arm-none-eabi/bin/../lib/gcc/arm-none-eabi/6.3.1/thumb/v7e-m/fpv4-sp/hard/libgcc.a(_dvmd_tls.o)
                                                  /opt/gcc4mbed/gcc-arm-none-eabi/bin/../lib/gcc/arm-none-eabi/6.3.1/thumb/v7e-m/fpv4-sp/hard/libgcc.a(_aeabi_uldivmod.o)
__aeabi_uldivmod                                  /opt/gcc4mbed/gcc-arm-none-eabi/bin/../lib/gcc/arm-none-eabi/6.3.1/thumb/v7e-m/fpv4-sp/hard/libgcc.a(_aeabi_uldivmod.o)
                                                  build/stm32f4xx_hal_rcc.o
__bss_end__                                       /opt/gcc4mbed/gcc-arm-none-eabi/bin/../lib/gcc/arm-none-eabi/6.3.1/../../../../arm-none-eabi/lib/thumb/v7e-m/fpv4-sp/hard/crt0.o
__bss_start__                                     /opt/gcc4mbed/gcc-arm-none-eabi/bin/../lib/gcc/arm-none-eabi/6.3.1/../../../../arm-none-eabi/lib/thumb/v7e-m/fpv4-sp/hard/crt0.o
__call_exitprocs                                  /opt/gcc4mbed/gcc-arm-none-eabi/bin/../lib/gcc/arm-none-eabi/6.3.1/../../../../arm-none-eabi/lib/thumb/v7e-m/fpv4-sp/hard/libc_nano.a(lib_a-exit.o)
__deregister_frame_info                           /opt/gcc4mbed/gcc-arm-none-eabi/bin/../lib/gcc/arm-none-eabi/6.3.1/thumb/v7e-m/fpv4-sp/hard/crtbegin.o
__dso_handle                                      /opt/gcc4mbed/gcc-arm-none-eabi/bin/../lib/gcc/arm-none-eabi/6.3.1/thumb/v7e-m/fpv4-sp/hard/crtbegin.o
__init_array_end                                  /opt/gcc4mbed/gcc-arm-none-eabi/bin/../lib/gcc/arm-none-eabi/6.3.1/../../../../arm-none-eabi/lib/thumb/v7e-m/fpv4-sp/hard/libc_nano.a(lib_a-init.o)
__init_array_start                                /opt/gcc4mbed/gcc-arm-none-eabi/bin/../lib/gcc/arm-none-eabi/6.3.1/../../../../arm-none-eabi/lib/thumb/v7e-m/fpv4-sp/hard/libc_nano.a(lib_a-init.o)
__libc_fini_array                                 /opt/gcc4mbed/gcc-arm-none-eabi/bin/../lib/gcc/arm-none-eabi/6.3.1/../../../../arm-none-eabi/lib/thumb/v7e-m/fpv4-sp/hard/crt0.o
__libc_init_array                                 /opt/gcc4mbed/gcc-arm-none-eabi/bin/../lib/gcc/arm-none-eabi/6.3.1/../../../../arm-none-eabi/lib/thumb/v7e-m/fpv4-sp/hard/libc_nano.a(lib_a-init.o)
                                                  build/startup_stm32f411xe.o
                                                  /opt/gcc4mbed/gcc-arm-none-eabi/bin/../lib/gcc/arm-none-eabi/6.3.1/../../../../arm-none-eabi/lib/thumb/v7e-m/fpv4-sp/hard/crt0.o
__preinit_array_end                               /opt/gcc4mbed/gcc-arm-none-eabi/bin/../lib/gcc/arm-none-eabi/6.3.1/../../../../arm-none-eabi/lib/thumb/v7e-m/fpv4-sp/hard/libc_nano.a(lib_a-init.o)
__preinit_array_start                             /opt/gcc4mbed/gcc-arm-none-eabi/bin/../lib/gcc/arm-none-eabi/6.3.1/../../../../arm-none-eabi/lib/thumb/v7e-m/fpv4-sp/hard/libc_nano.a(lib_a-init.o)
__register_frame_info                             /opt/gcc4mbed/gcc-arm-none-eabi/bin/../lib/gcc/arm-none-eabi/6.3.1/thumb/v7e-m/fpv4-sp/hard/crtbegin.o
__sf_fake_stderr                                  /opt/gcc4mbed/gcc-arm-none-eabi/bin/../lib/gcc/arm-none-eabi/6.3.1/../../../../arm-none-eabi/lib/thumb/v7e-m/fpv4-sp/hard/libc_nano.a(lib_a-impure.o)
__sf_fake_stdin                                   /opt/gcc4mbed/gcc-arm-none-eabi/bin/../lib/gcc/arm-none-eabi/6.3.1/../../../../arm-none-eabi/lib/thumb/v7e-m/fpv4-sp/hard/libc_nano.a(lib_a-impure.o)
__sf_fake_stdout                                  /opt/gcc4mbed/gcc-arm-none-eabi/bin/../lib/gcc/arm-none-eabi/6.3.1/../../../../arm-none-eabi/lib/thumb/v7e-m/fpv4-sp/hard/libc_nano.a(lib_a-impure.o)
__stack                                           /opt/gcc4mbed/gcc-arm-none-eabi/bin/../lib/gcc/arm-none-eabi/6.3.1/../../../../arm-none-eabi/lib/thumb/v7e-m/fpv4-sp/hard/crt0.o
__udivmoddi4                                      /opt/gcc4mbed/gcc-arm-none-eabi/bin/../lib/gcc/arm-none-eabi/6.3.1/thumb/v7e-m/fpv4-sp/hard/libgcc.a(_udivmoddi4.o)
                                                  /opt/gcc4mbed/gcc-arm-none-eabi/bin/../lib/gcc/arm-none-eabi/6.3.1/thumb/v7e-m/fpv4-sp/hard/libgcc.a(_aeabi_uldivmod.o)
_ebss                                             build/startup_stm32f411xe.o
_edata                                            build/startup_stm32f411xe.o
_estack                                           build/startup_stm32f411xe.o
_exit                                             /opt/gcc4mbed/gcc-arm-none-eabi/bin/../lib/gcc/arm-none-eabi/6.3.1/../../../../arm-none-eabi/lib/thumb/v7e-m/fpv4-sp/hard/libnosys.a(_exit.o)
                                                  /opt/gcc4mbed/gcc-arm-none-eabi/bin/../lib/gcc/arm-none-eabi/6.3.1/../../../../arm-none-eabi/lib/thumb/v7e-m/fpv4-sp/hard/libc_nano.a(lib_a-exit.o)
_fini                                             /opt/gcc4mbed/gcc-arm-none-eabi/bin/../lib/gcc/arm-none-eabi/6.3.1/thumb/v7e-m/fpv4-sp/hard/crti.o
_global_impure_ptr                                /opt/gcc4mbed/gcc-arm-none-eabi/bin/../lib/gcc/arm-none-eabi/6.3.1/../../../../arm-none-eabi/lib/thumb/v7e-m/fpv4-sp/hard/libc_nano.a(lib_a-impure.o)
                                                  /opt/gcc4mbed/gcc-arm-none-eabi/bin/../lib/gcc/arm-none-eabi/6.3.1/../../../../arm-none-eabi/lib/thumb/v7e-m/fpv4-sp/hard/libc_nano.a(lib_a-exit.o)
_impure_ptr                                       /opt/gcc4mbed/gcc-arm-none-eabi/bin/../lib/gcc/arm-none-eabi/6.3.1/../../../../arm-none-eabi/lib/thumb/v7e-m/fpv4-sp/hard/libc_nano.a(lib_a-impure.o)
_init                                             /opt/gcc4mbed/gcc-arm-none-eabi/bin/../lib/gcc/arm-none-eabi/6.3.1/thumb/v7e-m/fpv4-sp/hard/crti.o
                                                  /opt/gcc4mbed/gcc-arm-none-eabi/bin/../lib/gcc/arm-none-eabi/6.3.1/../../../../arm-none-eabi/lib/thumb/v7e-m/fpv4-sp/hard/libc_nano.a(lib_a-init.o)
_mainCRTStartup                                   /opt/gcc4mbed/gcc-arm-none-eabi/bin/../lib/gcc/arm-none-eabi/6.3.1/../../../../arm-none-eabi/lib/thumb/v7e-m/fpv4-sp/hard/crt0.o
_sbss                                             build/startup_stm32f411xe.o
_sdata                                            build/startup_stm32f411xe.o
_sidata                                           build/startup_stm32f411xe.o
_start                                            /opt/gcc4mbed/gcc-arm-none-eabi/bin/../lib/gcc/arm-none-eabi/6.3.1/../../../../arm-none-eabi/lib/thumb/v7e-m/fpv4-sp/hard/crt0.o
atexit                                            /opt/gcc4mbed/gcc-arm-none-eabi/bin/../lib/gcc/arm-none-eabi/6.3.1/../../../../arm-none-eabi/lib/thumb/v7e-m/fpv4-sp/hard/crt0.o
blinkLightsTask                                   build/main.o
blinkLightsTaskHandle                             build/main.o
defaultTaskHandle                                 build/main.o
exit                                              /opt/gcc4mbed/gcc-arm-none-eabi/bin/../lib/gcc/arm-none-eabi/6.3.1/../../../../arm-none-eabi/lib/thumb/v7e-m/fpv4-sp/hard/libc_nano.a(lib_a-exit.o)
                                                  /opt/gcc4mbed/gcc-arm-none-eabi/bin/../lib/gcc/arm-none-eabi/6.3.1/../../../../arm-none-eabi/lib/thumb/v7e-m/fpv4-sp/hard/crt0.o
g_pfnVectors                                      build/startup_stm32f411xe.o
hardware_init_hook                                /opt/gcc4mbed/gcc-arm-none-eabi/bin/../lib/gcc/arm-none-eabi/6.3.1/../../../../arm-none-eabi/lib/thumb/v7e-m/fpv4-sp/hard/crt0.o
htim1                                             build/stm32f4xx_hal_timebase_TIM.o
                                                  build/stm32f4xx_it.o
main                                              build/main.o
                                                  build/startup_stm32f411xe.o
                                                  /opt/gcc4mbed/gcc-arm-none-eabi/bin/../lib/gcc/arm-none-eabi/6.3.1/../../../../arm-none-eabi/lib/thumb/v7e-m/fpv4-sp/hard/crt0.o
memcpy                                            /opt/gcc4mbed/gcc-arm-none-eabi/bin/../lib/gcc/arm-none-eabi/6.3.1/../../../../arm-none-eabi/lib/thumb/v7e-m/fpv4-sp/hard/libc_nano.a(lib_a-memcpy-stub.o)
                                                  build/queue.o
memset                                            /opt/gcc4mbed/gcc-arm-none-eabi/bin/../lib/gcc/arm-none-eabi/6.3.1/../../../../arm-none-eabi/lib/thumb/v7e-m/fpv4-sp/hard/libc_nano.a(lib_a-memset.o)
                                                  build/cmsis_os.o
                                                  /opt/gcc4mbed/gcc-arm-none-eabi/bin/../lib/gcc/arm-none-eabi/6.3.1/../../../../arm-none-eabi/lib/thumb/v7e-m/fpv4-sp/hard/crt0.o
osAbortDelay                                      build/cmsis_os.o
osDelay                                           build/cmsis_os.o
                                                  build/main.o
osDelayUntil                                      build/cmsis_os.o
                                                  build/main.o
osKernelRunning                                   build/cmsis_os.o
osKernelStart                                     build/cmsis_os.o
                                                  build/main.o
osKernelSysTick                                   build/cmsis_os.o
                                                  build/main.o
osMailAlloc                                       build/cmsis_os.o
osMailCAlloc                                      build/cmsis_os.o
osMailCreate                                      build/cmsis_os.o
osMailFree                                        build/cmsis_os.o
osMailGet                                         build/cmsis_os.o
osMailPut                                         build/cmsis_os.o
osMessageAvailableSpace                           build/cmsis_os.o
osMessageCreate                                   build/cmsis_os.o
osMessageDelete                                   build/cmsis_os.o
osMessageGet                                      build/cmsis_os.o
osMessagePeek                                     build/cmsis_os.o
osMessagePut                                      build/cmsis_os.o
osMessageWaiting                                  build/cmsis_os.o
osMutexCreate                                     build/cmsis_os.o
osMutexDelete                                     build/cmsis_os.o
osMutexRelease                                    build/cmsis_os.o
osMutexWait                                       build/cmsis_os.o
osPoolAlloc                                       build/cmsis_os.o
osPoolCAlloc                                      build/cmsis_os.o
osPoolCreate                                      build/cmsis_os.o
osPoolFree                                        build/cmsis_os.o
osRecursiveMutexCreate                            build/cmsis_os.o
osRecursiveMutexRelease                           build/cmsis_os.o
osRecursiveMutexWait                              build/cmsis_os.o
osSemaphoreCreate                                 build/cmsis_os.o
osSemaphoreDelete                                 build/cmsis_os.o
osSemaphoreGetCount                               build/cmsis_os.o
osSemaphoreRelease                                build/cmsis_os.o
osSemaphoreWait                                   build/cmsis_os.o
osSignalSet                                       build/cmsis_os.o
osSignalWait                                      build/cmsis_os.o
osSystickHandler                                  build/cmsis_os.o
                                                  build/stm32f4xx_it.o
osThreadCreate                                    build/cmsis_os.o
                                                  build/main.o
osThreadGetId                                     build/cmsis_os.o
osThreadGetPriority                               build/cmsis_os.o
osThreadList                                      build/cmsis_os.o
osThreadResume                                    build/cmsis_os.o
osThreadResumeAll                                 build/cmsis_os.o
osThreadSetPriority                               build/cmsis_os.o
osThreadSuspend                                   build/cmsis_os.o
osThreadSuspendAll                                build/cmsis_os.o
osThreadTerminate                                 build/cmsis_os.o
osThreadYield                                     build/cmsis_os.o
osTimerCreate                                     build/cmsis_os.o
osTimerDelete                                     build/cmsis_os.o
osTimerStart                                      build/cmsis_os.o
osTimerStop                                       build/cmsis_os.o
pFlash                                            build/stm32f4xx_hal_flash.o
                                                  build/stm32f4xx_hal_flash_ex.o
pcQueueGetName                                    build/queue.o
pcTaskGetName                                     build/tasks.o
pvPortMalloc                                      build/heap_4.o
                                                  build/cmsis_os.o
                                                  build/tasks.o
                                                  build/event_groups.o
                                                  build/queue.o
pvTaskIncrementMutexHeldCount                     build/tasks.o
                                                  build/queue.o
pxCurrentTCB                                      build/tasks.o
                                                  build/port.o
pxPortInitialiseStack                             build/port.o
                                                  build/tasks.o
software_init_hook                                /opt/gcc4mbed/gcc-arm-none-eabi/bin/../lib/gcc/arm-none-eabi/6.3.1/../../../../arm-none-eabi/lib/thumb/v7e-m/fpv4-sp/hard/crt0.o
ulTaskNotifyTake                                  build/tasks.o
uwIncrementState                                  build/stm32f4xx_hal_timebase_TIM.o
uwTick                                            build/stm32f4xx_hal.o
uxListRemove                                      build/list.o
                                                  build/tasks.o
uxQueueMessagesWaiting                            build/queue.o
                                                  build/cmsis_os.o
uxQueueMessagesWaitingFromISR                     build/queue.o
                                                  build/cmsis_os.o
uxQueueSpacesAvailable                            build/queue.o
                                                  build/cmsis_os.o
uxTaskGetNumberOfTasks                            build/tasks.o
uxTaskPriorityGet                                 build/tasks.o
                                                  build/cmsis_os.o
uxTaskPriorityGetFromISR                          build/tasks.o
                                                  build/cmsis_os.o
uxTaskResetEventItemValue                         build/tasks.o
                                                  build/event_groups.o
vEventGroupClearBitsCallback                      build/event_groups.o
vEventGroupDelete                                 build/event_groups.o
vEventGroupSetBitsCallback                        build/event_groups.o
vListInitialise                                   build/list.o
                                                  build/tasks.o
                                                  build/event_groups.o
                                                  build/queue.o
vListInitialiseItem                               build/list.o
                                                  build/tasks.o
vListInsert                                       build/list.o
                                                  build/tasks.o
vListInsertEnd                                    build/list.o
                                                  build/tasks.o
vPortEndScheduler                                 build/port.o
                                                  build/tasks.o
vPortEnterCritical                                build/port.o
                                                  build/cmsis_os.o
                                                  build/tasks.o
                                                  build/event_groups.o
                                                  build/queue.o
vPortExitCritical                                 build/port.o
                                                  build/cmsis_os.o
                                                  build/tasks.o
                                                  build/event_groups.o